--------- beginning of events
01-23 14:36:14.143   770   770 I liblog  : 1
01-23 14:36:14.172   785   785 I snet_event_log: [121035042,-1,]
01-23 14:36:14.175   785   785 I auditd  : Multiple same specifications for vendor.sunmi.systool.ISystool/default.
01-23 14:36:14.175   785   785 I auditd  : Multiple same specifications for vendor.qti.gnss.ILocAidlGnss/default.
01-23 14:36:14.176   785   785 I auditd  : SELinux: Loaded service context from:
01-23 14:36:14.176   785   785 I auditd  : 		/system/etc/selinux/plat_service_contexts
01-23 14:36:14.176   785   785 I auditd  : 		/system_ext/etc/selinux/system_ext_service_contexts
01-23 14:36:14.176   785   785 I auditd  : 		/product/etc/selinux/product_service_contexts
01-23 14:36:14.176   785   785 I auditd  : 		/vendor/etc/selinux/vendor_service_contexts
01-01 08:00:00.176   783   783 I auditd  : type=2000 audit(0.0:1): state=initialized audit_enabled=0 res=1
01-23 14:36:14.190   787   787 I snet_event_log: [121035042,-1,]
01-01 08:00:02.379   783   783 I auditd  : type=1403 audit(0.0:2): auid=4294967295 ses=4294967295 lsm=selinux res=1
01-01 08:00:02.391   783   783 I auditd  : type=1404 audit(0.0:3): enforcing=1 old_enforcing=0 auid=4294967295 ses=4294967295 enabled=1 old-enabled=1 lsm=selinux res=1
01-01 08:00:02.439     1     1 I auditd  : type=1107 audit(0.0:4): uid=0 auid=4294967295 ses=4294967295 subj=u:r:init:s0 msg='avc:  denied  { set } for property=ro.adb.secure pid=1 uid=0 gid=0 scontext=u:r:vendor_init:s0 tcontext=u:object_r:build_prop:s0 tclass=property_service permissive=0'
01-01 08:00:02.439     1     1 I auditd  : type=1107 audit(0.0:5): uid=0 auid=4294967295 ses=4294967295 subj=u:r:init:s0 msg='avc:  denied  { set } for property=ro.surface_flinger.game_default_frame_rate_override pid=1 uid=0 gid=0 scontext=u:r:vendor_init:s0 tcontext=u:object_r:default_prop:s0 tclass=property_service permissive=0'
01-01 08:00:02.439     1     1 I auditd  : type=1107 audit(0.0:6): uid=0 auid=4294967295 ses=4294967295 subj=u:r:init:s0 msg='avc:  denied  { set } for property=persist.backup.ntpServer pid=1 uid=0 gid=0 scontext=u:r:vendor_init:s0 tcontext=u:object_r:default_prop:s0 tclass=property_service permissive=0'
01-01 08:00:02.443     1     1 I auditd  : type=1107 audit(0.0:7): uid=0 auid=4294967295 ses=4294967295 subj=u:r:init:s0 msg='avc:  denied  { set } for property=ro.qc.sdk.audio.ssr pid=1 uid=0 gid=0 scontext=u:r:vendor_init:s0 tcontext=u:object_r:default_prop:s0 tclass=property_service permissive=0'
01-01 08:00:02.443     1     1 I auditd  : type=1107 audit(0.0:8): uid=0 auid=4294967295 ses=4294967295 subj=u:r:init:s0 msg='avc:  denied  { set } for property=ro.qc.sdk.audio.fluencetype pid=1 uid=0 gid=0 scontext=u:r:vendor_init:s0 tcontext=u:object_r:default_prop:s0 tclass=property_service permissive=0'
01-01 08:00:02.443     1     1 I auditd  : type=1107 audit(0.0:9): uid=0 auid=4294967295 ses=4294967295 subj=u:r:init:s0 msg='avc:  denied  { set } for property=persist.audio.fluence.voicecall pid=1 uid=0 gid=0 scontext=u:r:vendor_init:s0 tcontext=u:object_r:audio_prop:s0 tclass=property_service permissive=0'
01-01 08:00:02.443     1     1 I auditd  : type=1107 audit(0.0:10): uid=0 auid=4294967295 ses=4294967295 subj=u:r:init:s0 msg='avc:  denied  { set } for property=persist.audio.fluence.voicerec pid=1 uid=0 gid=0 scontext=u:r:vendor_init:s0 tcontext=u:object_r:audio_prop:s0 tclass=property_service permissive=0'
01-23 14:36:14.236   785   785 I auditd  : avc:  denied  { find } for pid=784 uid=1069 name=vendor.qti.hardware.perf2.IPerf/default scontext=u:r:lmkd:s0 tcontext=u:object_r:default_android_service:s0 tclass=service_manager permissive=0
01-23 14:36:14.238   785   785 I auditd  : avc:  denied  { find } for pid=784 uid=1069 name=vendor.qti.hardware.perf2.IPerf/default scontext=u:r:lmkd:s0 tcontext=u:object_r:default_android_service:s0 tclass=service_manager permissive=0
01-23 14:36:14.239   785   785 I auditd  : avc:  denied  { find } for pid=784 uid=1069 name=vendor.qti.hardware.perf2.IPerf/default scontext=u:r:lmkd:s0 tcontext=u:object_r:default_android_service:s0 tclass=service_manager permissive=0
01-23 14:36:14.240   785   785 I auditd  : avc:  denied  { find } for pid=784 uid=1069 name=vendor.qti.hardware.perf2.IPerf/default scontext=u:r:lmkd:s0 tcontext=u:object_r:default_android_service:s0 tclass=service_manager permissive=0
01-23 14:36:14.241   785   785 I auditd  : avc:  denied  { find } for pid=784 uid=1069 name=vendor.qti.hardware.perf2.IPerf/default scontext=u:r:lmkd:s0 tcontext=u:object_r:default_android_service:s0 tclass=service_manager permissive=0
01-23 14:36:14.243   785   785 I auditd  : avc:  denied  { find } for pid=784 uid=1069 name=vendor.qti.hardware.perf2.IPerf/default scontext=u:r:lmkd:s0 tcontext=u:object_r:default_android_service:s0 tclass=service_manager permissive=0
01-23 14:36:14.244   785   785 I auditd  : avc:  denied  { find } for pid=784 uid=1069 name=vendor.qti.hardware.perf2.IPerf/default scontext=u:r:lmkd:s0 tcontext=u:object_r:default_android_service:s0 tclass=service_manager permissive=0
01-23 14:36:14.245   785   785 I auditd  : avc:  denied  { find } for pid=784 uid=1069 name=vendor.qti.hardware.perf2.IPerf/default scontext=u:r:lmkd:s0 tcontext=u:object_r:default_android_service:s0 tclass=service_manager permissive=0
01-23 14:36:14.246   785   785 I auditd  : avc:  denied  { find } for pid=784 uid=1069 name=vendor.qti.hardware.perf2.IPerf/default scontext=u:r:lmkd:s0 tcontext=u:object_r:default_android_service:s0 tclass=service_manager permissive=0
01-23 14:36:14.247   785   785 I auditd  : avc:  denied  { find } for pid=784 uid=1069 name=vendor.qti.hardware.perf2.IPerf/default scontext=u:r:lmkd:s0 tcontext=u:object_r:default_android_service:s0 tclass=service_manager permissive=0
01-23 14:36:14.248   785   785 I auditd  : avc:  denied  { find } for pid=784 uid=1069 name=vendor.qti.hardware.perf2.IPerf/default scontext=u:r:lmkd:s0 tcontext=u:object_r:default_android_service:s0 tclass=service_manager permissive=0
01-23 14:36:14.249   785   785 I auditd  : avc:  denied  { find } for pid=784 uid=1069 name=vendor.qti.hardware.perf2.IPerf/default scontext=u:r:lmkd:s0 tcontext=u:object_r:default_android_service:s0 tclass=service_manager permissive=0
01-23 14:36:14.250   785   785 I auditd  : avc:  denied  { find } for pid=784 uid=1069 name=vendor.qti.hardware.perf2.IPerf/default scontext=u:r:lmkd:s0 tcontext=u:object_r:default_android_service:s0 tclass=service_manager permissive=0
01-23 14:36:14.251   785   785 I auditd  : avc:  denied  { find } for pid=784 uid=1069 name=vendor.qti.hardware.perf2.IPerf/default scontext=u:r:lmkd:s0 tcontext=u:object_r:default_android_service:s0 tclass=service_manager permissive=0
01-23 14:36:14.253   785   785 I auditd  : avc:  denied  { find } for pid=784 uid=1069 name=vendor.qti.hardware.perf2.IPerf/default scontext=u:r:lmkd:s0 tcontext=u:object_r:default_android_service:s0 tclass=service_manager permissive=0
01-23 14:36:14.254   785   785 I auditd  : avc:  denied  { find } for pid=784 uid=1069 name=vendor.qti.hardware.perf2.IPerf/default scontext=u:r:lmkd:s0 tcontext=u:object_r:default_android_service:s0 tclass=service_manager permissive=0
01-23 14:36:14.256   785   785 I auditd  : avc:  denied  { find } for pid=784 uid=1069 name=vendor.qti.hardware.perf2.IPerf/default scontext=u:r:lmkd:s0 tcontext=u:object_r:default_android_service:s0 tclass=service_manager permissive=0
01-23 14:36:14.260   785   785 I auditd  : avc:  denied  { find } for pid=784 uid=1069 name=vendor.qti.hardware.perf2.IPerf/default scontext=u:r:lmkd:s0 tcontext=u:object_r:default_android_service:s0 tclass=service_manager permissive=0
01-23 14:36:14.262   785   785 I auditd  : avc:  denied  { find } for pid=784 uid=1069 name=vendor.qti.hardware.perf2.IPerf/default scontext=u:r:lmkd:s0 tcontext=u:object_r:default_android_service:s0 tclass=service_manager permissive=0
01-23 14:36:14.263   785   785 I auditd  : avc:  denied  { find } for pid=784 uid=1069 name=vendor.qti.hardware.perf2.IPerf/default scontext=u:r:lmkd:s0 tcontext=u:object_r:default_android_service:s0 tclass=service_manager permissive=0
01-23 14:36:14.263   785   785 I auditd  : avc:  denied  { find } for pid=784 uid=1069 name=vendor.qti.hardware.perf2.IPerf/default scontext=u:r:lmkd:s0 tcontext=u:object_r:default_android_service:s0 tclass=service_manager permissive=0
01-23 14:36:14.264   785   785 I auditd  : avc:  denied  { find } for pid=784 uid=1069 name=vendor.qti.hardware.perf2.IPerf/default scontext=u:r:lmkd:s0 tcontext=u:object_r:default_android_service:s0 tclass=service_manager permissive=0
01-23 14:36:14.265   785   785 I auditd  : avc:  denied  { find } for pid=784 uid=1069 name=vendor.qti.hardware.perf2.IPerf/default scontext=u:r:lmkd:s0 tcontext=u:object_r:default_android_service:s0 tclass=service_manager permissive=0
01-23 14:36:14.267   785   785 I auditd  : avc:  denied  { find } for pid=784 uid=1069 name=vendor.qti.hardware.perf2.IPerf/default scontext=u:r:lmkd:s0 tcontext=u:object_r:default_android_service:s0 tclass=service_manager permissive=0
01-23 14:36:14.279   827   827 I auditd  : type=1400 audit(0.0:19): avc:  denied  { ptrace } for  comm="crash_dump64" scontext=u:r:crash_dump:s0 tcontext=u:r:init:s0 tclass=process permissive=0
01-23 14:36:14.319   828   828 I auditd  : type=1400 audit(0.0:20): avc:  denied  { read write } for  comm="qseecomd" name="0:0:0:0" dev="tmpfs" ino=863 scontext=u:r:tee:s0 tcontext=u:object_r:device:s0 tclass=chr_file permissive=0
01-23 14:36:14.319   828   828 I auditd  : type=1400 audit(0.0:21): avc:  denied  { read } for  comm="qseecomd" name="sda" dev="tmpfs" ino=956 scontext=u:r:tee:s0 tcontext=u:object_r:vendor_gpt_block_device:s0 tclass=blk_file permissive=0
01-23 14:36:14.319   828   828 I auditd  : type=1400 audit(0.0:22): avc:  denied  { read write } for  comm="qseecomd" name="0:0:0:2" dev="tmpfs" ino=683 scontext=u:r:tee:s0 tcontext=u:object_r:device:s0 tclass=chr_file permissive=0
01-23 14:36:14.319   828   828 I auditd  : type=1400 audit(0.0:23): avc:  denied  { read } for  comm="qseecomd" name="sdc" dev="tmpfs" ino=747 scontext=u:r:tee:s0 tcontext=u:object_r:vendor_xbl_block_device:s0 tclass=blk_file permissive=0
01-23 14:36:14.323   828   828 I auditd  : type=1400 audit(0.0:24): avc:  denied  { read write } for  comm="qseecomd" name="0:0:0:1" dev="tmpfs" ino=693 scontext=u:r:tee:s0 tcontext=u:object_r:device:s0 tclass=chr_file permissive=0
01-23 14:36:14.327   828   828 I auditd  : type=1400 audit(0.0:25): avc:  denied  { read } for  comm="qseecomd" name="sdb" dev="tmpfs" ino=555 scontext=u:r:tee:s0 tcontext=u:object_r:vendor_xbl_block_device:s0 tclass=blk_file permissive=0
01-23 14:36:14.327   828   828 I auditd  : type=1400 audit(0.0:26): avc:  denied  { read write } for  comm="qseecomd" name="0:0:0:3" dev="tmpfs" ino=603 scontext=u:r:tee:s0 tcontext=u:object_r:device:s0 tclass=chr_file permissive=0
01-23 14:36:14.327   828   828 I auditd  : type=1400 audit(0.0:27): avc:  denied  { read } for  comm="qseecomd" name="sdd" dev="tmpfs" ino=547 scontext=u:r:tee:s0 tcontext=u:object_r:vendor_gpt_block_device:s0 tclass=blk_file permissive=0
01-23 14:36:14.327   828   828 I auditd  : type=1400 audit(0.0:28): avc:  denied  { read write } for  comm="qseecomd" name="0:0:0:5" dev="tmpfs" ino=602 scontext=u:r:tee:s0 tcontext=u:object_r:device:s0 tclass=chr_file permissive=0
01-23 14:36:14.327   828   828 I auditd  : type=1400 audit(0.0:29): avc:  denied  { read } for  comm="qseecomd" name="sdf" dev="tmpfs" ino=650 scontext=u:r:tee:s0 tcontext=u:object_r:block_device:s0 tclass=blk_file permissive=0
01-23 14:36:15.876   883   883 I auditd  : SELinux: Loaded keystore2 context from:
01-23 14:36:15.876   883   883 I auditd  : 		/system/etc/selinux/plat_keystore2_key_contexts
01-23 14:36:17.211     1     1 I auditd  : type=1400 audit(0.0:30): avc:  denied  { create } for  comm="init" name="lib" scontext=u:r:init:s0 tcontext=u:object_r:system_lib_file:s0 tclass=dir permissive=0
01-23 14:36:17.215     1     1 I auditd  : type=1400 audit(0.0:31): avc:  denied  { create } for  comm="init" name="lib64" scontext=u:r:init:s0 tcontext=u:object_r:system_lib_file:s0 tclass=dir permissive=0
01-23 14:36:17.219     1     1 I auditd  : type=1107 audit(0.0:32): uid=0 auid=4294967295 ses=4294967295 subj=u:r:init:s0 msg='avc:  denied  { set } for property=ro.nfc.port pid=269 uid=0 gid=0 scontext=u:r:vendor_init:s0 tcontext=u:object_r:default_prop:s0 tclass=property_service permissive=0'
01-23 14:36:17.239     1     1 I auditd  : type=1400 audit(0.0:33): avc:  denied  { getattr } for  comm="init" path="/product/bin/init.qti.display.sh" dev="dm-13" ino=140 scontext=u:r:init:s0 tcontext=u:object_r:vendor_sys_qti_display_exec:s0 tclass=file permissive=0
03-31 23:27:58.060     1     1 I auditd  : type=1400 audit(0.0:34): avc:  denied  { write } for  comm="init" name="discard_max_bytes" dev="sysfs" ino=54898 scontext=u:r:init:s0 tcontext=u:object_r:sysfs:s0 tclass=file permissive=0
03-31 23:27:58.064     1     1 I auditd  : type=1400 audit(0.0:35): avc:  denied  { setattr } for  comm="init" name="serial" dev="tmpfs" ino=1256 scontext=u:r:init:s0 tcontext=u:object_r:device:s0 tclass=lnk_file permissive=0
03-31 23:27:58.308  1202  1202 I auditd  : type=1400 audit(0.0:36): avc:  denied  { read } for  comm="vendor.nxp.emvc" name="u:object_r:default_prop:s0" dev="tmpfs" ino=184 scontext=u:r:hal_emvco_default:s0 tcontext=u:object_r:default_prop:s0 tclass=file permissive=0
03-31 23:27:58.308  1202  1202 I auditd  : type=1400 audit(0.0:37): avc:  denied  { read } for  comm="vendor.nxp.emvc" name="u:object_r:default_prop:s0" dev="tmpfs" ino=184 scontext=u:r:hal_emvco_default:s0 tcontext=u:object_r:default_prop:s0 tclass=file permissive=0
03-31 23:27:58.308  1202  1202 I auditd  : type=1400 audit(0.0:38): avc:  denied  { read } for  comm="vendor.nxp.emvc" name="u:object_r:default_prop:s0" dev="tmpfs" ino=184 scontext=u:r:hal_emvco_default:s0 tcontext=u:object_r:default_prop:s0 tclass=file permissive=0
03-31 23:27:58.332  1202  1202 I auditd  : type=1400 audit(0.0:39): avc:  denied  { read } for  comm="vendor.nxp.emvc" name="u:object_r:default_prop:s0" dev="tmpfs" ino=184 scontext=u:r:hal_emvco_default:s0 tcontext=u:object_r:default_prop:s0 tclass=file permissive=0
03-31 23:27:58.332  1202  1202 I auditd  : type=1400 audit(0.0:40): avc:  denied  { read } for  comm="vendor.nxp.emvc" name="u:object_r:default_prop:s0" dev="tmpfs" ino=184 scontext=u:r:hal_emvco_default:s0 tcontext=u:object_r:default_prop:s0 tclass=file permissive=0
03-31 23:27:58.408  1203  1203 I auditd  : type=1400 audit(0.0:41): avc:  denied  { read } for  comm="vendor.qti.hard" name="u:object_r:vendor_cap_configstore_dbg_prop:s0" dev="tmpfs" ino=388 scontext=u:r:vendor_hal_capabilityconfigstore_qti_default:s0 tcontext=u:object_r:vendor_cap_configstore_dbg_prop:s0 tclass=file permissive=0
--------- beginning of radio
03-31 23:27:58.779  1167  1337 D RilApiSession: [RilApiSession.cpp: 91] [Loc_hal_worker(1167,1337)] initialize: Initializing RIL API session.
03-31 23:27:58.779  1167  1337 D RilApiSession: [RilApiSession.cpp: 41] [Loc_hal_worker(1167,1337)] createUnixSocket: Socket FD: 22
03-31 23:27:58.779  1167  1337 D RilApiSession: [RilApiSession.cpp: 53] [Loc_hal_worker(1167,1337)] createUnixSocket: Failed to connect to the server. Error: No such file or directory
03-31 23:27:58.797  1088  1088 I boot_progress_start: 8909
03-31 23:27:59.002  1148  1148 I liblog  : 51
03-31 23:27:59.002  1148  1148 I liblog  : 1
03-31 23:27:59.002  1148  1148 I liblog  : 1
03-31 23:27:59.002  1148  1148 I liblog  : 3
03-31 23:27:59.002  1148  1148 I liblog  : 2
03-31 23:27:59.002  1148  1148 I liblog  : 2
03-31 23:27:59.002  1148  1148 I liblog  : 2
03-31 23:27:59.002  1148  1148 I liblog  : 3
03-31 23:27:59.002  1148  1148 I liblog  : 2
03-31 23:27:59.002  1148  1148 I liblog  : 1
03-31 23:27:59.002  1148  1148 I liblog  : 1
03-31 23:27:59.002  1148  1148 I liblog  : 2
03-31 23:27:59.003  1148  1148 I liblog  : 2
03-31 23:27:59.003  1148  1148 I liblog  : 3
03-31 23:27:59.003  1148  1148 I liblog  : 1
03-31 23:27:59.003  1148  1148 I liblog  : 1
03-31 23:27:59.003  1148  1148 I liblog  : 3
03-31 23:27:59.003  1148  1148 I liblog  : 3
03-31 23:27:59.003  1148  1148 I liblog  : 1
03-31 23:27:59.003  1148  1148 I liblog  : 3
03-31 23:27:59.003  1148  1148 I liblog  : 1
03-31 23:27:59.003  1148  1148 I liblog  : 3
03-31 23:27:59.003  1148  1148 I liblog  : 3
03-31 23:27:59.003  1148  1148 I liblog  : 1
03-31 23:27:59.003  1148  1148 I liblog  : 3
03-31 23:27:59.003  1148  1148 I liblog  : 1
03-31 23:27:59.003  1148  1148 I liblog  : 1
03-31 23:27:59.003  1148  1148 I liblog  : 3
03-31 23:27:59.003  1148  1148 I liblog  : 2
03-31 23:27:59.003  1148  1148 I liblog  : 1
03-31 23:27:59.003  1148  1148 I liblog  : 4
03-31 23:27:59.003  1148  1148 I liblog  : 2
03-31 23:27:59.003  1148  1148 I liblog  : 4
03-31 23:27:59.003  1148  1148 I liblog  : 3
03-31 23:27:59.003  1148  1148 I liblog  : 4
03-31 23:27:59.003  1148  1148 I liblog  : 1
03-31 23:27:59.003  1148  1148 I liblog  : 3
03-31 23:27:59.003  1148  1148 I liblog  : 1
03-31 23:27:59.003  1148  1148 I liblog  : 3
03-31 23:27:59.003  1148  1148 I liblog  : 1
03-31 23:27:59.003  1148  1148 I liblog  : 3
03-31 23:27:59.003  1148  1148 I liblog  : 1
03-31 23:27:59.003  1148  1148 I liblog  : 1
03-31 23:27:59.003  1148  1148 I liblog  : 3
03-31 23:27:59.003  1148  1148 I liblog  : 3
03-31 23:27:59.003  1148  1148 I liblog  : 1
03-31 23:27:59.003  1148  1148 I liblog  : 3
03-31 23:27:59.003  1148  1148 I liblog  : 2
03-31 23:27:59.003  1148  1148 I liblog  : 2
03-31 23:27:59.016   785   785 I auditd  : avc:  denied  { find } for pid=1265 uid=1000 name=vendor.qti.hardware.perf2.IPerf/default scontext=u:r:surfaceflinger:s0 tcontext=u:object_r:default_android_service:s0 tclass=service_manager permissive=0
03-31 23:27:59.268  1429  1429 I auditd  : type=1400 audit(0.0:42): avc:  denied  { read } for  comm="journey_diag_ex" name="u:object_r:vendor_default_prop:s0" dev="tmpfs" ino=413 scontext=u:r:vendor_mmi_sys:s0 tcontext=u:object_r:vendor_default_prop:s0 tclass=file permissive=0
03-31 23:27:59.332   785   785 I auditd  : avc:  denied  { find } for pid=1449 uid=1000 name=vendor.qti.hardware.dpmaidlservice.IDpmService/default scontext=u:r:vendor_tcmd:s0 tcontext=u:object_r:default_android_service:s0 tclass=service_manager permissive=0
03-31 23:27:59.348  1447  1447 I auditd  : type=1400 audit(0.0:43): avc:  denied  { write } for  comm="atrace" name="enable" dev="tracefs" ino=9074 scontext=u:r:atrace:s0 tcontext=u:object_r:debugfs_tracing_debug:s0 tclass=file permissive=0
03-31 23:27:59.616  1089  1089 I snet_event_log: [200284993,-1,]
03-31 23:28:00.199  1088  1088 I snet_event_log: [200284993,-1,]
03-31 23:28:00.336     1     1 I auditd  : type=1107 audit(0.0:44): uid=0 auid=4294967295 ses=4294967295 subj=u:r:init:s0 msg='avc:  denied  { set } for property=ro.sunmi.crp_custom.verified pid=1518 uid=0 gid=0 scontext=u:r:systoolserver:s0 tcontext=u:object_r:default_prop:s0 tclass=property_service permissive=0'
03-31 23:28:00.376  1792  1792 I auditd  : type=1400 audit(0.0:45): avc:  denied  { read } for  comm="adbd" name="u:object_r:vendor_default_prop:s0" dev="tmpfs" ino=413 scontext=u:r:adbd:s0 tcontext=u:object_r:vendor_default_prop:s0 tclass=file permissive=0
03-31 23:28:00.412  1144  1144 I auditd  : type=1400 audit(0.0:46): avc:  denied  { read } for  comm="binder:1144_2" name="u:object_r:vendor_pd_locater_dbg_prop:s0" dev="tmpfs" ino=450 scontext=u:r:hal_audio_default:s0 tcontext=u:object_r:vendor_pd_locater_dbg_prop:s0 tclass=file permissive=0
03-31 23:28:00.433  1479  1479 D RILD    : **RIL Daemon Started**
03-31 23:28:00.433  1479  1479 D RILD    : **RILd param count=1**
03-31 23:28:00.452  1144  1144 I auditd  : type=1400 audit(0.0:47): avc:  denied  { read } for  comm="binder:1144_2" name="u:object_r:vendor_pd_locater_dbg_prop:s0" dev="tmpfs" ino=450 scontext=u:r:hal_audio_default:s0 tcontext=u:object_r:vendor_pd_locater_dbg_prop:s0 tclass=file permissive=0
03-31 23:28:00.500  1483  1483 D RILD    : **RIL Daemon Started**
03-31 23:28:00.501  1483  1483 D RILD    : **RILd param count=3**
03-31 23:28:00.632  1875  1875 I auditd  : type=1400 audit(0.0:48): avc:  denied  { relabelfrom } for  comm="restorecon" name="customer" dev="dm-49" ino=431 scontext=u:r:systoolserver:s0 tcontext=u:object_r:cache_customer:s0 tclass=lnk_file permissive=0
03-31 23:28:00.725  1088  1088 I boot_progress_preload_start: 10837
03-31 23:28:00.780  1167  1337 D RilApiSession: [RilApiSession.cpp: 91] [Loc_hal_worker(1167,1337)] initialize: Initializing RIL API session.
03-31 23:28:00.780  1167  1337 D RilApiSession: [RilApiSession.cpp: 41] [Loc_hal_worker(1167,1337)] createUnixSocket: Socket FD: 28
03-31 23:28:00.780  1167  1337 D RilApiSession: [RilApiSession.cpp: 53] [Loc_hal_worker(1167,1337)] createUnixSocket: Failed to connect to the server. Error: No such file or directory
03-31 23:28:00.889  1479  1479 D RILD    : RIL_Init argc = 3 clientId = 0
03-31 23:28:00.903  1479  1479 D RILD    : deviceInfoServiceModuleNr found and loaded
03-31 23:28:00.904  1479  1479 E RILQ    : log to /data/vendor/radio/ril_log for QCRIL logging is not enabled
03-31 23:28:00.932  1144  1144 I auditd  : type=1400 audit(0.0:49): avc:  denied  { read } for  comm="binder:1144_2" name="debug" dev="sysfs" ino=14690 scontext=u:r:hal_audio_default:s0 tcontext=u:object_r:sysfs:s0 tclass=dir permissive=0
03-31 23:28:00.932  1144  1144 I auditd  : type=1400 audit(0.0:50): avc:  denied  { read } for  comm="binder:1144_2" name="debug" dev="sysfs" ino=14690 scontext=u:r:hal_audio_default:s0 tcontext=u:object_r:sysfs:s0 tclass=dir permissive=0
03-31 23:28:00.932  1144  1144 I auditd  : type=1400 audit(0.0:51): avc:  denied  { read } for  comm="binder:1144_2" name="debug" dev="sysfs" ino=14690 scontext=u:r:hal_audio_default:s0 tcontext=u:object_r:sysfs:s0 tclass=dir permissive=0
03-31 23:28:00.956  1141  1141 I auditd  : type=1400 audit(0.0:52): avc:  denied  { signal } for  comm="diag-router" scontext=u:r:vendor_diag-router:s0 tcontext=u:r:tee:s0 tclass=process permissive=0
03-31 23:28:00.969  1479  1479 I qcrilNrd: currentState() -> Radio Off(0)
03-31 23:28:00.996  1479  1479 D RILD    : RIL_Init rilInit completed
03-31 23:28:00.996  1479  1479 E RILC    : RIL_register: RIL version 15
03-31 23:28:00.996  1479  1479 I RILC    : s_registerCalled flag set, 1
03-31 23:28:00.996  1479  1479 D RILD    : RIL_Init RIL_register completed
03-31 23:28:00.996  1479  1479 D RILD    : RIL_register_socket completed
03-31 23:28:00.996  1479  1479 D RILD    : joinThreadPool Stable AIDL
03-31 23:28:01.010  1479  1937 D RIL_SAP : sap_register_service status=0
03-31 23:28:01.038  1479  1944 I qcrilNrd: Creating socket named /dev/socket/qcrild/rild0
03-31 23:28:01.038  1479  1944 I qcrilNrd: Start to listen on socket /dev/socket/qcrild/rild0.
03-31 23:28:01.116  1823  1823 I auditd  : type=1400 audit(0.0:53): avc:  denied  { read } for  comm="sh" name="tmp" dev="dm-49" ino=101 scontext=u:r:systoolserver:s0 tcontext=u:object_r:shell_data_file:s0 tclass=dir permissive=0
03-31 23:28:01.136  1963  1963 I auditd  : type=1400 audit(0.0:54): avc:  denied  { search } for  comm="rm" name="tmp" dev="dm-49" ino=101 scontext=u:r:systoolserver:s0 tcontext=u:object_r:shell_data_file:s0 tclass=dir permissive=0
03-31 23:28:01.136  1963  1963 I auditd  : type=1400 audit(0.0:55): avc:  denied  { search } for  comm="rm" name="tmp" dev="dm-49" ino=101 scontext=u:r:systoolserver:s0 tcontext=u:object_r:shell_data_file:s0 tclass=dir permissive=0
03-31 23:28:01.224  1517  1517 I auditd  : type=1400 audit(0.0:56): avc:  denied  { dac_override } for  comm="sunmiservice" capability=1  scontext=u:r:sunmiserver:s0 tcontext=u:r:sunmiserver:s0 tclass=capability permissive=0
03-31 23:28:01.312  1479  1479 I auditd  : type=1400 audit(0.0:57): avc:  denied  { read } for  comm="DispatcherModul" name="u:object_r:vendor_pd_locater_dbg_prop:s0" dev="tmpfs" ino=450 scontext=u:r:rild:s0 tcontext=u:object_r:vendor_pd_locater_dbg_prop:s0 tclass=file permissive=0
03-31 23:28:01.364  1479  1479 I auditd  : type=1400 audit(0.0:58): avc:  denied  { read } for  comm="DispatcherModul" name="u:object_r:vendor_pd_locater_dbg_prop:s0" dev="tmpfs" ino=450 scontext=u:r:rild:s0 tcontext=u:object_r:vendor_pd_locater_dbg_prop:s0 tclass=file permissive=0
03-31 23:28:01.472  1167  1167 I auditd  : type=1400 audit(0.0:59): avc:  denied  { read } for  comm="Loc_hal_worker" name="u:object_r:default_prop:s0" dev="tmpfs" ino=184 scontext=u:r:vendor_hal_gnss_qti:s0 tcontext=u:object_r:default_prop:s0 tclass=file permissive=0
03-31 23:28:01.680  1483  1483 D RILD    : RIL_Init argc = 3 clientId = 2
03-31 23:28:01.686  1483  1483 D RILD    : deviceInfoServiceModuleNr found and loaded
03-31 23:28:01.686  1483  1483 E RILQ    : log to /data/vendor/radio/ril_log for QCRIL logging is not enabled
03-31 23:28:01.701  1483  1483 I qcrilNrd: currentState() -> Radio Off(0)
03-31 23:28:01.766  1483  1483 I qcrilNrd: currentState() -> Radio Off(0)
03-31 23:28:01.773  1483  1483 D RILD    : RIL_Init rilInit completed
03-31 23:28:01.774  1483  1483 E RILC    : RIL_register: RIL version 15
03-31 23:28:01.774  1483  1483 I RILC    : s_registerCalled flag set, 1
03-31 23:28:01.774  1483  1483 D RILD    : RIL_Init RIL_register completed
03-31 23:28:01.774  1483  1483 D RILD    : RIL_register_socket completed
03-31 23:28:01.774  1483  1483 D RILD    : joinThreadPool Stable AIDL
03-31 23:28:01.777  1483  2116 D RIL_SAP : sap_register_service status=0
03-31 23:28:01.799  1483  2110 I qcrilNrd: Creating socket named /dev/socket/qcrild/rild1
03-31 23:28:01.800  1483  2110 I qcrilNrd: Start to listen on socket /dev/socket/qcrild/rild1.
03-31 23:28:01.836  1483  1483 I auditd  : type=1400 audit(0.0:60): avc:  denied  { read } for  comm="DispatcherModul" name="u:object_r:vendor_pd_locater_dbg_prop:s0" dev="tmpfs" ino=450 scontext=u:r:rild:s0 tcontext=u:object_r:vendor_pd_locater_dbg_prop:s0 tclass=file permissive=0
03-31 23:28:01.844  1483  1483 I auditd  : type=1400 audit(0.0:61): avc:  denied  { read } for  comm="DispatcherModul" name="u:object_r:vendor_pd_locater_dbg_prop:s0" dev="tmpfs" ino=450 scontext=u:r:rild:s0 tcontext=u:object_r:vendor_pd_locater_dbg_prop:s0 tclass=file permissive=0
03-31 23:28:02.048  1479  1944 E RILC    : Unsupported unsolicited response code 1028
03-31 23:28:02.065  1479  1900 I qcrilNrd: currentState() -> Radio Off(0)
03-31 23:28:02.206  1088  1088 I boot_progress_preload_end: 12319
03-31 23:28:02.714  2250  2250 I system_server_start: [1,12824,12824]
03-31 23:28:02.714  2250  2250 I boot_progress_system_run: 12826
03-31 23:28:02.782  1167  1337 D RilApiSession: [RilApiSession.cpp: 91] [Loc_hal_worker(1167,1337)] initialize: Initializing RIL API session.
03-31 23:28:02.782  1167  1337 D RilApiSession: [RilApiSession.cpp: 41] [Loc_hal_worker(1167,1337)] createUnixSocket: Socket FD: 32
03-31 23:28:02.782  1479  1900 I qcrilNrd: libril: new socket connection
03-31 23:28:02.783  1479  1900 I qcrilNrd: RIL Response bytes written:4
03-31 23:28:02.783  1479  1900 I qcrilNrd: RIL Response bytes written:12
03-31 23:28:02.783  1167  1337 D RequestManager: [RequestManager.cpp: 483] [Loc_hal_worker(1167,1337)] issueRequest: Pushing a request to the queue.
03-31 23:28:02.783  1167  2304 D RequestManager: [RequestManager.cpp: 109] [Loc_hal_worker(1167,2304)] listenForRequests: Starting loop to listen for requests.
03-31 23:28:02.783  1167  2305 D RequestManager: [RequestManager.cpp: 292] [Loc_hal_worker(1167,2305)] listenForResponses: Starting loop to listen for responses.
03-31 23:28:02.783  1167  1337 D RequestManager: [RequestManager.cpp: 495] [Loc_hal_worker(1167,1337)] issueRequest: Pushed a request to the queue.
03-31 23:28:02.783  1167  1337 D RequestManager: [RequestManager.cpp: 501] [Loc_hal_worker(1167,1337)] registerIndicationHandler: Registering indication handler for indication 1036
03-31 23:28:02.783  1167  1337 D RequestManager: [RequestManager.cpp: 513] [Loc_hal_worker(1167,1337)] registerIndicationHandler: Registered indication handler for indication 1036
03-31 23:28:02.783  1167  1337 D RequestManager: [RequestManager.cpp: 501] [Loc_hal_worker(1167,1337)] registerIndicationHandler: Registering indication handler for indication 1002
03-31 23:28:02.783  1167  1337 D RequestManager: [RequestManager.cpp: 513] [Loc_hal_worker(1167,1337)] registerIndicationHandler: Registered indication handler for indication 1002
03-31 23:28:02.783  1167  1337 D RilApiSession: [RilApiSession.cpp: 91] [Loc_hal_worker(1167,1337)] initialize: Initializing RIL API session.
03-31 23:28:02.783  1167  2304 D RequestManager: [RequestManager.cpp: 135] [Loc_hal_worker(1167,2304)] listenForRequests: Got one or more requests.
03-31 23:28:02.783  1167  1337 D RilApiSession: [RilApiSession.cpp: 41] [Loc_hal_worker(1167,1337)] createUnixSocket: Socket FD: 33
03-31 23:28:02.783  1167  2304 D RequestManager: [RequestManager.cpp: 139] [Loc_hal_worker(1167,2304)] listenForRequests: Processing request with ID 1.
03-31 23:28:02.783  1167  2304 D RequestManager: [RequestManager.cpp: 167] [Loc_hal_worker(1167,2304)] listenForRequests: Sending request to the server.
03-31 23:28:02.783  1167  2305 D RequestManager: [RequestManager.cpp: 341] [Loc_hal_worker(1167,2305)] listenForResponses: record_stream_get_next: recordLen: 12, ret: 0, errno: 0, errStr: Success, socket fd: 32
03-31 23:28:02.783  1167  2304 D RequestManager: [RequestManager.cpp: 222] [Loc_hal_worker(1167,2304)] sendRequestToServer: Sending buffer of size 12
03-31 23:28:02.784  1167  2305 D RequestManager: [RequestManager.cpp: 358] [Loc_hal_worker(1167,2305)] listenForResponses: Got a response parcel
03-31 23:28:02.784  1167  2304 D RequestManager: [RequestManager.cpp: 268] [Loc_hal_worker(1167,2304)] writeToSocket: Buffer contents: 00 00 00 0C 
03-31 23:28:02.784  1483  2075 I qcrilNrd: libril: new socket connection
03-31 23:28:02.784  1167  2304 D RequestManager: [RequestManager.cpp: 278] [Loc_hal_worker(1167,2304)] writeToSocket: Wrote 4 bytes to the socket.
03-31 23:28:02.784  1167  2304 D RequestManager: [RequestManager.cpp: 268] [Loc_hal_worker(1167,2304)] writeToSocket: Buffer contents: 01 00 00 00 
03-31 23:28:02.784  1167  2304 D RequestManager: [RequestManager.cpp: 278] [Loc_hal_worker(1167,2304)] writeToSocket: Wrote 4 bytes to the socket.
03-31 23:28:02.784  1167  2304 D RequestManager: [RequestManager.cpp: 268] [Loc_hal_worker(1167,2304)] writeToSocket: Buffer contents: 50 E1 C8 C7 7B 00 00 B4 
03-31 23:28:02.784  1479  1900 I qcrilNrd: Buffer size: 12
03-31 23:28:02.784  1479  1900 I qcrilNrd: Buffer contents: 01 00 00 00 50 E1 C8 C7 7B 00 00 B4 
03-31 23:28:02.784  1483  2075 I qcrilNrd: RIL Response bytes written:4
03-31 23:28:02.784  1483  2075 I qcrilNrd: RIL Response bytes written:12
03-31 23:28:02.784  1167  1337 D RequestManager: [RequestManager.cpp: 483] [Loc_hal_worker(1167,1337)] issueRequest: Pushing a request to the queue.
03-31 23:28:02.784  1167  1337 D RequestManager: [RequestManager.cpp: 495] [Loc_hal_worker(1167,1337)] issueRequest: Pushed a request to the queue.
03-31 23:28:02.784  1167  1337 D RequestManager: [RequestManager.cpp: 501] [Loc_hal_worker(1167,1337)] registerIndicationHandler: Registering indication handler for indication 1036
03-31 23:28:02.784  1167  2304 D RequestManager: [RequestManager.cpp: 278] [Loc_hal_worker(1167,2304)] writeToSocket: Wrote 8 bytes to the socket.
03-31 23:28:02.784  1167  1337 D RequestManager: [RequestManager.cpp: 513] [Loc_hal_worker(1167,1337)] registerIndicationHandler: Registered indication handler for indication 1036
03-31 23:28:02.785  1167  1337 D RequestManager: [RequestManager.cpp: 501] [Loc_hal_worker(1167,1337)] registerIndicationHandler: Registering indication handler for indication 1002
03-31 23:28:02.785  1167  2307 D RequestManager: [RequestManager.cpp: 292] [Loc_hal_worker(1167,2307)] listenForResponses: Starting loop to listen for responses.
03-31 23:28:02.785  1167  1337 D RequestManager: [RequestManager.cpp: 513] [Loc_hal_worker(1167,1337)] registerIndicationHandler: Registered indication handler for indication 1002
03-31 23:28:02.785  1167  2307 D RequestManager: [RequestManager.cpp: 341] [Loc_hal_worker(1167,2307)] listenForResponses: record_stream_get_next: recordLen: 12, ret: 0, errno: 0, errStr: Success, socket fd: 33
03-31 23:28:02.785  1167  2307 D RequestManager: [RequestManager.cpp: 358] [Loc_hal_worker(1167,2307)] listenForResponses: Got a response parcel
03-31 23:28:02.785  1167  2306 D RequestManager: [RequestManager.cpp: 109] [Loc_hal_worker(1167,2306)] listenForRequests: Starting loop to listen for requests.
03-31 23:28:02.785  1167  2306 D RequestManager: [RequestManager.cpp: 135] [Loc_hal_worker(1167,2306)] listenForRequests: Got one or more requests.
03-31 23:28:02.785  1167  2306 D RequestManager: [RequestManager.cpp: 139] [Loc_hal_worker(1167,2306)] listenForRequests: Processing request with ID 1.
03-31 23:28:02.785  1167  2306 D RequestManager: [RequestManager.cpp: 167] [Loc_hal_worker(1167,2306)] listenForRequests: Sending request to the server.
03-31 23:28:02.785  1167  2306 D RequestManager: [RequestManager.cpp: 222] [Loc_hal_worker(1167,2306)] sendRequestToServer: Sending buffer of size 12
03-31 23:28:02.785  1167  2306 D RequestManager: [RequestManager.cpp: 268] [Loc_hal_worker(1167,2306)] writeToSocket: Buffer contents: 00 00 00 0C 
03-31 23:28:02.785  1167  2306 D RequestManager: [RequestManager.cpp: 278] [Loc_hal_worker(1167,2306)] writeToSocket: Wrote 4 bytes to the socket.
03-31 23:28:02.785  1167  2306 D RequestManager: [RequestManager.cpp: 268] [Loc_hal_worker(1167,2306)] writeToSocket: Buffer contents: 01 00 00 00 
03-31 23:28:02.785  1167  2306 D RequestManager: [RequestManager.cpp: 278] [Loc_hal_worker(1167,2306)] writeToSocket: Wrote 4 bytes to the socket.
03-31 23:28:02.785  1167  2306 D RequestManager: [RequestManager.cpp: 268] [Loc_hal_worker(1167,2306)] writeToSocket: Buffer contents: 50 7F C8 C7 7B 00 00 B4 
03-31 23:28:02.785  1483  2075 I qcrilNrd: Buffer size: 12
03-31 23:28:02.785  1483  2075 I qcrilNrd: Buffer contents: 01 00 00 00 50 7F C8 C7 7B 00 00 B4 
03-31 23:28:02.786  1167  2306 D RequestManager: [RequestManager.cpp: 278] [Loc_hal_worker(1167,2306)] writeToSocket: Wrote 8 bytes to the socket.
03-31 23:28:02.787  1479  1934 I qcrilNrd: RIL Response bytes written:4
03-31 23:28:02.787  1483  2113 I qcrilNrd: RIL Response bytes written:4
03-31 23:28:02.787  1479  1934 I qcrilNrd: RIL Response bytes written:60
03-31 23:28:02.787  1483  2113 I qcrilNrd: RIL Response bytes written:60
03-31 23:28:02.788  1167  2307 D RequestManager: [RequestManager.cpp: 341] [Loc_hal_worker(1167,2307)] listenForResponses: record_stream_get_next: recordLen: 60, ret: 0, errno: 0, errStr: Success, socket fd: 33
03-31 23:28:02.788  1167  2307 D RequestManager: [RequestManager.cpp: 358] [Loc_hal_worker(1167,2307)] listenForResponses: Got a response parcel
03-31 23:28:02.788  1167  2305 D RequestManager: [RequestManager.cpp: 341] [Loc_hal_worker(1167,2305)] listenForResponses: record_stream_get_next: recordLen: 60, ret: 0, errno: 0, errStr: Success, socket fd: 32
03-31 23:28:02.788  1167  2307 D RequestManager: [RequestManager.cpp: 483] [Loc_hal_worker(1167,2307)] issueRequest: Pushing a request to the queue.
03-31 23:28:02.788  1167  2305 D RequestManager: [RequestManager.cpp: 358] [Loc_hal_worker(1167,2305)] listenForResponses: Got a response parcel
03-31 23:28:02.788  1167  2307 D RequestManager: [RequestManager.cpp: 495] [Loc_hal_worker(1167,2307)] issueRequest: Pushed a request to the queue.
03-31 23:28:02.788  1167  2306 D RequestManager: [RequestManager.cpp: 135] [Loc_hal_worker(1167,2306)] listenForRequests: Got one or more requests.
03-31 23:28:02.788  1167  2306 D RequestManager: [RequestManager.cpp: 139] [Loc_hal_worker(1167,2306)] listenForRequests: Processing request with ID 28.
03-31 23:28:02.788  1167  2306 D RequestManager: [RequestManager.cpp: 167] [Loc_hal_worker(1167,2306)] listenForRequests: Sending request to the server.
03-31 23:28:02.788  1167  2306 D RequestManager: [RequestManager.cpp: 222] [Loc_hal_worker(1167,2306)] sendRequestToServer: Sending buffer of size 56
03-31 23:28:02.788  1167  2306 D RequestManager: [RequestManager.cpp: 268] [Loc_hal_worker(1167,2306)] writeToSocket: Buffer contents: 00 00 00 38 
03-31 23:28:02.788  1167  2306 D RequestManager: [RequestManager.cpp: 278] [Loc_hal_worker(1167,2306)] writeToSocket: Wrote 4 bytes to the socket.
03-31 23:28:02.788  1167  2306 D RequestManager: [RequestManager.cpp: 268] [Loc_hal_worker(1167,2306)] writeToSocket: Buffer contents: 1C 00 00 00 
03-31 23:28:02.788  1167  2306 D RequestManager: [RequestManager.cpp: 278] [Loc_hal_worker(1167,2306)] writeToSocket: Wrote 4 bytes to the socket.
03-31 23:28:02.788  1167  2306 D RequestManager: [RequestManager.cpp: 268] [Loc_hal_worker(1167,2306)] writeToSocket: Buffer contents: 10 68 C8 C7 7B 00 00 B4 
03-31 23:28:02.789  1167  2306 D RequestManager: [RequestManager.cpp: 278] [Loc_hal_worker(1167,2306)] writeToSocket: Wrote 8 bytes to the socket.
03-31 23:28:02.789  1167  2306 D RequestManager: [RequestManager.cpp: 268] [Loc_hal_worker(1167,2306)] writeToSocket: Buffer contents: 00 00 00 B0 00 00 6F AD 00 00 00 08 33 46 30 30 37 46 46 46 00 00 00 00 00 00 00 00 00 00 00 00 FF FF FF FF FF FF FF FF 00 00 00 00 
03-31 23:28:02.789  1483  2075 I qcrilNrd: Buffer size: 56
03-31 23:28:02.789  1483  2075 I qcrilNrd: Buffer contents: 1C 00 00 00 10 68 C8 C7 7B 00 00 B4 00 00 00 B0 00 00 6F AD 00 00 00 08 33 46 30 30 37 46 46 46 00 00 00 00 00 00 00 00 00 00 00 00 FF FF FF FF FF FF FF FF 00 00 00 00 
03-31 23:28:02.789  1167  2306 D RequestManager: [RequestManager.cpp: 278] [Loc_hal_worker(1167,2306)] writeToSocket: Wrote 44 bytes to the socket.
03-31 23:28:02.790  1483  2113 I qcrilNrd: RIL Response bytes written:4
03-31 23:28:02.790  1483  2113 I qcrilNrd: RIL Response bytes written:28
03-31 23:28:02.790  1167  2307 D RequestManager: [RequestManager.cpp: 341] [Loc_hal_worker(1167,2307)] listenForResponses: record_stream_get_next: recordLen: 28, ret: 0, errno: 0, errStr: Success, socket fd: 33
03-31 23:28:02.790  1167  2307 D RequestManager: [RequestManager.cpp: 358] [Loc_hal_worker(1167,2307)] listenForResponses: Got a response parcel
03-31 23:28:02.790  1167  2307 D RequestManager: [RequestManager.cpp: 483] [Loc_hal_worker(1167,2307)] issueRequest: Pushing a request to the queue.
03-31 23:28:02.790  1167  1231 D RequestManager: [RequestManager.cpp: 483] [Loc_hal_worker(1167,1231)] issueRequest: Pushing a request to the queue.
03-31 23:28:02.790  1167  1231 D RequestManager: [RequestManager.cpp: 495] [Loc_hal_worker(1167,1231)] issueRequest: Pushed a request to the queue.
03-31 23:28:02.790  1167  2307 D RequestManager: [RequestManager.cpp: 495] [Loc_hal_worker(1167,2307)] issueRequest: Pushed a request to the queue.
03-31 23:28:02.790  1167  1231 D RequestManager: [RequestManager.cpp: 483] [Loc_hal_worker(1167,1231)] issueRequest: Pushing a request to the queue.
03-31 23:28:02.790  1167  2306 D RequestManager: [RequestManager.cpp: 135] [Loc_hal_worker(1167,2306)] listenForRequests: Got one or more requests.
03-31 23:28:02.790  1167  2306 D RequestManager: [RequestManager.cpp: 139] [Loc_hal_worker(1167,2306)] listenForRequests: Processing request with ID 108.
03-31 23:28:02.790  1167  2306 D RequestManager: [RequestManager.cpp: 167] [Loc_hal_worker(1167,2306)] listenForRequests: Sending request to the server.
03-31 23:28:02.790  1167  2306 D RequestManager: [RequestManager.cpp: 222] [Loc_hal_worker(1167,2306)] sendRequestToServer: Sending buffer of size 12
03-31 23:28:02.790  1167  1231 D RequestManager: [RequestManager.cpp: 495] [Loc_hal_worker(1167,1231)] issueRequest: Pushed a request to the queue.
03-31 23:28:02.790  1167  1231 D RequestManager: [RequestManager.cpp: 483] [Loc_hal_worker(1167,1231)] issueRequest: Pushing a request to the queue.
03-31 23:28:02.790  1167  1231 D RequestManager: [RequestManager.cpp: 495] [Loc_hal_worker(1167,1231)] issueRequest: Pushed a request to the queue.
03-31 23:28:02.790  1167  1231 D RequestManager: [RequestManager.cpp: 483] [Loc_hal_worker(1167,1231)] issueRequest: Pushing a request to the queue.
03-31 23:28:02.790  1167  1231 D RequestManager: [RequestManager.cpp: 495] [Loc_hal_worker(1167,1231)] issueRequest: Pushed a request to the queue.
03-31 23:28:02.790  1167  2306 D RequestManager: [RequestManager.cpp: 268] [Loc_hal_worker(1167,2306)] writeToSocket: Buffer contents: 00 00 00 0C 
03-31 23:28:02.790  1167  1231 D RequestManager: [RequestManager.cpp: 483] [Loc_hal_worker(1167,1231)] issueRequest: Pushing a request to the queue.
03-31 23:28:02.790  1167  1231 D RequestManager: [RequestManager.cpp: 495] [Loc_hal_worker(1167,1231)] issueRequest: Pushed a request to the queue.
03-31 23:28:02.790  1167  1231 D RequestManager: [RequestManager.cpp: 483] [Loc_hal_worker(1167,1231)] issueRequest: Pushing a request to the queue.
03-31 23:28:02.790  1167  2306 D RequestManager: [RequestManager.cpp: 278] [Loc_hal_worker(1167,2306)] writeToSocket: Wrote 4 bytes to the socket.
03-31 23:28:02.790  1167  1231 D RequestManager: [RequestManager.cpp: 495] [Loc_hal_worker(1167,1231)] issueRequest: Pushed a request to the queue.
03-31 23:28:02.791  1167  2306 D RequestManager: [RequestManager.cpp: 268] [Loc_hal_worker(1167,2306)] writeToSocket: Buffer contents: 6C 00 00 00 
03-31 23:28:02.791  1167  2306 D RequestManager: [RequestManager.cpp: 278] [Loc_hal_worker(1167,2306)] writeToSocket: Wrote 4 bytes to the socket.
03-31 23:28:02.791  1167  2306 D RequestManager: [RequestManager.cpp: 268] [Loc_hal_worker(1167,2306)] writeToSocket: Buffer contents: 90 D3 C8 C7 7B 00 00 B4 
03-31 23:28:02.791  1483  2075 I qcrilNrd: Buffer size: 12
03-31 23:28:02.791  1483  2075 I qcrilNrd: Buffer contents: 6C 00 00 00 90 D3 C8 C7 7B 00 00 B4 
03-31 23:28:02.791  1167  2306 D RequestManager: [RequestManager.cpp: 278] [Loc_hal_worker(1167,2306)] writeToSocket: Wrote 8 bytes to the socket.
03-31 23:28:02.791  1167  2306 D RequestManager: [RequestManager.cpp: 268] [Loc_hal_worker(1167,2306)] writeToSocket: Buffer contents: 
03-31 23:28:02.791  1167  2306 D RequestManager: [RequestManager.cpp: 139] [Loc_hal_worker(1167,2306)] listenForRequests: Processing request with ID 11.
03-31 23:28:02.791  1167  2306 D RequestManager: [RequestManager.cpp: 167] [Loc_hal_worker(1167,2306)] listenForRequests: Sending request to the server.
03-31 23:28:02.791  1167  2306 D RequestManager: [RequestManager.cpp: 222] [Loc_hal_worker(1167,2306)] sendRequestToServer: Sending buffer of size 20
03-31 23:28:02.791  1167  2306 D RequestManager: [RequestManager.cpp: 268] [Loc_hal_worker(1167,2306)] writeToSocket: Buffer contents: 00 00 00 14 
03-31 23:28:02.791  1167  2306 D RequestManager: [RequestManager.cpp: 278] [Loc_hal_worker(1167,2306)] writeToSocket: Wrote 4 bytes to the socket.
03-31 23:28:02.791  1167  2306 D RequestManager: [RequestManager.cpp: 268] [Loc_hal_worker(1167,2306)] writeToSocket: Buffer contents: 0B 00 00 00 
03-31 23:28:02.791  1167  2306 D RequestManager: [RequestManager.cpp: 278] [Loc_hal_worker(1167,2306)] writeToSocket: Wrote 4 bytes to the socket.
03-31 23:28:02.791  1167  2306 D RequestManager: [RequestManager.cpp: 268] [Loc_hal_worker(1167,2306)] writeToSocket: Buffer contents: 50 68 C8 C7 7B 00 00 B4 
03-31 23:28:02.791  1167  2306 D RequestManager: [RequestManager.cpp: 278] [Loc_hal_worker(1167,2306)] writeToSocket: Wrote 8 bytes to the socket.
03-31 23:28:02.791  1167  2306 D RequestManager: [RequestManager.cpp: 268] [Loc_hal_worker(1167,2306)] writeToSocket: Buffer contents: 00 00 00 01 00 00 00 00 
03-31 23:28:02.791  1167  2306 D RequestManager: [RequestManager.cpp: 278] [Loc_hal_worker(1167,2306)] writeToSocket: Wrote 8 bytes to the socket.
03-31 23:28:02.791  1167  2306 D RequestManager: [RequestManager.cpp: 135] [Loc_hal_worker(1167,2306)] listenForRequests: Got one or more requests.
03-31 23:28:02.791  1167  2306 D RequestManager: [RequestManager.cpp: 139] [Loc_hal_worker(1167,2306)] listenForRequests: Processing request with ID 20.
03-31 23:28:02.791  1483  2075 I qcrilNrd: Buffer size: 20
03-31 23:28:02.791  1483  2075 I qcrilNrd: Buffer contents: 0B 00 00 00 50 68 C8 C7 7B 00 00 B4 00 00 00 01 00 00 00 00 
03-31 23:28:02.792  1167  2306 D RequestManager: [RequestManager.cpp: 167] [Loc_hal_worker(1167,2306)] listenForRequests: Sending request to the server.
03-31 23:28:02.792  1167  2306 D RequestManager: [RequestManager.cpp: 222] [Loc_hal_worker(1167,2306)] sendRequestToServer: Sending buffer of size 12
03-31 23:28:02.792  1167  2306 D RequestManager: [RequestManager.cpp: 268] [Loc_hal_worker(1167,2306)] writeToSocket: Buffer contents: 00 00 00 0C 
03-31 23:28:02.792  1167  2306 D RequestManager: [RequestManager.cpp: 278] [Loc_hal_worker(1167,2306)] writeToSocket: Wrote 4 bytes to the socket.
03-31 23:28:02.792  1167  2306 D RequestManager: [RequestManager.cpp: 268] [Loc_hal_worker(1167,2306)] writeToSocket: Buffer contents: 14 00 00 00 
03-31 23:28:02.792  1483  2113 I qcrilNrd: RIL Response bytes written:4
03-31 23:28:02.792  1167  2306 D RequestManager: [RequestManager.cpp: 278] [Loc_hal_worker(1167,2306)] writeToSocket: Wrote 4 bytes to the socket.
03-31 23:28:02.792  1483  2113 I qcrilNrd: RIL Response bytes written:20
03-31 23:28:02.792  1167  2306 D RequestManager: [RequestManager.cpp: 268] [Loc_hal_worker(1167,2306)] writeToSocket: Buffer contents: 50 E1 C8 C7 7B 00 00 B4 
03-31 23:28:02.792  1483  2075 I qcrilNrd: Buffer size: 12
03-31 23:28:02.792  1483  2075 I qcrilNrd: Buffer contents: 14 00 00 00 50 E1 C8 C7 7B 00 00 B4 
03-31 23:28:02.792  1483  2075 I qcrilNrd: Dispatching get voice registration state.
03-31 23:28:02.792  1167  2307 D RequestManager: [RequestManager.cpp: 341] [Loc_hal_worker(1167,2307)] listenForResponses: record_stream_get_next: recordLen: 20, ret: 0, errno: 0, errStr: Success, socket fd: 33
03-31 23:28:02.792  1167  2307 D RequestManager: [RequestManager.cpp: 358] [Loc_hal_worker(1167,2307)] listenForResponses: Got a response parcel
03-31 23:28:02.792  1167  2306 D RequestManager: [RequestManager.cpp: 278] [Loc_hal_worker(1167,2306)] writeToSocket: Wrote 8 bytes to the socket.
03-31 23:28:02.792  1167  2306 D RequestManager: [RequestManager.cpp: 268] [Loc_hal_worker(1167,2306)] writeToSocket: Buffer contents: 
03-31 23:28:02.793  1483  2110 I qcrilNrd: RIL Response bytes written:4
03-31 23:28:02.793  1167  2306 D RequestManager: [RequestManager.cpp: 139] [Loc_hal_worker(1167,2306)] listenForRequests: Processing request with ID 21.
03-31 23:28:02.793  1483  2110 I qcrilNrd: RIL Response bytes written:20
03-31 23:28:02.793  1167  2307 D RequestManager: [RequestManager.cpp: 341] [Loc_hal_worker(1167,2307)] listenForResponses: record_stream_get_next: recordLen: 20, ret: 0, errno: 0, errStr: Success, socket fd: 33
03-31 23:28:02.793  1167  2307 D RequestManager: [RequestManager.cpp: 358] [Loc_hal_worker(1167,2307)] listenForResponses: Got a response parcel
03-31 23:28:02.793  1167  2306 D RequestManager: [RequestManager.cpp: 167] [Loc_hal_worker(1167,2306)] listenForRequests: Sending request to the server.
03-31 23:28:02.793  1167  2306 D RequestManager: [RequestManager.cpp: 222] [Loc_hal_worker(1167,2306)] sendRequestToServer: Sending buffer of size 12
03-31 23:28:02.793  1167  2306 D RequestManager: [RequestManager.cpp: 268] [Loc_hal_worker(1167,2306)] writeToSocket: Buffer contents: 00 00 00 0C 
03-31 23:28:02.793  1167  2306 D RequestManager: [RequestManager.cpp: 278] [Loc_hal_worker(1167,2306)] writeToSocket: Wrote 4 bytes to the socket.
03-31 23:28:02.793  1167  2306 D RequestManager: [RequestManager.cpp: 268] [Loc_hal_worker(1167,2306)] writeToSocket: Buffer contents: 15 00 00 00 
03-31 23:28:02.793  1167  2306 D RequestManager: [RequestManager.cpp: 278] [Loc_hal_worker(1167,2306)] writeToSocket: Wrote 4 bytes to the socket.
03-31 23:28:02.793  1167  2306 D RequestManager: [RequestManager.cpp: 268] [Loc_hal_worker(1167,2306)] writeToSocket: Buffer contents: 50 E0 C8 C7 7B 00 00 B4 
03-31 23:28:02.793  1483  2075 I qcrilNrd: Buffer size: 12
03-31 23:28:02.793  1483  2075 I qcrilNrd: Buffer contents: 15 00 00 00 50 E0 C8 C7 7B 00 00 B4 
03-31 23:28:02.794  1167  2306 D RequestManager: [RequestManager.cpp: 278] [Loc_hal_worker(1167,2306)] writeToSocket: Wrote 8 bytes to the socket.
03-31 23:28:02.794  1167  2306 D RequestManager: [RequestManager.cpp: 268] [Loc_hal_worker(1167,2306)] writeToSocket: Buffer contents: 
03-31 23:28:02.794  1167  2306 D RequestManager: [RequestManager.cpp: 139] [Loc_hal_worker(1167,2306)] listenForRequests: Processing request with ID 28.
03-31 23:28:02.794  1167  2306 D RequestManager: [RequestManager.cpp: 167] [Loc_hal_worker(1167,2306)] listenForRequests: Sending request to the server.
03-31 23:28:02.794  1167  2306 D RequestManager: [RequestManager.cpp: 222] [Loc_hal_worker(1167,2306)] sendRequestToServer: Sending buffer of size 56
03-31 23:28:02.794  1167  2306 D RequestManager: [RequestManager.cpp: 268] [Loc_hal_worker(1167,2306)] writeToSocket: Buffer contents: 00 00 00 38 
03-31 23:28:02.794  1167  2306 D RequestManager: [RequestManager.cpp: 278] [Loc_hal_worker(1167,2306)] writeToSocket: Wrote 4 bytes to the socket.
03-31 23:28:02.794  1167  2306 D RequestManager: [RequestManager.cpp: 268] [Loc_hal_worker(1167,2306)] writeToSocket: Buffer contents: 1C 00 00 00 
03-31 23:28:02.794  1167  2306 D RequestManager: [RequestManager.cpp: 278] [Loc_hal_worker(1167,2306)] writeToSocket: Wrote 4 bytes to the socket.
03-31 23:28:02.794  1167  2306 D RequestManager: [RequestManager.cpp: 268] [Loc_hal_worker(1167,2306)] writeToSocket: Buffer contents: D0 DA C8 C7 7B 00 00 B4 
