03-31 23:28:11.313  3049  3049 D ImsPhone: [1] updateDataServiceState: defSs = {mVoiceRegState=1(OUT_OF_SERVICE), mDataRegState=1(OUT_OF_SERVICE), mChannelNumber=-1, duplexMode()=0, mCellBandwidths=[], mOperatorAlphaLong=null, mOperatorAlphaShort=null, isManualNetworkSelection=false(automatic), getRilVoiceRadioTechnology=0(Unknown), getRilDataRadioTechnology=0(Unknown), mCssIndicator=unsupported, mNetworkId=-1, mSystemId=-1, mCdmaRoamingIndicator=-1, mCdmaDefaultRoamingIndicator=-1, mIsEmergencyOnly=false, isUsingCarrierAggregation=false, mArfcnRsrpBoost=0, mNetworkRegistrationInfos=[NetworkRegistrationInfo{ domain=CS transportType=WWAN registrationState=UNKNOWN networkRegistrationState=UNKNOWN roamingType=NOT_ROAMING accessNetworkTechnology=UNKNOWN rejectCause=0 emergencyEnabled=false availableServices=[] cellIdentity=null voiceSpecificInfo=null dataSpecificInfo=null nrState=**** rRplmn= isUsingCarrierAggregation=false}, NetworkRegistrationInfo{ domain=PS transportType=WWAN registrationState=UNKNOWN networkRegistrationState=UNKNOWN roamingType=NOT_ROAMING accessNetworkTechnology=UNKNOWN rejectCause=0 emergencyEnabled=false availableServices=[] cellIdentity=null voiceSpecificInfo=null dataSpecificInfo=null nrState=**** rRplmn= isUsingCarrierAggregation=false}, NetworkRegistrationInfo{ domain=PS transportType=WLAN registrationState=UNKNOWN networkRegistrationState=UNKNOWN roamingType=NOT_ROAMING accessNetworkTechnology=UNKNOWN rejectCause=0 emergencyEnabled=false availableServices=[] cellIdentity=null voiceSpecificInfo=null dataSpecificInfo=null nrState=**** rRplmn= isUsingCarrierAggregation=false}], mNrFrequencyRange=0, mOperatorAlphaLongRaw=null, mOperatorAlphaShortRaw=null, mIsDataRoamingFromRegistration=false, mIsIwlanPreferred=false} imsSs = {mVoiceRegState=1(OUT_OF_SERVICE), mDataRegState=1(OUT_OF_SERVICE), mChannelNumber=-1, duplexMode()=0, mCellBandwidths=[], mOperatorAlphaLong=null, mOperatorAlphaShort=null, isManualNetworkSelection=false(automatic), getRilVoiceRadioTechnology=0(Unknown), getRilDataRadioTechnology=0(Unknown), mCssIndicator=unsupported, mNetworkId=-1, mSystemId=-1, mCdmaRoamingIndicator=-1, mCdmaDefaultRoamingIndicator=-1, mIsEmergencyOnly=false, isUsingCarrierAggregation=false, mArfcnRsrpBoost=0, mNetworkRegistrationInfos=[NetworkRegistrationInfo{ domain=CS transportType=WWAN registrationState=UNKNOWN networkRegistrationState=UNKNOWN roamingType=NOT_ROAMING accessNetworkTechnology=UNKNOWN rejectCause=0 emergencyEnabled=false availableServices=[] cellIdentity=null voiceSpecificInfo=null dataSpecificInfo=null nrState=**** rRplmn= isUsingCarrierAggregation=false}, NetworkRegistrationInfo{ domain=PS transportType=WWAN registrationState=UNKNOWN networkRegistrationState=UNKNOWN roamingType=NOT_ROAMING accessNetworkTechnology=UNKNOWN rejectCause=0 emergencyEnabled=false availableServices=[] cellIdentity=null voiceSpecificInfo=null dataSpecificInfo=null nrState=**** rRplmn= isUsingCarrierAggregation=false}, NetworkRegistrationInfo{ domain=PS transportType=WLAN registrationState=UNKNOWN networkRegistrationState=UNKNOWN roamingType=NOT_ROAMING accessNetworkTechnology=UNKNOWN rejectCause=0 emergencyEnabled=false availableServices=[] cellIdentity=null voiceSpecificInfo=null dataSpecificInfo=null nrState=**** rRplmn= isUsingCarrierAggregation=false}], mNrFrequencyRange=0, mOperatorAlphaLongRaw=null, mOperatorAlphaShortRaw=null, mIsDataRoamingFromRegistration=false, mIsIwlanPreferred=false}
03-31 23:28:11.313  3049  3049 D CallManager: registerPhone(ImsPhone Handler (com.android.internal.telephony.imsphone.ImsPhone) {7c356fb})
03-31 23:28:11.315  3049  3049 D QtiTelephonyComponentFactory: makeQtiPhoneSwitcher
03-31 23:28:11.317  3049  3049 D FeatureConnector: [InstanceManager, 0] imsFeatureRemoved: reason=3
03-31 23:28:11.318  3049  3493 I ImsManagerIM [0]: connectionUnavailable, reason: 3
03-31 23:28:11.319  3049  3049 D FeatureConnector: [InstanceManager, 1] imsFeatureRemoved: reason=3
03-31 23:28:11.320  3049  3494 I ImsManagerIM [1]: connectionUnavailable, reason: 3
03-31 23:28:11.321  3049  3049 D DCM-0   : getAutoDataSwitchAvailabilityStabilityTimeThreshold:  mIsSmartDdsSwitchFeatureAvailable=true
03-31 23:28:11.321  2250  2772 W TelephonyRegistry: Pid 3049 has exceeded half the number of permissible registered listeners. Now at 47
03-31 23:28:11.321  2250  2772 D TelephonyRegistry: listen oscl: mHasNotifySubscriptionInfoChangedOccurred==false no callback
03-31 23:28:11.326  3049  3049 D PhoneSwitcher: PhoneSwitcher started
03-31 23:28:11.327  3049  3049 D ProxyController: Constructor - Enter
03-31 23:28:11.329  3049  3049 D ProxyController: clearTransaction
03-31 23:28:11.329  3049  3049 D ProxyController: clearTransaction: phoneId=0 status=IDLE
03-31 23:28:11.329  3049  3049 D ProxyController: clearTransaction: phoneId=1 status=IDLE
03-31 23:28:11.330  3049  3049 D ProxyController: Constructor - Exit
03-31 23:28:11.334  3049  3049 D QtiTelephonyComponentFactory: make QtiTelephonyNetworkFactory
03-31 23:28:11.336  2250  2768 W TelephonyRegistry: Pid 3049 has exceeded half the number of permissible registered listeners. Now at 48
03-31 23:28:11.336  2250  2768 D TelephonyRegistry: listen oscl: mHasNotifySubscriptionInfoChangedOccurred==false no callback
03-31 23:28:11.337  3049  3049 D TelephonyNetworkFactory[0]: Registering NetworkFactory
03-31 23:28:11.337  3049  3049 D QtiTelephonyComponentFactory: make QtiTelephonyNetworkFactory
03-31 23:28:11.339  2250  2768 W TelephonyRegistry: Pid 3049 has exceeded half the number of permissible registered listeners. Now at 49
03-31 23:28:11.339  2250  2768 D TelephonyRegistry: listen oscl: mHasNotifySubscriptionInfoChangedOccurred==false no callback
03-31 23:28:11.339  3049  3049 D TelephonyNetworkFactory[1]: Registering NetworkFactory
03-31 23:28:11.340  3049  3049 D QtiTelephonyComponentFactory:  makeExtTelephonyClasses 
03-31 23:28:11.344  3049  3049 D FeatureConnector: [ScbmHandler, 0] imsFeatureRemoved: reason=3
03-31 23:28:11.344  3049  3049 D FeatureConnector: [ScbmHandler, 1] imsFeatureRemoved: reason=3
03-31 23:28:11.348  3049  3049 D ExtTelephonyServiceImpl: init constructor, com.qualcomm.qti.internal.telephony.ExtTelephonyServiceImpl@338321d
03-31 23:28:11.349  3049  3049 D ExtTelephonyServiceImpl: ExtTelephonyServiceImpl: Adding IExtTelephony to ServiceManager as qti.radio.extphone
03-31 23:28:11.350  3049  3049 D ExtTelephonyServiceImpl: ExtTelephonyServiceImpl: Adding IExtTelephony to ServiceManager as extphone
03-31 23:28:11.353  3049  3340 D RILJ    : Unsol response received; Sending ack to ril.cpp [PHONE0]
03-31 23:28:11.353  3049  3340 D RILJ    : [UNSL]< UNSOL_RESPONSE_NETWORK_STATE_CHANGED [PHONE0]
03-31 23:28:11.353  3049  3049 D RcsProvisioningMonitor: RcsProvisioningMonitor created.
03-31 23:28:11.356  3049  3340 D RILJ    : Unsol response received; Sending ack to ril.cpp [PHONE0]
03-31 23:28:11.356  3049  3340 D RILJ    : [UNSL]< UNSOL_RESPONSE_NETWORK_STATE_CHANGED [PHONE0]
03-31 23:28:11.356  3049  3049 D RcsStats: RcsStats created.
03-31 23:28:11.357  3049  3049 D RcsProvisioningMonitor: init.
03-31 23:28:11.359  2250  2768 W TelephonyRegistry: Pid 3049 has exceeded half the number of permissible registered listeners. Now at 50
03-31 23:28:11.359  2250  2768 D TelephonyRegistry: listen oscl: mHasNotifySubscriptionInfoChangedOccurred==false no callback
03-31 23:28:11.368  3049  3496 W CarrierConfigManager: Error getting config for subId -1 ICarrierConfigLoader is null
03-31 23:28:11.369  3049  3049 D SatelliteModemInterface: Created SatelliteModemInterface. Attempting to bind to SatelliteService.
03-31 23:28:11.369  3049  3049 E SatelliteModemInterface: Unable to bind to the satellite service because the package is undefined.
03-31 23:28:11.370  3049  3049 D SatelliteStats: SatelliteStats created.
03-31 23:28:11.371  3049  3496 W CarrierConfigManager: Error getting config for subId -1 ICarrierConfigLoader is null
03-31 23:28:11.375  3049  3498 E SatelliteServiceUtils: isSatelliteSupported CommandException: com.android.internal.telephony.CommandException: REQUEST_NOT_SUPPORTED
03-31 23:28:11.375  3049  3498 D SatelliteServiceUtils: isSatelliteSupported error: 11
03-31 23:28:11.375  3049  3498 D SatelliteController: requestIsSatelliteSupported: resultCode=11
03-31 23:28:11.375  3049  3498 E SatelliteServiceUtils: isSatelliteSupported CommandException: com.android.internal.telephony.CommandException: REQUEST_NOT_SUPPORTED
03-31 23:28:11.375  3049  3498 D SatelliteServiceUtils: isSatelliteSupported error: 11
03-31 23:28:11.375  3049  3498 D SatelliteController: requestIsSatelliteSupported: resultCode=11
03-31 23:28:11.375  3049  3049 D SatelliteController: Radios To be checked when satellite is on: 
03-31 23:28:11.376  3049  3049 D SatelliteController: mDisableBTOnSatelliteEnabled: false mDisableNFCOnSatelliteEnabled: false mDisableWifiOnSatelliteEnabled: false mDisableUWBOnSatelliteEnabled: false
03-31 23:28:11.376  3049  3049 D SatelliteController: mBTStateEnabled: false mNfcStateEnabled: false mWifiStateEnabled: false mUwbStateEnabled: false
03-31 23:28:11.386  2250  2768 W TelephonyRegistry: Pid 3049 has exceeded half the number of permissible registered listeners. Now at 51
03-31 23:28:11.387  2250  2770 W TelephonyRegistry: Pid 3049 has exceeded half the number of permissible registered listeners. Now at 52
03-31 23:28:11.392  3049  3049 D ImsStateCallbackController: ImsStateCallbackController created
03-31 23:28:11.393  3049  3049 D ImsStateCallbackController: updateFeatures: oldSlots=0, newNumSlots=2
03-31 23:28:11.397  2250  2770 W TelephonyRegistry: Pid 3049 has exceeded half the number of permissible registered listeners. Now at 53
03-31 23:28:11.397  2250  2770 D TelephonyRegistry: listen oscl: mHasNotifySubscriptionInfoChangedOccurred==false no callback
03-31 23:28:11.402  3049  3049 D RcsStats: created Callback
03-31 23:28:11.402  3049  3049 D RcsStats: UceStatsWriterCallback created.
03-31 23:28:11.403  3049  3503 D ImsStateCallbackController: onExternalRcsStateChanged slotId=0, state=UNAVAILABLE, reason=NO_IMS_SERVICE_CONFIGURED
03-31 23:28:11.403  3049  3503 D ImsStateCallbackController: onExternalRcsStateChanged slotId=1, state=UNAVAILABLE, reason=NO_IMS_SERVICE_CONFIGURED
03-31 23:28:11.403  2250  2419 I commit_sys_config_file: [settings-1-0,1]
03-31 23:28:11.404  3049  3049 I ImsProvisioningController: ImsProvisioningController created
03-31 23:28:11.405  3049  3049 D ImsProvisioningController: ImsProvisioningController
03-31 23:28:11.405  2250  2772 W TelephonyRegistry: Pid 3049 has exceeded half the number of permissible registered listeners. Now at 54
03-31 23:28:11.405  2250  2772 D TelephonyRegistry: listen oscl: mHasNotifySubscriptionInfoChangedOccurred==false no callback
03-31 23:28:11.406  3049  3049 D ImsProvisioningController: MmTelFeatureListener[0] created
03-31 23:28:11.406  3049  3049 D ImsProvisioningController: RcsFeatureListener[0] created
03-31 23:28:11.407  3049  3049 D ImsProvisioningController: ProvisioningCallbackManager[0] ProvisioningCallbackManager create
03-31 23:28:11.407  3049  3049 D ImsProvisioningController: MmTelFeatureListener[1] created
03-31 23:28:11.408  3049  3049 D ImsProvisioningController: RcsFeatureListener[1] created
03-31 23:28:11.409  3049  3049 D ImsProvisioningController: ProvisioningCallbackManager[1] ProvisioningCallbackManager create
03-31 23:28:11.415  2250  2772 W TelephonyRegistry: Pid 3049 has exceeded half the number of permissible registered listeners. Now at 55
03-31 23:28:11.416  2250  2772 D TelephonyRegistry: listen oscl: mHasNotifySubscriptionInfoChangedOccurred==false no callback
03-31 23:28:11.416  3049  3049 D CallManager: registerForMmiComplete
03-31 23:28:11.420  2250  2770 W TelephonyRegistry: Pid 3049 has exceeded half the number of permissible registered listeners. Now at 56
03-31 23:28:11.421  2250  2770 W TelephonyRegistry: Pid 3049 has exceeded half the number of permissible registered listeners. Now at 57
03-31 23:28:11.434  2250  2772 W TelephonyRegistry: Pid 3049 has exceeded half the number of permissible registered listeners. Now at 58
03-31 23:28:11.434  2250  2772 D TelephonyRegistry: listen oscl: mHasNotifySubscriptionInfoChangedOccurred==false no callback
03-31 23:28:11.435  2250  2772 W TelephonyRegistry: Pid 3049 has exceeded half the number of permissible registered listeners. Now at 59
03-31 23:28:11.440   785   785 I auditd  : avc:  denied  { find } for pid=3049 uid=1001 name=vendor.qti.hardware.perf2.IPerf/default scontext=u:r:radio:s0 tcontext=u:object_r:default_android_service:s0 tclass=service_manager permissive=0
03-31 23:28:11.444  3049  3049 D CdmaInboundSmsHandler: StartupState.enter: entering StartupState
03-31 23:28:11.444  3049  3049 D GsmInboundSmsHandler: StartupState.enter: entering StartupState
03-31 23:28:11.445  3049  3049 D CdmaInboundSmsHandler: StartupState.enter: entering StartupState
03-31 23:28:11.445  3049  3049 D GsmInboundSmsHandler: StartupState.enter: entering StartupState
03-31 23:28:11.446  3049  3049 D UiccController: handleMessage: Received RADIO_AVAILABLE for phoneId 0
03-31 23:28:11.446  3049  3049 D UiccController: Received EVENT_RADIO_AVAILABLE/EVENT_RADIO_ON, calling getIccCardStatus
03-31 23:28:11.449  3049  3049 D RILJ    : [0022]> GET_SIM_STATUS [PHONE0]
03-31 23:28:11.449  3049  3049 D UiccController: Received EVENT_RADIO_AVAILABLE/EVENT_RADIO_ON for phoneId 0, calling getIccSlotsStatus
03-31 23:28:11.450  3049  3049 D RadioConfig: [0023]> GET_SLOT_STATUS
03-31 23:28:11.450  3049  3049 D UiccController: handleMessage: Received RADIO_AVAILABLE for phoneId 1
03-31 23:28:11.450  3049  3049 D UiccController: Received EVENT_RADIO_AVAILABLE/EVENT_RADIO_ON, calling getIccCardStatus
03-31 23:28:11.454  3049  3049 D RILJ    : [0024]> GET_SIM_STATUS [PHONE1]
03-31 23:28:11.454  3049  3049 D SMSVC   : Subscription database has been initialized.
03-31 23:28:11.455  3049  3049 D SMSVC   : markSubscriptionsInactive: slot 0
03-31 23:28:11.456  3049  3049 D SMSVC   : markSubscriptionsInactive: current mapping []
03-31 23:28:11.456  3049  3049 D SMSVC   : markSubscriptionsInactive: slot 1
03-31 23:28:11.456  3049  3049 D SMSVC   : markSubscriptionsInactive: current mapping []
03-31 23:28:11.456  3049  3049 D QtiGsmCdmaPhone: [0 ] handleMessage: Event: 30
03-31 23:28:11.456  3049  3049 D QtiGsmCdmaPhone: [0 ] handleMessage: Event: 37
03-31 23:28:11.456  3049  3049 D Phone   : config LCE service failed: com.android.internal.telephony.CommandException: REQUEST_NOT_SUPPORTED
03-31 23:28:11.457  3049  3049 D RILJ    : [0025]> GET_CURRENT_CALLS [PHONE0]
03-31 23:28:11.462  3049  3141 D RILJ    : [0025]< GET_CURRENT_CALLS {} [PHONE0]
03-31 23:28:11.463  3049  3049 D GsmSMSDispatcher: GsmSMSDispatcher: subId = -1 slotId = 0
03-31 23:28:11.464  3049  3049 D GsmInboundSmsHandler: StartupState.processMessage: processing EVENT_START_ACCEPTING_SMS
03-31 23:28:11.464  3049  3049 D GsmInboundSmsHandler: IdleState.enter: entering IdleState
03-31 23:28:11.464  3049  3049 D CdmaInboundSmsHandler: StartupState.processMessage: processing EVENT_START_ACCEPTING_SMS
03-31 23:28:11.464  3049  3049 D CdmaInboundSmsHandler: IdleState.enter: entering IdleState
03-31 23:28:11.464  3049  3370 D RILJ    : responseIccCardStatus: from AIDL: IccCardState {CARDSTATE_PRESENT,PINSTATE_UNKNOWN,num_apps=0,gsm_id=-1,cdma_id=-1,ims_id=-1,atr=3b9f96803fc7828031e073f6a157574a4d020c611000fe,iccid=890000000[****],eid=[****],SupportedMepMode=NONE,SlotPortMapping={physicalSlotIndex=1, portIndex=0}} [PHONE1]
03-31 23:28:11.465  3049  3049 D RILJ    : [0026]> IMS_REGISTRATION_STATE [PHONE0]
03-31 23:28:11.465  3049  3370 D RILJ    : [0024]< GET_SIM_STATUS IccCardState {CARDSTATE_PRESENT,PINSTATE_UNKNOWN,num_apps=0,gsm_id=-1,cdma_id=-1,ims_id=-1,atr=3b9f96803fc7828031e073f6a157574a4d020c611000fe,iccid=890000000[****],eid=[****],SupportedMepMode=NONE,SlotPortMapping={physicalSlotIndex=1, portIndex=0}} [PHONE1]
03-31 23:28:11.468  3049  3049 D QtiGsmCdmaPhone: [0 ] handleMessage: Event: 1
03-31 23:28:11.468  3049  3371 D RadioConfigResponseAidl: [0023]< GET_SLOT_STATUS [IccSlotStatus {CARDSTATE_ABSENT,atr=,eid=,num_ports=1, IccSimPortInfo-0{iccid=,logicalSlotIndex=0,portActive=true}, SupportedMepMode=NONE}, IccSlotStatus {CARDSTATE_PRESENT,atr=3b9f96803fc7828031e073f6a157574a4d020c611000fe,eid=[****],num_ports=1, IccSimPortInfo-0{iccid=890000000[****],logicalSlotIndex=1,portActive=true}, SupportedMepMode=NONE}]
03-31 23:28:11.470  3049  3141 D RILJ    : [0026]< IMS_REGISTRATION_STATE {0, 1} [PHONE0]
03-31 23:28:11.470  3049  3049 D RILJ    : [0027]> BASEBAND_VERSION [PHONE0]
03-31 23:28:11.470  3049  3340 D RILJ    : responseIccCardStatus: from AIDL: IccCardState {CARDSTATE_ABSENT,PINSTATE_UNKNOWN,num_apps=0,gsm_id=-1,cdma_id=-1,ims_id=-1,atr=,iccid=,eid=,SupportedMepMode=NONE,SlotPortMapping={physicalSlotIndex=0, portIndex=0}} [PHONE0]
03-31 23:28:11.470  3049  3049 E RILJ    : getImei: REQUEST_NOT_SUPPORTED
03-31 23:28:11.470  3049  3340 D RILJ    : [0022]< GET_SIM_STATUS IccCardState {CARDSTATE_ABSENT,PINSTATE_UNKNOWN,num_apps=0,gsm_id=-1,cdma_id=-1,ims_id=-1,atr=,iccid=,eid=,SupportedMepMode=NONE,SlotPortMapping={physicalSlotIndex=0, portIndex=0}} [PHONE0]
03-31 23:28:11.471  3049  3049 D RILJ    : [0028]> DEVICE_IDENTITY [PHONE0]
03-31 23:28:11.472  3049  3370 D RILJ    : [0027]< BASEBAND_VERSION MPSS.HA.1.1-00502-KD_ALL_PACK-1 [PHONE0]
03-31 23:28:11.472  3049  3049 D RILJ    : [0029]> GET_RADIO_CAPABILITY [PHONE0]
03-31 23:28:11.473  3049  3049 D RILJ    : [0030]> GET_UICC_APPLICATIONS_ENABLEMENT [PHONE0]
03-31 23:28:11.474  3049  3370 D RILJ    : [0028]< DEVICE_IDENTITY {[****], 00, 00000000, 00000000000000} [PHONE0]
03-31 23:28:11.474  3049  3340 D RILJ    : [0030]< GET_UICC_APPLICATIONS_ENABLEMENT error 2 [PHONE0]
03-31 23:28:11.474  3049  3340 D RilRequest: [0030]< GET_UICC_APPLICATIONS_ENABLEMENT error: com.android.internal.telephony.CommandException: GENERIC_FAILURE ret=false result={ when=-21s587ms what=55 target=com.qualcomm.qti.internal.telephony.QtiGsmCdmaPhone }
03-31 23:28:11.475  3049  3049 D RILJ    : setNullCipherAndIntegrityEnabled: REQUEST_NOT_SUPPORTED
03-31 23:28:11.475  3049  3370 D RILJ    : convertHalRadioCapability: session=0, phase=0, rat=36964, logicModemUuid=0, status=1, rcRil.raf=82248 [PHONE0]
03-31 23:28:11.475  3049  3049 D RILJ    : startLceService: REQUEST_NOT_SUPPORTED
03-31 23:28:11.475  3049  3370 D RILJ    : [0029]< GET_RADIO_CAPABILITY {mPhoneId = 0 mVersion=1 mSession=0 mPhase=0 mRadioAccessFamily=36964 mLogicModemId=0 mStatus=1} [PHONE0]
03-31 23:28:11.479  3049  3049 D RILJ    : [0031]> SET_SUPP_SVC_NOTIFICATION enable = true [PHONE0]
03-31 23:28:11.479  3049  3049 D QtiGsmCdmaPhone: [0 ] handleMessage: Event: 5
03-31 23:28:11.479  3049  3049 D GsmCdmaPhone: [0] Event EVENT_RADIO_ON Received
03-31 23:28:11.480  3049  3049 D RILJ    : [0032]> VOICE_RADIO_TECH [PHONE0]
03-31 23:28:11.480  3049  3049 D QtiGsmCdmaPhone: [0 ] handleMessage: Event: 47
03-31 23:28:11.481  3049  3049 D GsmCdmaPhone: [0] EVENT EVENT_RADIO_STATE_CHANGED
03-31 23:28:11.481  3049  3049 D GsmCdmaPhone: handleRadioPowerStateChange, state= 1
03-31 23:28:11.482  3049  3370 D RILJ    : [0032]< VOICE_RADIO_TECH {2} [PHONE0]
03-31 23:28:11.483  3049  3370 D RILJ    : [0031]< SET_SUPP_SVC_NOTIFICATION  [PHONE0]
03-31 23:28:11.488  3049  3049 D RILJ    : [0033]> CDMA_GET_SUBSCRIPTION_SOURCE [PHONE0]
03-31 23:28:11.490  3049  3049 D QtiGsmCdmaPhone: [0 ] handleMessage: Event: 41
03-31 23:28:11.491  3049  3370 D RILJ    : [0033]< CDMA_GET_SUBSCRIPTION_SOURCE {0} [PHONE0]
03-31 23:28:11.494  3049  3049 D ANM-0   : bind to vendor.qti.iwlan
03-31 23:28:11.501  3049  3049 D SSCtr   : No matching configuration
03-31 23:28:11.504  3049  3049 D RILJ    : [0034]> SET_SIGNAL_STRENGTH_REPORTING_CRITERIA [PHONE0]
03-31 23:28:11.506  3049  3049 D SSCtr   : setSignalStrengthReportingCriteria consolidatedSignalThresholdInfos=[SignalThresholdInfo{mRan=1 mSignalMeasurementType=1 mHysteresisMs=3000 mHysteresisDb=2 mThresholds=[-109, -103, -97, -89] mIsEnabled=true}, SignalThresholdInfo{mRan=2 mSignalMeasurementType=2 mHysteresisMs=3000 mHysteresisDb=2 mThresholds=[-114, -104, -94, -84] mIsEnabled=true}, SignalThresholdInfo{mRan=3 mSignalMeasurementType=3 mHysteresisMs=3000 mHysteresisDb=2 mThresholds=[-128, -118, -108, -98] mIsEnabled=true}, SignalThresholdInfo{mRan=4 mSignalMeasurementType=1 mHysteresisMs=3000 mHysteresisDb=2 mThresholds=[-105, -90, -75, -65] mIsEnabled=true}, SignalThresholdInfo{mRan=3 mSignalMeasurementType=4 mHysteresisMs=3000 mHysteresisDb=2 mThresholds=[] mIsEnabled=false}, SignalThresholdInfo{mRan=3 mSignalMeasurementType=5 mHysteresisMs=3000 mHysteresisDb=2 mThresholds=[-3, 1, 5, 13] mIsEnabled=true}, SignalThresholdInfo{mRan=6 mSignalMeasurementType=6 mHysteresisMs=3000 mHysteresisDb=2 mThresholds=[-110, -90, -80, -65] mIsEnabled=true}, SignalThresholdInfo{mRan=6 mSignalMeasurementType=7 mHysteresisMs=3000 mHysteresisDb=2 mThresholds=[] mIsEnabled=false}, SignalThresholdInfo{mRan=6 mSignalMeasurementType=8 mHysteresisMs=3000 mHysteresisDb=2 mThresholds=[] mIsEnabled=false}, SignalThresholdInfo{mRan=2 mSignalMeasurementType=9 mHysteresisMs=3000 mHysteresisDb=2 mThresholds=[] mIsEnabled=false}]
03-31 23:28:11.506  3049  3049 D SSCtr   : No matching configuration
03-31 23:28:11.507  3049  3049 D RILJ    : [0035]> SET_SIGNAL_STRENGTH_REPORTING_CRITERIA [PHONE0]
03-31 23:28:11.508  3049  3049 D SSCtr   : setSignalStrengthReportingCriteria consolidatedSignalThresholdInfos=[SignalThresholdInfo{mRan=1 mSignalMeasurementType=1 mHysteresisMs=3000 mHysteresisDb=2 mThresholds=[-109, -103, -97, -89] mIsEnabled=true}, SignalThresholdInfo{mRan=2 mSignalMeasurementType=2 mHysteresisMs=3000 mHysteresisDb=2 mThresholds=[-114, -104, -94, -84] mIsEnabled=true}, SignalThresholdInfo{mRan=3 mSignalMeasurementType=3 mHysteresisMs=3000 mHysteresisDb=2 mThresholds=[-128, -118, -108, -98] mIsEnabled=true}, SignalThresholdInfo{mRan=4 mSignalMeasurementType=1 mHysteresisMs=3000 mHysteresisDb=2 mThresholds=[-105, -90, -75, -65] mIsEnabled=true}, SignalThresholdInfo{mRan=3 mSignalMeasurementType=4 mHysteresisMs=3000 mHysteresisDb=2 mThresholds=[] mIsEnabled=false}, SignalThresholdInfo{mRan=3 mSignalMeasurementType=5 mHysteresisMs=3000 mHysteresisDb=2 mThresholds=[-3, 1, 5, 13] mIsEnabled=true}, SignalThresholdInfo{mRan=6 mSignalMeasurementType=6 mHysteresisMs=3000 mHysteresisDb=2 mThresholds=[-110, -90, -80, -65] mIsEnabled=true}, SignalThresholdInfo{mRan=6 mSignalMeasurementType=7 mHysteresisMs=3000 mHysteresisDb=2 mThresholds=[] mIsEnabled=false}, SignalThresholdInfo{mRan=6 mSignalMeasurementType=8 mHysteresisMs=3000 mHysteresisDb=2 mThresholds=[] mIsEnabled=false}, SignalThresholdInfo{mRan=2 mSignalMeasurementType=9 mHysteresisMs=3000 mHysteresisDb=2 mThresholds=[] mIsEnabled=false}]
03-31 23:28:11.508  3049  3049 D SST     : [0] handleMessage: received event 42
03-31 23:28:11.509  3049  3049 D SST     : [0] EVENT_ICC_CHANGED: SIM absent
03-31 23:28:11.510  3049  3049 D SST     : [0] cancelAllNotifications: mPrevSubId=-1
03-31 23:28:11.510  3049  3370 D RILJ    : [0034]< SET_SIGNAL_STRENGTH_REPORTING_CRITERIA  [PHONE0]
03-31 23:28:11.510  3049  3049 D SST     : [0] updateSpnDisplayLegacy+
03-31 23:28:11.511  3049  3370 D RILJ    : [0035]< SET_SIGNAL_STRENGTH_REPORTING_CRITERIA  [PHONE0]
03-31 23:28:11.514  3049  3049 D SST     : [0] updateSpnDisplay: radio is on but out of service, set plmn='No service'
03-31 23:28:11.514  2961  2961 D QualifiedNetworksService: Qualified networks service created
03-31 23:28:11.515  3049  3049 D SST     : [0] updateSpnDisplay: rawSpn = 
03-31 23:28:11.516  3049  3049 D SST     : [0] updateSpnDisplay: updateSpnDisplay: changed sending intent, rule=2, showPlmn='true', plmn='No service', showSpn='false', spn='', dataSpn='', subId='-1'
03-31 23:28:11.516  3049  3049 D SubscriptionManager: putPhoneIdAndSubIdExtra: no valid subs
03-31 23:28:11.517  3049  3049 D SST     : [0] updateSpnDisplayLegacy-
03-31 23:28:11.519  3049  3049 D NRM-C-0 : Trying to bind com.android.phone for transport WWAN
03-31 23:28:11.524  3049  3049 D NRM-I-0 : Trying to bind vendor.qti.iwlan for transport WLAN
03-31 23:28:11.528  3049  3049 D SST     : [0] handleMessage: received event 1
03-31 23:28:11.528  2961  2961 D NetworkService: network service created
03-31 23:28:11.528  3049  3049 D SST     : [0] setPowerStateToDesired: mDeviceShuttingDown=false, mDesiredPowerState=true, getRadioState=1, mRadioPowerOffReasons=[], IMS reg state=false, pending radio off=false
03-31 23:28:11.529  3049  3049 D SST     : [0] pollState: modemTriggered=true, radioState=1
03-31 23:28:11.529  3049  3049 D SST     : [0] QTISST: issuePollCommands
03-31 23:28:11.531  3049  3049 D RILJ    : [0036]> OPERATOR [PHONE0]
03-31 23:28:11.532  3049  3049 D RILJ    : [0037]> DATA_REGISTRATION_STATE [PHONE0]
03-31 23:28:11.532  3049  3049 D RILJ    : getDataRegistrationState: overrideHalVersion=null [PHONE0]
03-31 23:28:11.534  3049  3370 D RILJ    : [0036]< OPERATOR {, , } [PHONE0]
03-31 23:28:11.540  1479  1900 I qcrilNrd: RIL Response bytes written:4
03-31 23:28:11.540  1479  1900 I qcrilNrd: RIL Response bytes written:8
03-31 23:28:11.540  3049  3370 D RILJ    : [0037]< DATA_REGISTRATION_STATE android.hardware.radio.network.RegStateResult{regState: NOT_REG_MT_SEARCHING_OP_EM, rat: EDGE, reasonForDenial: NONE, cellIdentity: android.hardware.radio.network.CellIdentity.gsm(android.hardware.radio.network.CellIdentityGsm{mcc: 460, mnc: 00, lac: 6156, cid: 6853, arfcn: 63, bsic: 49, operatorNames: android.hardware.radio.network.OperatorInfo{alphaLong: CHINA MOBILE, alphaShort: CMCC, operatorNumeric: 46000, status: 2}, additionalPlmns: []}), registeredPlmn: 46000, accessTechnologySpecificInfo: android.hardware.radio.network.AccessTechnologySpecificInfo.noinit(false)} [PHONE0]
03-31 23:28:11.541  1167  2305 D RequestManager: [RequestManager.cpp: 341] [Loc_hal_worker(1167,2305)] listenForResponses: record_stream_get_next: recordLen: 8, ret: 0, errno: 0, errStr: Success, socket fd: 32
03-31 23:28:11.541  1167  2305 D RequestManager: [RequestManager.cpp: 358] [Loc_hal_worker(1167,2305)] listenForResponses: Got a response parcel
03-31 23:28:11.541  1167  2305 D RequestManager: [RequestManager.cpp: 483] [Loc_hal_worker(1167,2305)] issueRequest: Pushing a request to the queue.
03-31 23:28:11.541  1167  2305 D RequestManager: [RequestManager.cpp: 495] [Loc_hal_worker(1167,2305)] issueRequest: Pushed a request to the queue.
03-31 23:28:11.541  1167  2304 D RequestManager: [RequestManager.cpp: 135] [Loc_hal_worker(1167,2304)] listenForRequests: Got one or more requests.
03-31 23:28:11.541  1167  2304 D RequestManager: [RequestManager.cpp: 139] [Loc_hal_worker(1167,2304)] listenForRequests: Processing request with ID 1.
03-31 23:28:11.541  3049  3049 D RILJ    : [0038]> VOICE_REGISTRATION_STATE [PHONE0]
03-31 23:28:11.541  3049  3049 D RILJ    : getVoiceRegistrationState: overrideHalVersion=null [PHONE0]
03-31 23:28:11.541  1167  2304 D RequestManager: [RequestManager.cpp: 167] [Loc_hal_worker(1167,2304)] listenForRequests: Sending request to the server.
03-31 23:28:11.542  1167  2304 D RequestManager: [RequestManager.cpp: 222] [Loc_hal_worker(1167,2304)] sendRequestToServer: Sending buffer of size 12
03-31 23:28:11.542  1167  2304 D RequestManager: [RequestManager.cpp: 268] [Loc_hal_worker(1167,2304)] writeToSocket: Buffer contents: 00 00 00 0C 
03-31 23:28:11.542  1167  2304 D RequestManager: [RequestManager.cpp: 278] [Loc_hal_worker(1167,2304)] writeToSocket: Wrote 4 bytes to the socket.
03-31 23:28:11.542  1167  2304 D RequestManager: [RequestManager.cpp: 268] [Loc_hal_worker(1167,2304)] writeToSocket: Buffer contents: 01 00 00 00 
03-31 23:28:11.542  1167  2304 D RequestManager: [RequestManager.cpp: 278] [Loc_hal_worker(1167,2304)] writeToSocket: Wrote 4 bytes to the socket.
03-31 23:28:11.542  1167  2304 D RequestManager: [RequestManager.cpp: 268] [Loc_hal_worker(1167,2304)] writeToSocket: Buffer contents: 10 DF C8 C7 7B 00 00 B4 
03-31 23:28:11.542  3049  3141 D RILJ    : Unsol response received; Sending ack to ril.cpp [PHONE0]
03-31 23:28:11.542  3049  3141 D RILJ    : [UNSL]< UNSOL_RESPONSE_NETWORK_STATE_CHANGED [PHONE0]
03-31 23:28:11.542  1479  1900 I qcrilNrd: Buffer size: 12
03-31 23:28:11.542  1479  1900 I qcrilNrd: Buffer contents: 01 00 00 00 10 DF C8 C7 7B 00 00 B4 
03-31 23:28:11.542  1167  2304 D RequestManager: [RequestManager.cpp: 278] [Loc_hal_worker(1167,2304)] writeToSocket: Wrote 8 bytes to the socket.
03-31 23:28:11.543  1479  1934 I qcrilNrd: RIL Response bytes written:4
03-31 23:28:11.543  1479  1934 I qcrilNrd: RIL Response bytes written:60
03-31 23:28:11.543  1167  2305 D RequestManager: [RequestManager.cpp: 341] [Loc_hal_worker(1167,2305)] listenForResponses: record_stream_get_next: recordLen: 60, ret: 0, errno: 0, errStr: Success, socket fd: 32
03-31 23:28:11.543  1167  2305 D RequestManager: [RequestManager.cpp: 358] [Loc_hal_worker(1167,2305)] listenForResponses: Got a response parcel
03-31 23:28:11.543  1167  2305 D RequestManager: [RequestManager.cpp: 483] [Loc_hal_worker(1167,2305)] issueRequest: Pushing a request to the queue.
03-31 23:28:11.544  1167  2305 D RequestManager: [RequestManager.cpp: 495] [Loc_hal_worker(1167,2305)] issueRequest: Pushed a request to the queue.
03-31 23:28:11.544  1167  2304 D RequestManager: [RequestManager.cpp: 135] [Loc_hal_worker(1167,2304)] listenForRequests: Got one or more requests.
03-31 23:28:11.544  1167  2304 D RequestManager: [RequestManager.cpp: 139] [Loc_hal_worker(1167,2304)] listenForRequests: Processing request with ID 28.
03-31 23:28:11.544  1167  2304 D RequestManager: [RequestManager.cpp: 167] [Loc_hal_worker(1167,2304)] listenForRequests: Sending request to the server.
03-31 23:28:11.544  1167  2304 D RequestManager: [RequestManager.cpp: 222] [Loc_hal_worker(1167,2304)] sendRequestToServer: Sending buffer of size 56
03-31 23:28:11.544  1167  2304 D RequestManager: [RequestManager.cpp: 268] [Loc_hal_worker(1167,2304)] writeToSocket: Buffer contents: 00 00 00 38 
03-31 23:28:11.544  1167  2304 D RequestManager: [RequestManager.cpp: 278] [Loc_hal_worker(1167,2304)] writeToSocket: Wrote 4 bytes to the socket.
03-31 23:28:11.544  1167  2304 D RequestManager: [RequestManager.cpp: 268] [Loc_hal_worker(1167,2304)] writeToSocket: Buffer contents: 1C 00 00 00 
03-31 23:28:11.544  1167  2304 D RequestManager: [RequestManager.cpp: 278] [Loc_hal_worker(1167,2304)] writeToSocket: Wrote 4 bytes to the socket.
03-31 23:28:11.544  1167  2304 D RequestManager: [RequestManager.cpp: 268] [Loc_hal_worker(1167,2304)] writeToSocket: Buffer contents: 50 E3 C8 C7 7B 00 00 B4 
03-31 23:28:11.544  1167  2304 D RequestManager: [RequestManager.cpp: 278] [Loc_hal_worker(1167,2304)] writeToSocket: Wrote 8 bytes to the socket.
03-31 23:28:11.544  1167  2304 D RequestManager: [RequestManager.cpp: 268] [Loc_hal_worker(1167,2304)] writeToSocket: Buffer contents: 00 00 00 B0 00 00 6F AD 00 00 00 08 33 46 30 30 37 46 46 46 00 00 00 00 00 00 00 00 00 00 00 00 FF FF FF FF FF FF FF FF 00 00 00 00 
03-31 23:28:11.545  1479  1900 I qcrilNrd: Buffer size: 56
03-31 23:28:11.545  1479  1900 I qcrilNrd: Buffer contents: 1C 00 00 00 50 E3 C8 C7 7B 00 00 B4 00 00 00 B0 00 00 6F AD 00 00 00 08 33 46 30 30 37 46 46 46 00 00 00 00 00 00 00 00 00 00 00 00 FF FF FF FF FF FF FF FF 00 00 00 00 
03-31 23:28:11.545  1167  2304 D RequestManager: [RequestManager.cpp: 278] [Loc_hal_worker(1167,2304)] writeToSocket: Wrote 44 bytes to the socket.
03-31 23:28:11.545  3049  3141 D RILJ    : [0038]< VOICE_REGISTRATION_STATE android.hardware.radio.network.RegStateResult{regState: NOT_REG_MT_SEARCHING_OP_EM, rat: GSM, reasonForDenial: NONE, cellIdentity: android.hardware.radio.network.CellIdentity.gsm(android.hardware.radio.network.CellIdentityGsm{mcc: 460, mnc: 00, lac: 6156, cid: 6853, arfcn: 63, bsic: 49, operatorNames: android.hardware.radio.network.OperatorInfo{alphaLong: CHINA MOBILE, alphaShort: CMCC, operatorNumeric: 46000, status: 2}, additionalPlmns: []}), registeredPlmn: 46000, accessTechnologySpecificInfo: android.hardware.radio.network.AccessTechnologySpecificInfo.geranDtmSupported(false)} [PHONE0]
03-31 23:28:11.545  1479  1934 I qcrilNrd: RIL Response bytes written:4
03-31 23:28:11.545  1479  1934 I qcrilNrd: RIL Response bytes written:28
03-31 23:28:11.546  3049  3049 D RILJ    : [0040]> QUERY_NETWORK_SELECTION_MODE [PHONE0]
03-31 23:28:11.546  1479  1900 I qcrilNrd: RIL Response bytes written:4
03-31 23:28:11.546  1479  1900 I qcrilNrd: RIL Response bytes written:12
03-31 23:28:11.546  3049  3141 D RILJ    : Unsol response received; Sending ack to ril.cpp [PHONE0]
03-31 23:28:11.547  1167  2305 D RequestManager: [RequestManager.cpp: 341] [Loc_hal_worker(1167,2305)] listenForResponses: record_stream_get_next: recordLen: 28, ret: 0, errno: 0, errStr: Success, socket fd: 32
03-31 23:28:11.547  1167  2305 D RequestManager: [RequestManager.cpp: 358] [Loc_hal_worker(1167,2305)] listenForResponses: Got a response parcel
03-31 23:28:11.547  1167  2305 D RequestManager: [RequestManager.cpp: 483] [Loc_hal_worker(1167,2305)] issueRequest: Pushing a request to the queue.
03-31 23:28:11.547  1167  2305 D RequestManager: [RequestManager.cpp: 495] [Loc_hal_worker(1167,2305)] issueRequest: Pushed a request to the queue.
03-31 23:28:11.547  1167  2304 D RequestManager: [RequestManager.cpp: 135] [Loc_hal_worker(1167,2304)] listenForRequests: Got one or more requests.
03-31 23:28:11.547  1167  2304 D RequestManager: [RequestManager.cpp: 139] [Loc_hal_worker(1167,2304)] listenForRequests: Processing request with ID 11.
03-31 23:28:11.547  1167  2304 D RequestManager: [RequestManager.cpp: 167] [Loc_hal_worker(1167,2304)] listenForRequests: Sending request to the server.
03-31 23:28:11.547  1167  2305 D RequestManager: [RequestManager.cpp: 341] [Loc_hal_worker(1167,2305)] listenForResponses: record_stream_get_next: recordLen: 12, ret: 0, errno: 0, errStr: Success, socket fd: 32
03-31 23:28:11.547  1167  2304 D RequestManager: [RequestManager.cpp: 222] [Loc_hal_worker(1167,2304)] sendRequestToServer: Sending buffer of size 20
03-31 23:28:11.547  1167  2305 D RequestManager: [RequestManager.cpp: 358] [Loc_hal_worker(1167,2305)] listenForResponses: Got a response parcel
03-31 23:28:11.547  1167  2304 D RequestManager: [RequestManager.cpp: 268] [Loc_hal_worker(1167,2304)] writeToSocket: Buffer contents: 00 00 00 14 
03-31 23:28:11.548  1167  2304 D RequestManager: [RequestManager.cpp: 278] [Loc_hal_worker(1167,2304)] writeToSocket: Wrote 4 bytes to the socket.
03-31 23:28:11.548  1167  2304 D RequestManager: [RequestManager.cpp: 268] [Loc_hal_worker(1167,2304)] writeToSocket: Buffer contents: 0B 00 00 00 
03-31 23:28:11.548  1167  2304 D RequestManager: [RequestManager.cpp: 278] [Loc_hal_worker(1167,2304)] writeToSocket: Wrote 4 bytes to the socket.
03-31 23:28:11.548  1167  2304 D RequestManager: [RequestManager.cpp: 268] [Loc_hal_worker(1167,2304)] writeToSocket: Buffer contents: D0 61 C8 C7 7B 00 00 B4 
03-31 23:28:11.548  1167  2304 D RequestManager: [RequestManager.cpp: 278] [Loc_hal_worker(1167,2304)] writeToSocket: Wrote 8 bytes to the socket.
03-31 23:28:11.548  1167  2304 D RequestManager: [RequestManager.cpp: 268] [Loc_hal_worker(1167,2304)] writeToSocket: Buffer contents: 00 00 00 01 00 00 00 00 
03-31 23:28:11.548  1167  2304 D RequestManager: [RequestManager.cpp: 278] [Loc_hal_worker(1167,2304)] writeToSocket: Wrote 8 bytes to the socket.
03-31 23:28:11.549  1479  1900 I qcrilNrd: Buffer size: 20
03-31 23:28:11.549  1479  1900 I qcrilNrd: Buffer contents: 0B 00 00 00 D0 61 C8 C7 7B 00 00 B4 00 00 00 01 00 00 00 00 
03-31 23:28:11.550  3049  3370 D RILJ    : [0040]< QUERY_NETWORK_SELECTION_MODE {0} [PHONE0]
03-31 23:28:11.550  3049  3049 D QtiSmsDispatchersController: ExtTelephonyService connected
03-31 23:28:11.552  1479  1934 I qcrilNrd: RIL Response bytes written:4
03-31 23:28:11.552  1479  1934 I qcrilNrd: RIL Response bytes written:20
03-31 23:28:11.552  1167  2305 D RequestManager: [RequestManager.cpp: 341] [Loc_hal_worker(1167,2305)] listenForResponses: record_stream_get_next: recordLen: 20, ret: 0, errno: 0, errStr: Success, socket fd: 32
03-31 23:28:11.552  1167  2305 D RequestManager: [RequestManager.cpp: 358] [Loc_hal_worker(1167,2305)] listenForResponses: Got a response parcel
03-31 23:28:11.555  3049  3049 D QtiSmsDispatchersController: mClient = Client{mId=0, mUid=1001, mPackageName='com.android.phone', mCallback=com.qti.extphone.ExtPhoneCallbackListener$IExtPhoneCallbackStub@f60f51c}
03-31 23:28:11.556  3049  3049 D DNC-0   : ExtTelephonyService connected
03-31 23:28:11.560  3049  3049 D DNC-0   : Client = Client{mId=1, mUid=1001, mPackageName='com.android.phone', mCallback=com.qti.extphone.ExtPhoneCallbackListener$IExtPhoneCallbackStub@69f1525}
03-31 23:28:11.562  3049  3430 D QtiSmsDispatchersController: ExtPhoneCallback: getSecureModeStatusResponse enabled: false
03-31 23:28:11.571  3049  3049 D DNC-0   : isCiwlanFeatureEnabledByPlatform: false
03-31 23:28:11.573  3049  3049 D QtiGsmCdmaPhone: [0 ] ExtTelephonyService connected
03-31 23:28:11.575  3049  3049 D QtiGsmCdmaPhone: [0 ] mClient = Client{mId=2, mUid=1001, mPackageName='com.android.phone', mCallback=com.qti.extphone.ExtPhoneCallbackListener$IExtPhoneCallbackStub@9cb76fa}
03-31 23:28:11.576  3049  3049 D QtiSmsDispatchersController: ExtTelephonyService connected
03-31 23:28:11.578  3049  3049 D QtiSmsDispatchersController: mClient = Client{mId=3, mUid=1001, mPackageName='com.android.phone', mCallback=com.qti.extphone.ExtPhoneCallbackListener$IExtPhoneCallbackStub@93e04ab}
03-31 23:28:11.578  3049  3430 D QtiGsmCdmaPhone: [0 ] ExtPhoneCallback: getSecureModeStatusResponse enabled: false
03-31 23:28:11.584  3049  3049 D DNC-1   : ExtTelephonyService connected
03-31 23:28:11.584  3049  3430 D QtiSmsDispatchersController: ExtPhoneCallback: getSecureModeStatusResponse enabled: false
03-31 23:28:11.586  3049  3049 D DNC-1   : Client = Client{mId=4, mUid=1001, mPackageName='com.android.phone', mCallback=com.qti.extphone.ExtPhoneCallbackListener$IExtPhoneCallbackStub@c164708}
03-31 23:28:11.589  3049  3049 D DNC-1   : isCiwlanFeatureEnabledByPlatform: false
03-31 23:28:11.589  3049  3049 D QtiGsmCdmaPhone: [1 ] ExtTelephonyService connected
03-31 23:28:11.596  3049  3049 D QtiGsmCdmaPhone: [1 ] mClient = Client{mId=5, mUid=1001, mPackageName='com.android.phone', mCallback=com.qti.extphone.ExtPhoneCallbackListener$IExtPhoneCallbackStub@750dea1}
03-31 23:28:11.597  3049  3049 D PhoneSwitcher: ExtTelephony Service connected
03-31 23:28:11.601  3049  3049 D PhoneSwitcher: Client = Client{mId=6, mUid=1001, mPackageName='com.android.phone', mCallback=com.qti.extphone.ExtPhoneCallbackListener$IExtPhoneCallbackStub@2ca08c6}
03-31 23:28:11.605  3049  3049 D PhoneSwitcher: isSmartDdsSwitchFeatureAvailable: true
03-31 23:28:11.605  3049  3049 D DCM-0   : getAutoDataSwitchAvailabilityStabilityTimeThreshold:  mIsSmartDdsSwitchFeatureAvailable=true
03-31 23:28:11.606  3049  3049 D QtiPhoneUtils: mExtTelManagerServiceCallback: service connected Client{mId=7, mUid=1001, mPackageName='com.android.phone', mCallback=com.qti.extphone.ExtPhoneCallbackListener$IExtPhoneCallbackStub@dd64087}
03-31 23:28:11.607  3049  3049 D QtiPhoneUtils: queryDsdsToSsConfig value = 0
03-31 23:28:11.608  3049  3049 D QtiPhoneUtils: isSmartDdsSwitchFeatureAvailable: true
03-31 23:28:11.608  3049  3049 D DCM-0   : onQtiPhoneReady
03-31 23:28:11.608  3049  3049 D DCM-1   : onQtiPhoneReady
03-31 23:28:11.608  3049  3049 D SST     : [0] handleMessage: received event 50
03-31 23:28:11.608  3049  3049 D SST     : [0] setPowerStateToDesired: mDeviceShuttingDown=false, mDesiredPowerState=true, getRadioState=1, mRadioPowerOffReasons=[], IMS reg state=false, pending radio off=false
03-31 23:28:11.608  3049  3049 D SST     : [0] pollState: modemTriggered=true, radioState=1
03-31 23:28:11.608  3049  3049 D SST     : [0] QTISST: issuePollCommands
03-31 23:28:11.610  3049  3049 D RILJ    : [0042]> OPERATOR [PHONE0]
03-31 23:28:11.612  3049  3370 D RILJ    : [0042]< OPERATOR {, , } [PHONE0]
03-31 23:28:11.613  3049  3430 D QtiGsmCdmaPhone: [1 ] ExtPhoneCallback: getSecureModeStatusResponse enabled: false
03-31 23:28:11.615  3049  3049 D RILJ    : [0043]> DATA_REGISTRATION_STATE [PHONE0]
03-31 23:28:11.615  3049  3049 D RILJ    : getDataRegistrationState: overrideHalVersion=null [PHONE0]
03-31 23:28:11.616  3049  3049 D RILJ    : [0044]> VOICE_REGISTRATION_STATE [PHONE0]
03-31 23:28:11.616  3049  3049 D RILJ    : getVoiceRegistrationState: overrideHalVersion=null [PHONE0]
03-31 23:28:11.617  3049  3049 D RILJ    : [0045]> QUERY_NETWORK_SELECTION_MODE [PHONE0]
03-31 23:28:11.619  3049  3049 D Phone   : [0] SubId-1,get allowed network types user: value = GPRS|EDGE|UMTS|CDMA|CDMA - EvDo rev. 0|CDMA - EvDo rev. A|CDMA - 1xRTT|HSDPA|HSUPA|HSPA|CDMA - EvDo rev. B|LTE|CDMA - eHRPD|HSPA+|GSM|TD_SCDMA|LTE_CA|NR
03-31 23:28:11.619  3049  3049 D PhoneFactory: calculatePreferredNetworkType: phoneId = 0 networkType = 916479
03-31 23:28:11.621  3049  3370 D RILJ    : [0043]< DATA_REGISTRATION_STATE android.hardware.radio.network.RegStateResult{regState: NOT_REG_MT_SEARCHING_OP_EM, rat: EDGE, reasonForDenial: NONE, cellIdentity: android.hardware.radio.network.CellIdentity.gsm(android.hardware.radio.network.CellIdentityGsm{mcc: 460, mnc: 00, lac: 6156, cid: 6853, arfcn: 63, bsic: 49, operatorNames: android.hardware.radio.network.OperatorInfo{alphaLong: CHINA MOBILE, alphaShort: CMCC, operatorNumeric: 46000, status: 2}, additionalPlmns: []}), registeredPlmn: 46000, accessTechnologySpecificInfo: android.hardware.radio.network.AccessTechnologySpecificInfo.noinit(false)} [PHONE0]
03-31 23:28:11.623  3049  3049 D Phone   : [0] Allowed network types for 'carrier' reason is changed by carrier config = GPRS|EDGE|UMTS|CDMA|CDMA - EvDo rev. 0|CDMA - EvDo rev. A|CDMA - 1xRTT|HSDPA|HSUPA|HSPA|CDMA - EvDo rev. B|LTE|CDMA - eHRPD|HSPA+|GSM|TD_SCDMA|LTE_CA
03-31 23:28:11.623  3049  3049 D Phone   : [0] SubId-1,get allowed network types carrier: value = GPRS|EDGE|UMTS|CDMA|CDMA - EvDo rev. 0|CDMA - EvDo rev. A|CDMA - 1xRTT|HSDPA|HSUPA|HSPA|CDMA - EvDo rev. B|LTE|CDMA - eHRPD|HSPA+|GSM|TD_SCDMA|LTE_CA
03-31 23:28:11.624  3049  3049 I CSST    : isNrSupported:  carrierConfigEnabled: true, AccessFamilySupported: false, isNrNetworkTypeAllowed: false
03-31 23:28:11.624  3049  3049 I CSST    : PrefNetworkNotification: sendMessage() w/values: ,false,-1,false,true
03-31 23:28:11.625  3049  3049 I CSST    : canceling notifications: 1000
03-31 23:28:11.625  3049  3049 D Phone   : isWifiCallingEnabled =false
03-31 23:28:11.625  3049  3049 D CSST    : isPhoneRegisteredForWifiCalling: false
03-31 23:28:11.625  3049  3049 D Phone   : isWifiCallingEnabled =false
03-31 23:28:11.625  3049  3049 I CSST    : EmergencyNetworkNotification: sendMessage() w/values: ,-1,false,true
03-31 23:28:11.626  3049  3049 I CSST    : canceling notifications: 1001
03-31 23:28:11.626  3049  3049 D Phone   : [0] SubId-1,get allowed network types user: value = GPRS|EDGE|UMTS|CDMA|CDMA - EvDo rev. 0|CDMA - EvDo rev. A|CDMA - 1xRTT|HSDPA|HSUPA|HSPA|CDMA - EvDo rev. B|LTE|CDMA - eHRPD|HSPA+|GSM|TD_SCDMA|LTE_CA|NR
03-31 23:28:11.626  3049  3049 D PhoneFactory: calculatePreferredNetworkType: phoneId = 0 networkType = 916479
03-31 23:28:11.626  3049  3370 D RILJ    : [0044]< VOICE_REGISTRATION_STATE android.hardware.radio.network.RegStateResult{regState: NOT_REG_MT_SEARCHING_OP_EM, rat: GSM, reasonForDenial: NONE, cellIdentity: android.hardware.radio.network.CellIdentity.gsm(android.hardware.radio.network.CellIdentityGsm{mcc: 460, mnc: 00, lac: 6156, cid: 6853, arfcn: 63, bsic: 49, operatorNames: android.hardware.radio.network.OperatorInfo{alphaLong: CHINA MOBILE, alphaShort: CMCC, operatorNumeric: 46000, status: 2}, additionalPlmns: []}), registeredPlmn: 46000, accessTechnologySpecificInfo: android.hardware.radio.network.AccessTechnologySpecificInfo.geranDtmSupported(false)} [PHONE0]
03-31 23:28:11.627  3049  3370 D RILJ    : [0045]< QUERY_NETWORK_SELECTION_MODE {0} [PHONE0]
03-31 23:28:11.627  3049  3049 D Phone   : [0] Allowed network types for 'carrier' reason is changed by carrier config = GPRS|EDGE|UMTS|CDMA|CDMA - EvDo rev. 0|CDMA - EvDo rev. A|CDMA - 1xRTT|HSDPA|HSUPA|HSPA|CDMA - EvDo rev. B|LTE|CDMA - eHRPD|HSPA+|GSM|TD_SCDMA|LTE_CA
03-31 23:28:11.628  3049  3049 D Phone   : [0] SubId-1,get allowed network types carrier: value = GPRS|EDGE|UMTS|CDMA|CDMA - EvDo rev. 0|CDMA - EvDo rev. A|CDMA - 1xRTT|HSDPA|HSUPA|HSPA|CDMA - EvDo rev. B|LTE|CDMA - eHRPD|HSPA+|GSM|TD_SCDMA|LTE_CA
03-31 23:28:11.628  3049  3049 I CSST    : isNrSupported:  carrierConfigEnabled: true, AccessFamilySupported: false, isNrNetworkTypeAllowed: false
03-31 23:28:11.628  3049  3049 I CSST    : PrefNetworkNotification: sendMessage() w/values: ,false,-1,false,true
03-31 23:28:11.628  3049  3049 I CSST    : canceling notifications: 1000
03-31 23:28:11.629  3049  3049 D Phone   : isWifiCallingEnabled =false
03-31 23:28:11.629  3049  3049 D CSST    : isPhoneRegisteredForWifiCalling: false
03-31 23:28:11.629  3049  3049 D Phone   : isWifiCallingEnabled =false
03-31 23:28:11.629  3049  3049 I CSST    : EmergencyNetworkNotification: sendMessage() w/values: ,-1,false,true
03-31 23:28:11.629  3049  3049 I CSST    : canceling notifications: 1001
03-31 23:28:11.630  3049  3049 D EmergencyNumberTracker: [0]updateRadioEmergencyNumberListAndNotify(): receiving [EmergencyNumber:Number-#911|CountryIso-|Mnc-|ServiceCategories-0|Urns-[]|Sources-1000|Routing-0, EmergencyNumber:Number-*911|CountryIso-|Mnc-|ServiceCategories-0|Urns-[]|Sources-1000|Routing-0, EmergencyNumber:Number-112|CountryIso-|Mnc-|ServiceCategories-0|Urns-[]|Sources-1000|Routing-0, EmergencyNumber:Number-911|CountryIso-|Mnc-|ServiceCategories-0|Urns-[]|Sources-1000|Routing-0, EmergencyNumber:Number-110|CountryIso-|Mnc-|ServiceCategories-0|Urns-[]|Sources-100|Routing-0, EmergencyNumber:Number-119|CountryIso-|Mnc-|ServiceCategories-0|Urns-[]|Sources-100|Routing-0, EmergencyNumber:Number-120|CountryIso-|Mnc-|ServiceCategories-0|Urns-[]|Sources-100|Routing-0, EmergencyNumber:Number-122|CountryIso-|Mnc-|ServiceCategories-0|Urns-[]|Sources-100|Routing-0, EmergencyNumber:Number-999|CountryIso-|Mnc-|ServiceCategories-0|Urns-[]|Sources-100|Routing-0]
03-31 23:28:11.632  3049  3049 D EmergencyNumberTracker: [0]notifyEmergencyNumberList(): notified
03-31 23:28:11.633  3049  3049 D RILJ    : [0046]> SEND_DEVICE_STATE 1:false [PHONE0]
03-31 23:28:11.634  3049  3049 D RILJ    : [0047]> SEND_DEVICE_STATE 2:false [PHONE0]
03-31 23:28:11.634  3049  3370 D RILJ    : [0046]< SEND_DEVICE_STATE  [PHONE0]
03-31 23:28:11.635  3049  3049 D RILJ    : [0048]> SEND_DEVICE_STATE 0:false [PHONE0]
03-31 23:28:11.635  3049  3340 D RILJ    : [0047]< SEND_DEVICE_STATE  [PHONE0]
03-31 23:28:11.635  3049  3340 D RILJ    : [0048]< SEND_DEVICE_STATE  [PHONE0]
03-31 23:28:11.636  3049  3049 D RILJ    : [0049]> SET_UNSOLICITED_RESPONSE_FILTER -1 [PHONE0]
03-31 23:28:11.637  3049  3049 D RILJ    : [0050]> SET_LINK_CAPACITY_REPORTING_CRITERIA [PHONE0]
03-31 23:28:11.638  3049  3049 D RILJ    : [0051]> SET_LINK_CAPACITY_REPORTING_CRITERIA [PHONE0]
03-31 23:28:11.639  3049  3340 D RILJ    : [0050]< SET_LINK_CAPACITY_REPORTING_CRITERIA error 6 [PHONE0]
03-31 23:28:11.639  3049  3340 D RilRequest: [0050]< SET_LINK_CAPACITY_REPORTING_CRITERIA error: com.android.internal.telephony.CommandException: REQUEST_NOT_SUPPORTED ret= result=null
03-31 23:28:11.639  3049  3049 D RILJ    : [0052]> SET_LINK_CAPACITY_REPORTING_CRITERIA [PHONE0]
03-31 23:28:11.642  3049  3049 D RILJ    : [0053]> SET_LINK_CAPACITY_REPORTING_CRITERIA [PHONE0]
03-31 23:28:11.642  3049  3049 D RILJ    : [0054]> SET_LINK_CAPACITY_REPORTING_CRITERIA [PHONE0]
03-31 23:28:11.642  3049  3340 D RILJ    : [0051]< SET_LINK_CAPACITY_REPORTING_CRITERIA  [PHONE0]
03-31 23:28:11.643  3049  3049 D RILJ    : [0055]> SEND_DEVICE_STATE 1:false [PHONE0]
03-31 23:28:11.644  3049  3049 D RILJ    : [0056]> SEND_DEVICE_STATE 2:false [PHONE0]
03-31 23:28:11.644  3049  3340 D RILJ    : [0055]< SEND_DEVICE_STATE  [PHONE0]
03-31 23:28:11.644  3049  3049 D RILJ    : [0057]> SEND_DEVICE_STATE 0:false [PHONE0]
03-31 23:28:11.645  3049  3340 D RILJ    : [0056]< SEND_DEVICE_STATE  [PHONE0]
03-31 23:28:11.646  3049  3049 D RILJ    : [0058]> SET_UNSOLICITED_RESPONSE_FILTER -1 [PHONE0]
03-31 23:28:11.647  3049  3141 D RILJ    : [0052]< SET_LINK_CAPACITY_REPORTING_CRITERIA  [PHONE0]
03-31 23:28:11.647  3049  3340 D RILJ    : [0057]< SEND_DEVICE_STATE  [PHONE0]
03-31 23:28:11.648  3049  3049 D RILJ    : [0059]> SET_LINK_CAPACITY_REPORTING_CRITERIA [PHONE0]
03-31 23:28:11.650  1479  1944 I qcrilNrd: RIL Response bytes written:4
03-31 23:28:11.650  1479  1944 I qcrilNrd: RIL Response bytes written:40
03-31 23:28:11.651  1167  2305 D RequestManager: [RequestManager.cpp: 341] [Loc_hal_worker(1167,2305)] listenForResponses: record_stream_get_next: recordLen: 40, ret: 0, errno: 0, errStr: Success, socket fd: 32
03-31 23:28:11.651  1167  2305 D RequestManager: [RequestManager.cpp: 358] [Loc_hal_worker(1167,2305)] listenForResponses: Got a response parcel
03-31 23:28:11.652  3049  3370 D RILJ    : Unsol response received; Sending ack to ril.cpp [PHONE0]
03-31 23:28:11.652  3049  3370 E RILJ    : Unsupported band type 0 [PHONE0]
03-31 23:28:11.652  3049  3370 E RILJ    : Unsupported unknown band. [PHONE0]
03-31 23:28:11.652  3049  3370 I AnomalyReporter: reportAnomaly: Received anomaly event report with eventId= 918f0970-9aa9-4bcd-a28e-e49a83fe77d5 and description= RIL reported invalid PCC (AIDL)
03-31 23:28:11.653  3049  3370 E RILJ    : Invalid PhysicalChannelConfig java.lang.IllegalArgumentException: Physical cell ID 6853 is over limit. [PHONE0]
03-31 23:28:11.654  3049  3049 D RILJ    : [0060]> SET_LINK_CAPACITY_REPORTING_CRITERIA [PHONE0]
