03-31 23:28:02.794  1167  2306 D RequestManager: [RequestManager.cpp: 278] [Loc_hal_worker(1167,2306)] writeToSocket: Wrote 8 bytes to the socket.
03-31 23:28:02.795  1167  2306 D RequestManager: [RequestManager.cpp: 268] [Loc_hal_worker(1167,2306)] writeToSocket: Buffer contents: 00 00 00 B0 00 00 6F AD 00 00 00 08 33 46 30 30 37 46 46 46 00 00 00 00 00 00 00 00 00 00 00 00 FF FF FF FF FF FF FF FF 00 00 00 00 
03-31 23:28:02.795  1483  2075 I qcrilNrd: Buffer size: 56
03-31 23:28:02.795  1483  2075 I qcrilNrd: Buffer contents: 1C 00 00 00 D0 DA C8 C7 7B 00 00 B4 00 00 00 B0 00 00 6F AD 00 00 00 08 33 46 30 30 37 46 46 46 00 00 00 00 00 00 00 00 00 00 00 00 FF FF FF FF FF FF FF FF 00 00 00 00 
03-31 23:28:02.795  1167  2306 D RequestManager: [RequestManager.cpp: 278] [Loc_hal_worker(1167,2306)] writeToSocket: Wrote 44 bytes to the socket.
03-31 23:28:02.795  1167  2306 D RequestManager: [RequestManager.cpp: 139] [Loc_hal_worker(1167,2306)] listenForRequests: Processing request with ID 22.
03-31 23:28:02.795  1167  2306 D RequestManager: [RequestManager.cpp: 167] [Loc_hal_worker(1167,2306)] listenForRequests: Sending request to the server.
03-31 23:28:02.795  1167  2306 D RequestManager: [RequestManager.cpp: 222] [Loc_hal_worker(1167,2306)] sendRequestToServer: Sending buffer of size 12
03-31 23:28:02.795  1167  2306 D RequestManager: [RequestManager.cpp: 268] [Loc_hal_worker(1167,2306)] writeToSocket: Buffer contents: 00 00 00 0C 
03-31 23:28:02.795  1167  2306 D RequestManager: [RequestManager.cpp: 278] [Loc_hal_worker(1167,2306)] writeToSocket: Wrote 4 bytes to the socket.
03-31 23:28:02.795  1167  2306 D RequestManager: [RequestManager.cpp: 268] [Loc_hal_worker(1167,2306)] writeToSocket: Buffer contents: 16 00 00 00 
03-31 23:28:02.795  1167  2306 D RequestManager: [RequestManager.cpp: 278] [Loc_hal_worker(1167,2306)] writeToSocket: Wrote 4 bytes to the socket.
03-31 23:28:02.796  1167  2306 D RequestManager: [RequestManager.cpp: 268] [Loc_hal_worker(1167,2306)] writeToSocket: Buffer contents: D0 DC C8 C7 7B 00 00 B4 
03-31 23:28:02.796  1483  2113 I qcrilNrd: RIL Response bytes written:4
03-31 23:28:02.796  1483  2113 I qcrilNrd: RIL Response bytes written:28
03-31 23:28:02.796  1483  2075 I qcrilNrd: Buffer size: 12
03-31 23:28:02.796  1483  2075 I qcrilNrd: Buffer contents: 16 00 00 00 D0 DC C8 C7 7B 00 00 B4 
03-31 23:28:02.796  1167  2307 D RequestManager: [RequestManager.cpp: 341] [Loc_hal_worker(1167,2307)] listenForResponses: record_stream_get_next: recordLen: 28, ret: 0, errno: 0, errStr: Success, socket fd: 33
03-31 23:28:02.796  1167  2307 D RequestManager: [RequestManager.cpp: 358] [Loc_hal_worker(1167,2307)] listenForResponses: Got a response parcel
03-31 23:28:02.796  1167  2306 D RequestManager: [RequestManager.cpp: 278] [Loc_hal_worker(1167,2306)] writeToSocket: Wrote 8 bytes to the socket.
03-31 23:28:02.796  1167  2306 D RequestManager: [RequestManager.cpp: 268] [Loc_hal_worker(1167,2306)] writeToSocket: Buffer contents: 
03-31 23:28:02.796  1167  2306 D RequestManager: [RequestManager.cpp: 139] [Loc_hal_worker(1167,2306)] listenForRequests: Processing request with ID 109.
03-31 23:28:02.796  1167  2307 D RequestManager: [RequestManager.cpp: 483] [Loc_hal_worker(1167,2307)] issueRequest: Pushing a request to the queue.
03-31 23:28:02.796  1167  2307 D RequestManager: [RequestManager.cpp: 495] [Loc_hal_worker(1167,2307)] issueRequest: Pushed a request to the queue.
03-31 23:28:02.797  1167  2306 D RequestManager: [RequestManager.cpp: 167] [Loc_hal_worker(1167,2306)] listenForRequests: Sending request to the server.
03-31 23:28:02.797  1167  2306 D RequestManager: [RequestManager.cpp: 222] [Loc_hal_worker(1167,2306)] sendRequestToServer: Sending buffer of size 12
03-31 23:28:02.797  1167  2306 D RequestManager: [RequestManager.cpp: 268] [Loc_hal_worker(1167,2306)] writeToSocket: Buffer contents: 00 00 00 0C 
03-31 23:28:02.797  1167  2306 D RequestManager: [RequestManager.cpp: 278] [Loc_hal_worker(1167,2306)] writeToSocket: Wrote 4 bytes to the socket.
03-31 23:28:02.797  1167  2306 D RequestManager: [RequestManager.cpp: 268] [Loc_hal_worker(1167,2306)] writeToSocket: Buffer contents: 6D 00 00 00 
03-31 23:28:02.797  1167  2306 D RequestManager: [RequestManager.cpp: 278] [Loc_hal_worker(1167,2306)] writeToSocket: Wrote 4 bytes to the socket.
03-31 23:28:02.797  1167  2306 D RequestManager: [RequestManager.cpp: 268] [Loc_hal_worker(1167,2306)] writeToSocket: Buffer contents: 50 DB C8 C7 7B 00 00 B4 
03-31 23:28:02.797  1167  2306 D RequestManager: [RequestManager.cpp: 278] [Loc_hal_worker(1167,2306)] writeToSocket: Wrote 8 bytes to the socket.
03-31 23:28:02.797  1167  2306 D RequestManager: [RequestManager.cpp: 268] [Loc_hal_worker(1167,2306)] writeToSocket: Buffer contents: 
03-31 23:28:02.797  1167  2306 D RequestManager: [RequestManager.cpp: 135] [Loc_hal_worker(1167,2306)] listenForRequests: Got one or more requests.
03-31 23:28:02.797  1167  2306 D RequestManager: [RequestManager.cpp: 139] [Loc_hal_worker(1167,2306)] listenForRequests: Processing request with ID 11.
03-31 23:28:02.797  1167  2306 D RequestManager: [RequestManager.cpp: 167] [Loc_hal_worker(1167,2306)] listenForRequests: Sending request to the server.
03-31 23:28:02.797  1167  2306 D RequestManager: [RequestManager.cpp: 222] [Loc_hal_worker(1167,2306)] sendRequestToServer: Sending buffer of size 20
03-31 23:28:02.797  1167  2306 D RequestManager: [RequestManager.cpp: 268] [Loc_hal_worker(1167,2306)] writeToSocket: Buffer contents: 00 00 00 14 
03-31 23:28:02.797  1167  2306 D RequestManager: [RequestManager.cpp: 278] [Loc_hal_worker(1167,2306)] writeToSocket: Wrote 4 bytes to the socket.
03-31 23:28:02.797  1167  2306 D RequestManager: [RequestManager.cpp: 268] [Loc_hal_worker(1167,2306)] writeToSocket: Buffer contents: 0B 00 00 00 
03-31 23:28:02.797  1167  2306 D RequestManager: [RequestManager.cpp: 278] [Loc_hal_worker(1167,2306)] writeToSocket: Wrote 4 bytes to the socket.
03-31 23:28:02.797  1167  2306 D RequestManager: [RequestManager.cpp: 268] [Loc_hal_worker(1167,2306)] writeToSocket: Buffer contents: 50 68 C8 C7 7B 00 00 B4 
03-31 23:28:02.797  1167  2306 D RequestManager: [RequestManager.cpp: 278] [Loc_hal_worker(1167,2306)] writeToSocket: Wrote 8 bytes to the socket.
03-31 23:28:02.797  1167  2306 D RequestManager: [RequestManager.cpp: 268] [Loc_hal_worker(1167,2306)] writeToSocket: Buffer contents: 00 00 00 01 00 00 00 00 
03-31 23:28:02.797  1167  2306 D RequestManager: [RequestManager.cpp: 278] [Loc_hal_worker(1167,2306)] writeToSocket: Wrote 8 bytes to the socket.
03-31 23:28:02.797  1483  2075 I qcrilNrd: Buffer size: 12
03-31 23:28:02.797  1483  2075 I qcrilNrd: Buffer contents: 6D 00 00 00 50 DB C8 C7 7B 00 00 B4 
03-31 23:28:02.798  1483  2075 I qcrilNrd: Buffer size: 20
03-31 23:28:02.798  1483  2075 I qcrilNrd: Buffer contents: 0B 00 00 00 50 68 C8 C7 7B 00 00 B4 00 00 00 01 00 00 00 00 
03-31 23:28:02.799  1483  2113 I qcrilNrd: RIL Response bytes written:4
03-31 23:28:02.799  1483  2113 I qcrilNrd: RIL Response bytes written:20
03-31 23:28:02.799  1167  2307 D RequestManager: [RequestManager.cpp: 341] [Loc_hal_worker(1167,2307)] listenForResponses: record_stream_get_next: recordLen: 20, ret: 0, errno: 0, errStr: Success, socket fd: 33
03-31 23:28:02.799  1167  2307 D RequestManager: [RequestManager.cpp: 358] [Loc_hal_worker(1167,2307)] listenForResponses: Got a response parcel
03-31 23:28:02.800  1483  2312 I qcrilNrd: RIL Response bytes written:4
03-31 23:28:02.800  1167  2307 D RequestManager: [RequestManager.cpp: 341] [Loc_hal_worker(1167,2307)] listenForResponses: record_stream_get_next: recordLen: 20, ret: -1, errno: 11, errStr: Try again, socket fd: 33
03-31 23:28:02.800  1483  2312 I qcrilNrd: RIL Response bytes written:16
03-31 23:28:02.800  1167  2307 D RequestManager: [RequestManager.cpp: 341] [Loc_hal_worker(1167,2307)] listenForResponses: record_stream_get_next: recordLen: 16, ret: 0, errno: 0, errStr: Success, socket fd: 33
03-31 23:28:02.800  1167  2307 D RequestManager: [RequestManager.cpp: 358] [Loc_hal_worker(1167,2307)] listenForResponses: Got a response parcel
03-31 23:28:02.801  1483  2310 I qcrilNrd: RIL Response bytes written:4
03-31 23:28:02.801  1483  2310 I qcrilNrd: RIL Response bytes written:35
03-31 23:28:02.801  1167  2307 D RequestManager: [RequestManager.cpp: 341] [Loc_hal_worker(1167,2307)] listenForResponses: record_stream_get_next: recordLen: 35, ret: 0, errno: 0, errStr: Success, socket fd: 33
03-31 23:28:02.801  1483  2311 I qcrilNrd: RIL Response bytes written:4
03-31 23:28:02.801  1167  2307 D RequestManager: [RequestManager.cpp: 358] [Loc_hal_worker(1167,2307)] listenForResponses: Got a response parcel
03-31 23:28:02.801  1167  2307 D RequestManager: [RequestManager.cpp: 341] [Loc_hal_worker(1167,2307)] listenForResponses: record_stream_get_next: recordLen: 35, ret: -1, errno: 11, errStr: Try again, socket fd: 33
03-31 23:28:02.801  1483  2311 I qcrilNrd: RIL Response bytes written:28
03-31 23:28:02.801  1167  2307 D RequestManager: [RequestManager.cpp: 341] [Loc_hal_worker(1167,2307)] listenForResponses: record_stream_get_next: recordLen: 28, ret: 0, errno: 0, errStr: Success, socket fd: 33
03-31 23:28:02.801  1167  2307 D RequestManager: [RequestManager.cpp: 358] [Loc_hal_worker(1167,2307)] listenForResponses: Got a response parcel
03-31 23:28:02.802  1483  2309 I qcrilNrd: RIL Response bytes written:4
03-31 23:28:02.802  1483  2309 I qcrilNrd: RIL Response bytes written:44
03-31 23:28:02.802  1167  2307 D RequestManager: [RequestManager.cpp: 341] [Loc_hal_worker(1167,2307)] listenForResponses: record_stream_get_next: recordLen: 44, ret: 0, errno: 0, errStr: Success, socket fd: 33
03-31 23:28:02.802  1167  2307 D RequestManager: [RequestManager.cpp: 358] [Loc_hal_worker(1167,2307)] listenForResponses: Got a response parcel
03-31 23:28:03.024  1479  1934 I qcrilNrd: RIL Response bytes written:4
03-31 23:28:03.024  1479  1934 I qcrilNrd: RIL Response bytes written:8
03-31 23:28:03.024  1479  1944 I qcrilNrd: RIL Response bytes written:4
03-31 23:28:03.024  1479  1944 I qcrilNrd: RIL Response bytes written:12
03-31 23:28:03.024  1167  2305 D RequestManager: [RequestManager.cpp: 341] [Loc_hal_worker(1167,2305)] listenForResponses: record_stream_get_next: recordLen: 8, ret: 0, errno: 0, errStr: Success, socket fd: 32
03-31 23:28:03.025  1167  2305 D RequestManager: [RequestManager.cpp: 358] [Loc_hal_worker(1167,2305)] listenForResponses: Got a response parcel
03-31 23:28:03.025  1167  2305 D RequestManager: [RequestManager.cpp: 341] [Loc_hal_worker(1167,2305)] listenForResponses: record_stream_get_next: recordLen: 12, ret: 0, errno: 0, errStr: Success, socket fd: 32
03-31 23:28:03.025  1167  2305 D RequestManager: [RequestManager.cpp: 358] [Loc_hal_worker(1167,2305)] listenForResponses: Got a response parcel
03-31 23:28:03.027  1479  1944 I qcrilNrd: RIL Response bytes written:4
03-31 23:28:03.027  1479  1944 I qcrilNrd: RIL Response bytes written:138
03-31 23:28:03.027  1167  2305 D RequestManager: [RequestManager.cpp: 341] [Loc_hal_worker(1167,2305)] listenForResponses: record_stream_get_next: recordLen: 138, ret: 0, errno: 0, errStr: Success, socket fd: 32
03-31 23:28:03.027  1167  2305 D RequestManager: [RequestManager.cpp: 358] [Loc_hal_worker(1167,2305)] listenForResponses: Got a response parcel
03-31 23:28:03.492   785   785 I auditd  : avc:  denied  { find } for pid=2250 uid=1000 name=vendor.qti.hardware.perf2.IPerf/default scontext=u:r:system_server:s0 tcontext=u:object_r:default_android_service:s0 tclass=service_manager permissive=0
03-31 23:28:03.496   785   785 I auditd  : avc:  denied  { find } for pid=2250 uid=1000 name=vendor.qti.hardware.servicetrackeraidl.IServicetracker/default scontext=u:r:system_server:s0 tcontext=u:object_r:default_android_service:s0 tclass=service_manager permissive=0
03-31 23:28:03.552   882   882 I auditd  : type=1400 audit(0.0:62): avc:  denied  { read } for  comm="binder:882_1" name="event_count" dev="sysfs" ino=86049 scontext=u:r:system_suspend:s0 tcontext=u:object_r:sysfs:s0 tclass=file permissive=0
03-31 23:28:03.552   882   882 I auditd  : type=1400 audit(0.0:63): avc:  denied  { read } for  comm="binder:882_1" name="max_time_ms" dev="sysfs" ino=86054 scontext=u:r:system_suspend:s0 tcontext=u:object_r:sysfs:s0 tclass=file permissive=0
03-31 23:28:03.552   882   882 I auditd  : type=1400 audit(0.0:64): avc:  denied  { read } for  comm="binder:882_1" name="wakeup_count" dev="sysfs" ino=86050 scontext=u:r:system_suspend:s0 tcontext=u:object_r:sysfs:s0 tclass=file permissive=0
03-31 23:28:03.552   882   882 I auditd  : type=1400 audit(0.0:65): avc:  denied  { read } for  comm="binder:882_1" name="total_time_ms" dev="sysfs" ino=86053 scontext=u:r:system_suspend:s0 tcontext=u:object_r:sysfs:s0 tclass=file permissive=0
03-31 23:28:03.552   882   882 I auditd  : type=1400 audit(0.0:66): avc:  denied  { read } for  comm="binder:882_1" name="expire_count" dev="sysfs" ino=86051 scontext=u:r:system_suspend:s0 tcontext=u:object_r:sysfs:s0 tclass=file permissive=0
03-31 23:28:03.552   882   882 I auditd  : type=1400 audit(0.0:67): avc:  denied  { read } for  comm="binder:882_1" name="active_count" dev="sysfs" ino=86048 scontext=u:r:system_suspend:s0 tcontext=u:object_r:sysfs:s0 tclass=file permissive=0
03-31 23:28:03.552   882   882 I auditd  : type=1400 audit(0.0:68): avc:  denied  { read } for  comm="binder:882_1" name="last_change_ms" dev="sysfs" ino=86055 scontext=u:r:system_suspend:s0 tcontext=u:object_r:sysfs:s0 tclass=file permissive=0
03-31 23:28:03.552   882   882 I auditd  : type=1400 audit(0.0:69): avc:  denied  { read } for  comm="binder:882_1" name="prevent_suspend_time_ms" dev="sysfs" ino=86056 scontext=u:r:system_suspend:s0 tcontext=u:object_r:sysfs:s0 tclass=file permissive=0
03-31 23:28:03.552   882   882 I auditd  : type=1400 audit(0.0:70): avc:  denied  { read } for  comm="binder:882_1" name="name" dev="sysfs" ino=86047 scontext=u:r:system_suspend:s0 tcontext=u:object_r:sysfs:s0 tclass=file permissive=0
03-31 23:28:03.552   882   882 I auditd  : type=1400 audit(0.0:71): avc:  denied  { read } for  comm="binder:882_1" name="active_time_ms" dev="sysfs" ino=86052 scontext=u:r:system_suspend:s0 tcontext=u:object_r:sysfs:s0 tclass=file permissive=0
03-31 23:28:03.570  2250  2328 I commit_sys_config_file: [batterystats,2]
03-31 23:28:03.572  2250  2328 I commit_sys_config_file: [batterystats,1]
03-31 23:28:03.608  2250  2250 I rescue_note: [0,1,13719]
03-31 23:28:03.653  2250  2250 I boot_progress_pms_start: 13765
03-31 23:28:03.796  2250  2250 I service_manager_stats: [100,19,13909]
03-31 23:28:03.915  2250  2250 I boot_progress_pms_system_scan_start: 14027
03-31 23:28:04.644  2250  2250 I boot_progress_pms_data_scan_start: 14756
03-31 23:28:04.702  2250  2250 I boot_progress_pms_scan_end: 14815
03-31 23:28:04.914  2250  2250 I commit_sys_config_file: [package,34]
03-31 23:28:04.915  2250  2250 I boot_progress_pms_ready: 15027
03-31 23:28:04.934  2250  2351 I commit_sys_config_file: [package-user-0,19]
03-31 23:28:04.949  2250  2250 I am_uid_running: 1000
03-31 23:28:04.951  2250  2250 I am_uid_active: 1000
03-31 23:28:05.040  2250  2250 I commit_sys_config_file: [overlays,1]
03-31 23:28:05.048  2250  2250 I auditd  : type=1400 audit(0.0:72): avc:  denied  { read } for  comm="system_server" name="u:object_r:vendor_default_prop:s0" dev="tmpfs" ino=413 scontext=u:r:system_server:s0 tcontext=u:object_r:vendor_default_prop:s0 tclass=file permissive=0
03-31 23:28:05.075  2250  2302 I battery_status: [3,2,1,0,Li-ion]
03-31 23:28:05.076  2250  2302 I battery_level: [80,4076,235]
03-31 23:28:05.084   882   882 I auditd  : type=1400 audit(0.0:73): avc:  denied  { read } for  comm="binder:882_1" name="event_count" dev="sysfs" ino=86049 scontext=u:r:system_suspend:s0 tcontext=u:object_r:sysfs:s0 tclass=file permissive=0
03-31 23:28:05.084   882   882 I auditd  : type=1400 audit(0.0:74): avc:  denied  { read } for  comm="binder:882_1" name="max_time_ms" dev="sysfs" ino=86054 scontext=u:r:system_suspend:s0 tcontext=u:object_r:sysfs:s0 tclass=file permissive=0
03-31 23:28:05.084   882   882 I auditd  : type=1400 audit(0.0:75): avc:  denied  { read } for  comm="binder:882_1" name="wakeup_count" dev="sysfs" ino=86050 scontext=u:r:system_suspend:s0 tcontext=u:object_r:sysfs:s0 tclass=file permissive=0
03-31 23:28:05.084   882   882 I auditd  : type=1400 audit(0.0:76): avc:  denied  { read } for  comm="binder:882_1" name="total_time_ms" dev="sysfs" ino=86053 scontext=u:r:system_suspend:s0 tcontext=u:object_r:sysfs:s0 tclass=file permissive=0
03-31 23:28:05.084   882   882 I auditd  : type=1400 audit(0.0:77): avc:  denied  { read } for  comm="binder:882_1" name="expire_count" dev="sysfs" ino=86051 scontext=u:r:system_suspend:s0 tcontext=u:object_r:sysfs:s0 tclass=file permissive=0
03-31 23:28:05.084   882   882 I auditd  : type=1400 audit(0.0:78): avc:  denied  { read } for  comm="binder:882_1" name="active_count" dev="sysfs" ino=86048 scontext=u:r:system_suspend:s0 tcontext=u:object_r:sysfs:s0 tclass=file permissive=0
03-31 23:28:05.084   882   882 I auditd  : type=1400 audit(0.0:79): avc:  denied  { read } for  comm="binder:882_1" name="last_change_ms" dev="sysfs" ino=86055 scontext=u:r:system_suspend:s0 tcontext=u:object_r:sysfs:s0 tclass=file permissive=0
03-31 23:28:05.084   882   882 I auditd  : type=1400 audit(0.0:80): avc:  denied  { read } for  comm="binder:882_1" name="prevent_suspend_time_ms" dev="sysfs" ino=86056 scontext=u:r:system_suspend:s0 tcontext=u:object_r:sysfs:s0 tclass=file permissive=0
03-31 23:28:05.084   882   882 I auditd  : type=1400 audit(0.0:81): avc:  denied  { read } for  comm="binder:882_1" name="name" dev="sysfs" ino=86047 scontext=u:r:system_suspend:s0 tcontext=u:object_r:sysfs:s0 tclass=file permissive=0
03-31 23:28:05.084   882   882 I auditd  : type=1400 audit(0.0:82): avc:  denied  { read } for  comm="binder:882_1" name="active_time_ms" dev="sysfs" ino=86052 scontext=u:r:system_suspend:s0 tcontext=u:object_r:sysfs:s0 tclass=file permissive=0
03-31 23:28:05.096   882   882 I auditd  : type=1400 audit(0.0:83): avc:  denied  { read } for  comm="binder:882_1" name="event_count" dev="sysfs" ino=86049 scontext=u:r:system_suspend:s0 tcontext=u:object_r:sysfs:s0 tclass=file permissive=0
03-31 23:28:05.096   882   882 I auditd  : type=1400 audit(0.0:84): avc:  denied  { read } for  comm="binder:882_1" name="max_time_ms" dev="sysfs" ino=86054 scontext=u:r:system_suspend:s0 tcontext=u:object_r:sysfs:s0 tclass=file permissive=0
03-31 23:28:05.096   882   882 I auditd  : type=1400 audit(0.0:85): avc:  denied  { read } for  comm="binder:882_1" name="wakeup_count" dev="sysfs" ino=86050 scontext=u:r:system_suspend:s0 tcontext=u:object_r:sysfs:s0 tclass=file permissive=0
03-31 23:28:05.096   882   882 I auditd  : type=1400 audit(0.0:86): avc:  denied  { read } for  comm="binder:882_1" name="total_time_ms" dev="sysfs" ino=86053 scontext=u:r:system_suspend:s0 tcontext=u:object_r:sysfs:s0 tclass=file permissive=0
03-31 23:28:05.096   882   882 I auditd  : type=1400 audit(0.0:87): avc:  denied  { read } for  comm="binder:882_1" name="expire_count" dev="sysfs" ino=86051 scontext=u:r:system_suspend:s0 tcontext=u:object_r:sysfs:s0 tclass=file permissive=0
03-31 23:28:05.096   882   882 I auditd  : type=1400 audit(0.0:88): avc:  denied  { read } for  comm="binder:882_1" name="active_count" dev="sysfs" ino=86048 scontext=u:r:system_suspend:s0 tcontext=u:object_r:sysfs:s0 tclass=file permissive=0
03-31 23:28:05.096   882   882 I auditd  : type=1400 audit(0.0:89): avc:  denied  { read } for  comm="binder:882_1" name="last_change_ms" dev="sysfs" ino=86055 scontext=u:r:system_suspend:s0 tcontext=u:object_r:sysfs:s0 tclass=file permissive=0
03-31 23:28:05.096   882   882 I auditd  : type=1400 audit(0.0:90): avc:  denied  { read } for  comm="binder:882_1" name="prevent_suspend_time_ms" dev="sysfs" ino=86056 scontext=u:r:system_suspend:s0 tcontext=u:object_r:sysfs:s0 tclass=file permissive=0
03-31 23:28:05.096   882   882 I auditd  : type=1400 audit(0.0:91): avc:  denied  { read } for  comm="binder:882_1" name="name" dev="sysfs" ino=86047 scontext=u:r:system_suspend:s0 tcontext=u:object_r:sysfs:s0 tclass=file permissive=0
03-31 23:28:05.096   882   882 I auditd  : type=1400 audit(0.0:92): avc:  denied  { read } for  comm="binder:882_1" name="active_time_ms" dev="sysfs" ino=86052 scontext=u:r:system_suspend:s0 tcontext=u:object_r:sysfs:s0 tclass=file permissive=0
03-31 23:28:05.295  1692  1692 I [1000004]: [-1492644086,26586087,-525029872,537139253,167973377,12545]
03-31 23:28:05.297  1692  1692 I [1000004]: [-1492643830,26586087,-1987539696,68682659,51511584,3145994]
03-31 23:28:05.328  2250  2250 I auditd  : type=1400 audit(0.0:93): avc:  denied  { read } for  comm="system_server" name="u:object_r:vendor_default_prop:s0" dev="tmpfs" ino=413 scontext=u:r:system_server:s0 tcontext=u:object_r:vendor_default_prop:s0 tclass=file permissive=0
03-31 23:28:05.332  2250  2250 I auditd  : type=1400 audit(0.0:94): avc:  denied  { read } for  comm="system_server" name="u:object_r:vendor_default_prop:s0" dev="tmpfs" ino=413 scontext=u:r:system_server:s0 tcontext=u:object_r:vendor_default_prop:s0 tclass=file permissive=0
03-31 23:28:05.376  2250  2250 I wm_task_created: 1
03-31 23:28:05.387  2250  2323 I sysui_multi_action: [757,1594,758,4,759,0,806,NULL]
03-31 23:28:05.384  2250  2250 I auditd  : type=1400 audit(0.0:95): avc:  denied  { read } for  comm="android.ui" name="name" dev="sysfs" ino=94123 scontext=u:r:system_server:s0 tcontext=u:object_r:sysfs:s0 tclass=file permissive=0
03-31 23:28:05.388  2250  2250 I auditd  : type=1400 audit(0.0:96): avc:  denied  { read } for  comm="android.ui" name="name" dev="sysfs" ino=94117 scontext=u:r:system_server:s0 tcontext=u:object_r:sysfs:s0 tclass=file permissive=0
03-31 23:28:05.388  2250  2250 I auditd  : type=1400 audit(0.0:97): avc:  denied  { read } for  comm="android.ui" name="name" dev="sysfs" ino=94120 scontext=u:r:system_server:s0 tcontext=u:object_r:sysfs:s0 tclass=file permissive=0
03-31 23:28:05.388  2250  2250 I auditd  : type=1400 audit(0.0:98): avc:  denied  { read } for  comm="android.ui" name="name" dev="sysfs" ino=94114 scontext=u:r:system_server:s0 tcontext=u:object_r:sysfs:s0 tclass=file permissive=0
03-31 23:28:05.392  2250  2250 I auditd  : type=1400 audit(0.0:99): avc:  denied  { read } for  comm="android.ui" name="name" dev="sysfs" ino=79679 scontext=u:r:system_server:s0 tcontext=u:object_r:sysfs:s0 tclass=file permissive=0
03-31 23:28:05.392  2250  2250 I auditd  : type=1400 audit(0.0:100): avc:  denied  { read } for  comm="android.ui" name="name" dev="sysfs" ino=79676 scontext=u:r:system_server:s0 tcontext=u:object_r:sysfs:s0 tclass=file permissive=0
03-31 23:28:05.497  2250  2250 I configuration_changed: 536894968
03-31 23:28:05.501  2250  2250 I sysui_multi_action: [757,1659,758,4,759,1,1660,0]
03-31 23:28:05.506  2250  2250 I configuration_changed: 8
03-31 23:28:05.592  2250  2250 I device_idle: [0,boot]
03-31 23:28:05.592  2250  2250 I device_idle_light: [0,boot]
03-31 23:28:05.626  2250  2419 I commit_sys_config_file: [settings-0-0,9]
03-31 23:28:05.949  2250  2250 D TelephonyRegistry: listen oscl: mHasNotifySubscriptionInfoChangedOccurred==false no callback
03-31 23:28:06.022  2250  2608 D TelephonyRegistry: listen oscl: mHasNotifySubscriptionInfoChangedOccurred==false no callback
03-31 23:28:06.108  2250  2615 I storage_state: [41217664-9172-527a-b3d5-edabb50a7d69,0,0,109799215104,113597296640]
03-31 23:28:06.288  2250  2419 I commit_sys_config_file: [settings-0-0,5]
03-31 23:28:06.304  1181  1181 I auditd  : type=1400 audit(0.0:101): avc:  denied  { search } for  comm="usb@1.2-service" name="usb" dev="sysfs" ino=84936 scontext=u:r:vendor_hal_usb_qti:s0 tcontext=u:object_r:sysfs_batteryinfo:s0 tclass=dir permissive=0
03-31 23:28:06.316  2250  2619 I stream_devices_changed: [4,0,2]
03-31 23:28:06.318  2250  2619 I stream_devices_changed: [6,0,2]
03-31 23:28:06.320  2250  2619 I stream_devices_changed: [3,0,2]
03-31 23:28:06.324  2250  2619 I stream_devices_changed: [5,0,2]
03-31 23:28:06.326  2250  2619 I stream_devices_changed: [2,0,2]
03-31 23:28:06.327  2250  2619 I stream_devices_changed: [0,0,2]
03-31 23:28:06.331  2250  2619 D TelephonyRegistry: listen oscl: mHasNotifySubscriptionInfoChangedOccurred==false no callback
03-31 23:28:06.339  2250  2322 I commit_sys_config_file: [notification-policy,7]
03-31 23:28:06.572   882   882 I auditd  : type=1400 audit(0.0:102): avc:  denied  { read } for  comm="binder:882_1" name="event_count" dev="sysfs" ino=86049 scontext=u:r:system_suspend:s0 tcontext=u:object_r:sysfs:s0 tclass=file permissive=0
03-31 23:28:06.572   882   882 I auditd  : type=1400 audit(0.0:103): avc:  denied  { read } for  comm="binder:882_1" name="max_time_ms" dev="sysfs" ino=86054 scontext=u:r:system_suspend:s0 tcontext=u:object_r:sysfs:s0 tclass=file permissive=0
03-31 23:28:06.572   882   882 I auditd  : type=1400 audit(0.0:104): avc:  denied  { read } for  comm="binder:882_1" name="wakeup_count" dev="sysfs" ino=86050 scontext=u:r:system_suspend:s0 tcontext=u:object_r:sysfs:s0 tclass=file permissive=0
03-31 23:28:06.572   882   882 I auditd  : type=1400 audit(0.0:105): avc:  denied  { read } for  comm="binder:882_1" name="total_time_ms" dev="sysfs" ino=86053 scontext=u:r:system_suspend:s0 tcontext=u:object_r:sysfs:s0 tclass=file permissive=0
03-31 23:28:06.572   882   882 I auditd  : type=1400 audit(0.0:106): avc:  denied  { read } for  comm="binder:882_1" name="expire_count" dev="sysfs" ino=86051 scontext=u:r:system_suspend:s0 tcontext=u:object_r:sysfs:s0 tclass=file permissive=0
03-31 23:28:06.572   882   882 I auditd  : type=1400 audit(0.0:107): avc:  denied  { read } for  comm="binder:882_1" name="active_count" dev="sysfs" ino=86048 scontext=u:r:system_suspend:s0 tcontext=u:object_r:sysfs:s0 tclass=file permissive=0
03-31 23:28:06.572   882   882 I auditd  : type=1400 audit(0.0:108): avc:  denied  { read } for  comm="binder:882_1" name="last_change_ms" dev="sysfs" ino=86055 scontext=u:r:system_suspend:s0 tcontext=u:object_r:sysfs:s0 tclass=file permissive=0
03-31 23:28:06.572   882   882 I auditd  : type=1400 audit(0.0:109): avc:  denied  { read } for  comm="binder:882_1" name="prevent_suspend_time_ms" dev="sysfs" ino=86056 scontext=u:r:system_suspend:s0 tcontext=u:object_r:sysfs:s0 tclass=file permissive=0
03-31 23:28:06.572   882   882 I auditd  : type=1400 audit(0.0:110): avc:  denied  { read } for  comm="binder:882_1" name="name" dev="sysfs" ino=86047 scontext=u:r:system_suspend:s0 tcontext=u:object_r:sysfs:s0 tclass=file permissive=0
03-31 23:28:06.572   882   882 I auditd  : type=1400 audit(0.0:111): avc:  denied  { read } for  comm="binder:882_1" name="active_time_ms" dev="sysfs" ino=86052 scontext=u:r:system_suspend:s0 tcontext=u:object_r:sysfs:s0 tclass=file permissive=0
03-31 23:28:06.600  2250  2250 I configuration_changed: 512
03-31 23:28:06.668  2250  2419 I commit_sys_config_file: [settings-0-0,5]
03-31 23:28:06.679  2250  2250 I commit_sys_config_file: [package-session,1]
03-31 23:28:06.924  2250  2250 I auditd  : type=1400 audit(0.0:112): avc:  denied  { read } for  comm="android.display" name="u:object_r:vendor_wfd_sys_debug_prop:s0" dev="tmpfs" ino=495 scontext=u:r:system_server:s0 tcontext=u:object_r:vendor_wfd_sys_debug_prop:s0 tclass=file permissive=0
03-31 23:28:06.924  2250  2250 I auditd  : type=1400 audit(0.0:113): avc:  denied  { read } for  comm="android.display" name="u:object_r:vendor_wfd_sys_debug_prop:s0" dev="tmpfs" ino=495 scontext=u:r:system_server:s0 tcontext=u:object_r:vendor_wfd_sys_debug_prop:s0 tclass=file permissive=0
03-31 23:28:07.062  2250  2250 I boot_progress_ams_ready: 17175
03-31 23:28:07.070  2250  2250 I configuration_changed: 268435456
03-31 23:28:07.084   207   207 I auditd  : type=1400 audit(0.0:114): avc:  denied  { search } for  comm="kworker/5:13" name="mmc0" dev="debugfs" ino=3271 scontext=u:r:kernel:s0 tcontext=u:object_r:debugfs_mmc:s0 tclass=dir permissive=0
03-31 23:28:07.105  2250  2415 I commit_sys_config_file: [log-files,1]
03-31 23:28:07.107  2250  2415 I commit_sys_config_file: [log-files,4]
03-31 23:28:07.114  2250  2415 I commit_sys_config_file: [log-files,10]
03-31 23:28:07.117  2250  2415 I commit_sys_config_file: [log-files,13]
03-31 23:28:07.122  2250  2415 I commit_sys_config_file: [log-files,19]
03-31 23:28:07.125  2250  2415 I commit_sys_config_file: [log-files,21]
03-31 23:28:07.129  2250  2415 I commit_sys_config_file: [log-files,25]
03-31 23:28:07.131  2250  2415 I commit_sys_config_file: [log-files,27]
03-31 23:28:07.135  2250  2415 I commit_sys_config_file: [log-files,32]
03-31 23:28:07.138  2250  2415 I commit_sys_config_file: [log-files,34]
03-31 23:28:07.141  2250  2415 I commit_sys_config_file: [log-files,37]
03-31 23:28:07.143  2250  2415 I commit_sys_config_file: [log-files,39]
03-31 23:28:07.175  2250  2415 I commit_sys_config_file: [log-files,72]
03-31 23:28:07.180  2250  2415 I commit_sys_config_file: [log-files,76]
03-31 23:28:07.273  2250  2591 D TelephonyRegistry: listen oscl: mHasNotifySubscriptionInfoChangedOccurred==false no callback
03-31 23:28:07.280  2250  2250 I am_uid_running: 10130
03-31 23:28:07.295  2250  2419 I commit_sys_config_file: [settings-0-0,6]
03-31 23:28:07.304  2250  2330 I am_proc_start: [0,2697,10130,com.android.systemui,service,{com.android.systemui/com.android.systemui.wallpapers.ImageWallpaper}]
03-31 23:28:07.306   785   785 I auditd  : avc:  denied  { find } for pid=2250 uid=1000 name=vendor.qti.qspmhal.IQspmhal/default scontext=u:r:system_server:s0 tcontext=u:object_r:default_android_service:s0 tclass=service_manager permissive=0
03-31 23:28:07.320  2250  2671 I am_uid_running: 10176
03-31 23:28:07.340  2250  2330 I am_proc_start: [0,2701,10176,com.android.permissioncontroller,service,{com.android.permissioncontroller/com.android.permissioncontroller.permission.service.PermissionControllerServiceImpl}]
03-31 23:28:07.360  2250  2401 I am_proc_bound: [0,2697,com.android.systemui]
03-31 23:28:07.378  2250  2401 I am_uid_active: 10130
03-31 23:28:07.387  2250  2303 I am_proc_bound: [0,2701,com.android.permissioncontroller]
03-31 23:28:07.391  2250  2303 I am_uid_active: 10176
03-31 23:28:07.499  2250  2419 I commit_sys_config_file: [settings-0-0,4]
03-31 23:28:07.575  2250  2329 I am_wtf  : [0,2697,com.android.systemui,818462221,SystemConfigExt,SystemConfig is being accessed by a process other than system_server.]
03-31 23:28:07.575  2250  2329 I am_wtf  : [0,2697,com.android.systemui,818462221,SystemConfigExt,SystemConfig is being accessed by a process other than system_server.]
03-31 23:28:07.628  2250  2329 I am_wtf  : [0,2701,com.android.permissioncontroller,549993989,SystemConfigExt,SystemConfig is being accessed by a process other than system_server.]
03-31 23:28:07.629  2250  2329 I am_wtf  : [0,2701,com.android.permissioncontroller,549993989,SystemConfigExt,SystemConfig is being accessed by a process other than system_server.]
03-31 23:28:07.679   785   785 I auditd  : avc:  denied  { find } for pid=2701 uid=10176 name=vendor.qti.hardware.perf2.IPerf/default scontext=u:r:permissioncontroller_app:s0:c176,c256,c512,c768 tcontext=u:object_r:default_android_service:s0 tclass=service_manager permissive=0
03-31 23:28:07.701  2250  2681 I wm_task_created: 2
03-31 23:28:07.704  2250  2681 I wm_task_created: 3
03-31 23:28:07.708  2250  2681 I wm_task_created: 4
03-31 23:28:07.805  2250  2768 I wm_task_removed: [3,3,0,reParentTask:sanitizeAndApplyHierarchyOp]
03-31 23:28:07.806  2250  2768 I wm_task_moved: [3,2,0,1,2147483647]
03-31 23:28:07.807  2250  2768 I wm_task_removed: [4,4,0,reParentTask:sanitizeAndApplyHierarchyOp]
03-31 23:28:07.807  2250  2768 I wm_task_moved: [4,2,0,1,2147483647]
03-31 23:28:07.850  2250  2770 D TelephonyRegistry: listen oscl: mHasNotifySubscriptionInfoChangedOccurred==false no callback
03-31 23:28:08.008  1185  1185 I auditd  : type=1400 audit(0.0:115): avc:  denied  { read } for  comm="wifi@1.0-servic" name="u:object_r:persist_vendor_debug_wifi_prop:s0" dev="tmpfs" ino=302 scontext=u:r:hal_wifi_default:s0 tcontext=u:object_r:persist_vendor_debug_wifi_prop:s0 tclass=file permissive=0
03-31 23:28:08.122   785   785 I auditd  : avc:  denied  { find } for pid=2697 uid=10130 name=vendor.qti.hardware.perf2.IPerf/default scontext=u:r:platform_app:s0:c512,c768 tcontext=u:object_r:default_android_service:s0 tclass=service_manager permissive=0
03-31 23:28:08.469  2250  2496 I am_uid_running: 1037
03-31 23:28:08.483  2250  2592 I commit_sys_config_file: [net-policy,1]
03-31 23:28:08.541  2250  2250 D TelephonyRegistry: listen oscl: mHasNotifySubscriptionInfoChangedOccurred==false no callback
03-31 23:28:08.595  2250  2330 I am_proc_start: [0,2837,1037,WebViewLoader-armeabi-v7a,,]
03-31 23:28:08.608  2250  2330 I am_proc_start: [0,2838,1037,WebViewLoader-arm64-v8a,,]
03-31 23:28:08.637  2250  2768 I am_proc_bound: [0,2837,WebViewLoader-armeabi-v7a]
03-31 23:28:08.643  2250  2768 I am_uid_active: 1037
03-31 23:28:08.645  2250  2401 I am_proc_bound: [0,2838,WebViewLoader-arm64-v8a]
03-31 23:28:08.653  2250  2591 I netstats_mobile_sample: [0,0,0,0,0,0,0,0,1774970888652]
03-31 23:28:08.653  2250  2591 I netstats_wifi_sample: [0,0,0,0,0,0,0,0,1774970888652]
03-31 23:28:08.666  2250  2591 I netstats_mobile_sample: [0,0,0,0,0,0,0,0,1774970888666]
03-31 23:28:08.666  2250  2591 I netstats_wifi_sample: [0,0,0,0,0,0,0,0,1774970888666]
03-31 23:28:08.677  2250  2592 D TelephonyRegistry: listen oscl: mHasNotifySubscriptionInfoChangedOccurred==false no callback
03-31 23:28:08.748  2250  2250 I service_manager_slow: [10,statsmanager]
03-31 23:28:08.758  2250  2250 W TelephonyRegistry: Pid 2250 has exceeded half the number of permissible registered listeners. Now at 25
03-31 23:28:08.759  2250  2250 D TelephonyRegistry: listen oscl: mHasNotifySubscriptionInfoChangedOccurred==false no callback
03-31 23:28:08.776  1167  1167 I auditd  : type=1400 audit(0.0:116): avc:  denied  { read } for  comm="Loc_hal_worker" name="u:object_r:vendor_pd_locater_dbg_prop:s0" dev="tmpfs" ino=450 scontext=u:r:vendor_hal_gnss_qti:s0 tcontext=u:object_r:vendor_pd_locater_dbg_prop:s0 tclass=file permissive=0
03-31 23:28:08.804  1692  1692 I [1000004]: [-1492643830,26586087,-1987539696,68682659,51511584,3211530]
03-31 23:28:08.806  1692  1692 I [1000004]: [-1492643830,26586087,-1987539696,68682659,51511584,3145994]
03-31 23:28:08.810  2250  2250 I service_manager_stats: [503,197,5013]
03-31 23:28:08.815  2250  2250 W TelephonyRegistry: Pid 2250 has exceeded half the number of permissible registered listeners. Now at 26
03-31 23:28:08.815  2250  2250 D TelephonyRegistry: listen oscl: mHasNotifySubscriptionInfoChangedOccurred==false no callback
03-31 23:28:08.827  2250  2250 W TelephonyRegistry: Pid 2250 has exceeded half the number of permissible registered listeners. Now at 27
03-31 23:28:08.827  2250  2250 D TelephonyRegistry: listen oscl: mHasNotifySubscriptionInfoChangedOccurred==false no callback
03-31 23:28:08.839  2250  2661 I am_proc_died: [0,2837,WebViewLoader-armeabi-v7a,-700,0]
03-31 23:28:08.842  2250  2661 I am_low_memory: 4
03-31 23:28:08.852  2250  2320 W CarrierConfigManager: Error getting config for subId -1 ICarrierConfigLoader is null
03-31 23:28:08.862  2250  2250 I am_uid_running: 1073
03-31 23:28:08.868  2250  2328 I netstats_mobile_sample: [0,0,0,0,0,0,0,0,1774970888867]
03-31 23:28:08.868  2250  2328 I netstats_wifi_sample: [0,0,0,0,0,0,0,0,1774970888867]
03-31 23:28:08.868  2250  2770 I am_proc_died: [0,2838,WebViewLoader-arm64-v8a,-700,0]
03-31 23:28:08.869  2250  2770 I am_uid_stopped: 1037
03-31 23:28:08.874  2250  2770 I am_low_memory: 3
03-31 23:28:08.888  1692  1692 I [1000004]: [-1492643830,26586087,-1987539696,68682659,51511584,3211530]
03-31 23:28:08.889  2250  2419 I commit_sys_config_file: [settings-0-0,4]
03-31 23:28:08.889  2250  2330 I am_proc_start: [0,2897,1073,com.android.networkstack.process,service,{com.android.networkstack/com.android.server.NetworkStackService}]
03-31 23:28:08.895  2250  2328 I netstats_mobile_sample: [0,0,0,0,0,0,0,0,1774970888895]
03-31 23:28:08.895  2250  2328 I netstats_wifi_sample: [0,0,0,0,0,0,0,0,1774970888895]
03-31 23:28:08.910  2250  2250 D TelephonyRegistry: systemRunning register for intents
03-31 23:28:08.914  2250  2328 I netstats_mobile_sample: [0,0,0,0,0,0,0,0,1774970888913]
03-31 23:28:08.914  2250  2328 I netstats_wifi_sample: [0,0,0,0,0,0,0,0,1774970888913]
03-31 23:28:08.940  2250  2328 I netstats_mobile_sample: [0,0,0,0,0,0,0,0,1774970888940]
03-31 23:28:08.941  2250  2328 I netstats_wifi_sample: [0,0,0,0,0,0,0,0,1774970888940]
03-31 23:28:08.945  2250  2770 I am_proc_bound: [0,2897,com.android.networkstack.process]
03-31 23:28:08.950  2250  2770 I am_uid_active: 1073
03-31 23:28:08.954  2250  2328 I netstats_mobile_sample: [0,0,0,0,0,0,0,0,1774970888954]
03-31 23:28:08.955  2250  2328 I netstats_wifi_sample: [0,0,0,0,0,0,0,0,1774970888954]
03-31 23:28:08.961  2250  2328 I netstats_mobile_sample: [0,0,0,0,0,0,0,0,1774970888961]
03-31 23:28:08.961  2250  2328 I netstats_wifi_sample: [0,0,0,0,0,0,0,0,1774970888961]
03-31 23:28:08.968  2250  2328 W TelephonyRegistry: Pid 2250 has exceeded half the number of permissible registered listeners. Now at 28
03-31 23:28:08.968  2250  2328 D TelephonyRegistry: listen oscl: mHasNotifySubscriptionInfoChangedOccurred==false no callback
03-31 23:28:09.001  2250  2329 I am_wtf  : [0,2897,com.android.networkstack.process,680050253,SystemConfigExt,SystemConfig is being accessed by a process other than system_server.]
03-31 23:28:09.002  2250  2329 I am_wtf  : [0,2897,com.android.networkstack.process,680050253,SystemConfigExt,SystemConfig is being accessed by a process other than system_server.]
03-31 23:28:09.031   785   785 I auditd  : avc:  denied  { find } for pid=2897 uid=1073 name=vendor.qti.hardware.perf2.IPerf/default scontext=u:r:network_stack:s0 tcontext=u:object_r:default_android_service:s0 tclass=service_manager permissive=0
03-31 23:28:09.069  2250  2329 I am_wtf  : [0,2250,system_server,-1,ActivityManager,Background started FGS: Allowed [callingPackage: android; callingUid: 1000; uidState: PER ; uidBFSL: [BFSL]; intent: Intent { act=start_for_sys_boot cmp=com.sunmi.usbscreen/.service.SubScreenService }; code:PROC_STATE_PERSISTENT; tempAllowListReason:<null>; targetSdkVersion:33; callerTargetSdkVersion:34; startForegroundCount:0; bindFromPackage:null: isBindService:false]]
03-31 23:28:09.071  2250  2250 I am_uid_running: 10103
03-31 23:28:09.073  2250  2250 I am_uid_active: 10103
03-31 23:28:09.086  2250  2330 I am_proc_start: [0,2924,10103,com.sunmi.usbscreen,service,{com.sunmi.usbscreen/com.sunmi.usbscreen.service.SubScreenService}]
03-31 23:28:09.089  2250  2250 I ssm_user_starting: 0
03-31 23:28:09.117  2250  2302 I am_proc_bound: [0,2924,com.sunmi.usbscreen]
03-31 23:28:09.123  2250  2250 I commit_sys_config_file: [overlays,4084]
03-31 23:28:09.148  2897  2897 W CarrierConfigManager: Error getting config for subId -1 ICarrierConfigLoader is null
03-31 23:28:09.149  2250  2598 W TelephonyRegistry: Pid 2250 has exceeded half the number of permissible registered listeners. Now at 29
03-31 23:28:09.213  2250  2250 I um_user_visibility_changed: [0,1]
03-31 23:28:09.214  2250  2250 I am_uid_running: 1001
03-31 23:28:09.217  2250  2250 I am_uid_running: 10067
03-31 23:28:09.219  2250  2250 I am_uid_running: 10089
03-31 23:28:09.222  2250  2250 I am_uid_running: 10066
03-31 23:28:09.225  2250  2250 I am_uid_running: 10106
03-31 23:28:09.227  2250  2329 I am_wtf  : [0,2924,com.sunmi.usbscreen,685260357,SystemConfigExt,SystemConfig is being accessed by a process other than system_server.]
03-31 23:28:09.228  2250  2250 I am_uid_running: 10131
03-31 23:28:09.230  2250  2250 I am_uid_running: 1068
03-31 23:28:09.233  2250  2250 I am_uid_running: 10119
03-31 23:28:09.234  2250  2329 I am_wtf  : [0,2924,com.sunmi.usbscreen,685260357,SystemConfigExt,SystemConfig is being accessed by a process other than system_server.]
03-31 23:28:09.235  2250  2250 I am_uid_running: 10150
03-31 23:28:09.237  2250  2250 I am_uid_running: 10136
03-31 23:28:09.395  2250  2250 I wm_task_created: 5
03-31 23:28:09.396  2250  2250 I wm_task_moved: [5,1,0,1,2147483647]
03-31 23:28:09.401  2250  2250 I wm_task_moved: [1,1,0,1,1]
03-31 23:28:09.401  2250  2250 I wm_create_task: [0,5,1,0]
03-31 23:28:09.401  2250  2250 I wm_create_activity: [0,63263002,5,com.android.settings/.FallbackHome,android.intent.action.MAIN,NULL,NULL,276824320]
03-31 23:28:09.402  2250  2250 I wm_task_moved: [1,1,0,1,1]
03-31 23:28:09.402  2250  2250 I wm_task_moved: [5,1,0,1,2147483647]
03-31 23:28:09.402  2250  2250 I wm_task_to_front: [0,5,0]
03-31 23:28:09.477  2250  2250 I uc_send_user_broadcast: [0,android.intent.action.USER_STARTED]
03-31 23:28:09.478  2250  2250 I uc_send_user_broadcast: [0,android.intent.action.USER_STARTING]
03-31 23:28:09.480  2250  2250 I uc_send_user_broadcast: [0,android.intent.action.USER_FOREGROUND]
03-31 23:28:09.480  2250  2250 I uc_send_user_broadcast: [0,android.intent.action.USER_SWITCHED]
03-31 23:28:09.482  2250  2330 I am_proc_start: [0,2944,1001,.dataservices,added application,.dataservices]
03-31 23:28:09.484  2250  2661 I am_proc_bound: [0,2944,.dataservices]
03-31 23:28:09.489  2250  2661 I am_uid_active: 1001
03-31 23:28:09.506  2250  2330 I am_proc_start: [0,2961,10067,.qtidataservices,added application,.qtidataservices]
03-31 23:28:09.520  2250  2330 I am_proc_start: [0,2967,10089,com.qti.phone,added application,com.qti.phone]
03-31 23:28:09.526  1483  2110 I qcrilNrd: RIL Response bytes written:4
03-31 23:28:09.526  1483  2110 I qcrilNrd: RIL Response bytes written:138
03-31 23:28:09.526  1167  2307 D RequestManager: [RequestManager.cpp: 341] [Loc_hal_worker(1167,2307)] listenForResponses: record_stream_get_next: recordLen: 138, ret: 0, errno: 0, errStr: Success, socket fd: 33
03-31 23:28:09.526  1167  2307 D RequestManager: [RequestManager.cpp: 358] [Loc_hal_worker(1167,2307)] listenForResponses: Got a response parcel
03-31 23:28:09.531  1483  2110 I qcrilNrd: RIL Response bytes written:4
03-31 23:28:09.531  1483  2110 I qcrilNrd: RIL Response bytes written:138
03-31 23:28:09.532  1167  2307 D RequestManager: [RequestManager.cpp: 341] [Loc_hal_worker(1167,2307)] listenForResponses: record_stream_get_next: recordLen: 138, ret: 0, errno: 0, errStr: Success, socket fd: 33
03-31 23:28:09.532  1167  2307 D RequestManager: [RequestManager.cpp: 358] [Loc_hal_worker(1167,2307)] listenForResponses: Got a response parcel
03-31 23:28:09.533  1479  1944 I qcrilNrd: RIL Response bytes written:4
03-31 23:28:09.533  1479  1944 I qcrilNrd: RIL Response bytes written:12
03-31 23:28:09.534  1167  2305 D RequestManager: [RequestManager.cpp: 341] [Loc_hal_worker(1167,2305)] listenForResponses: record_stream_get_next: recordLen: 12, ret: 0, errno: 0, errStr: Success, socket fd: 32
03-31 23:28:09.534  1167  2305 D RequestManager: [RequestManager.cpp: 358] [Loc_hal_worker(1167,2305)] listenForResponses: Got a response parcel
03-31 23:28:09.536  1479  1944 I qcrilNrd: RIL Response bytes written:4
03-31 23:28:09.536  1479  1944 I qcrilNrd: RIL Response bytes written:8
03-31 23:28:09.537  1479  1944 I qcrilNrd: RIL Response bytes written:4
03-31 23:28:09.537  1479  1944 I qcrilNrd: RIL Response bytes written:12
03-31 23:28:09.539  1167  2305 D RequestManager: [RequestManager.cpp: 341] [Loc_hal_worker(1167,2305)] listenForResponses: record_stream_get_next: recordLen: 8, ret: 0, errno: 0, errStr: Success, socket fd: 32
03-31 23:28:09.539  1167  2305 D RequestManager: [RequestManager.cpp: 358] [Loc_hal_worker(1167,2305)] listenForResponses: Got a response parcel
03-31 23:28:09.539  1167  2305 D RequestManager: [RequestManager.cpp: 483] [Loc_hal_worker(1167,2305)] issueRequest: Pushing a request to the queue.
03-31 23:28:09.539  1167  2305 D RequestManager: [RequestManager.cpp: 495] [Loc_hal_worker(1167,2305)] issueRequest: Pushed a request to the queue.
03-31 23:28:09.539  1167  2305 D RequestManager: [RequestManager.cpp: 341] [Loc_hal_worker(1167,2305)] listenForResponses: record_stream_get_next: recordLen: 12, ret: 0, errno: 0, errStr: Success, socket fd: 32
03-31 23:28:09.539  1167  2305 D RequestManager: [RequestManager.cpp: 358] [Loc_hal_worker(1167,2305)] listenForResponses: Got a response parcel
03-31 23:28:09.539  1167  2304 D RequestManager: [RequestManager.cpp: 135] [Loc_hal_worker(1167,2304)] listenForRequests: Got one or more requests.
03-31 23:28:09.539  1167  2304 D RequestManager: [RequestManager.cpp: 139] [Loc_hal_worker(1167,2304)] listenForRequests: Processing request with ID 1.
03-31 23:28:09.539  1167  2304 D RequestManager: [RequestManager.cpp: 167] [Loc_hal_worker(1167,2304)] listenForRequests: Sending request to the server.
03-31 23:28:09.539  1167  2304 D RequestManager: [RequestManager.cpp: 222] [Loc_hal_worker(1167,2304)] sendRequestToServer: Sending buffer of size 12
03-31 23:28:09.539  1167  2304 D RequestManager: [RequestManager.cpp: 268] [Loc_hal_worker(1167,2304)] writeToSocket: Buffer contents: 00 00 00 0C 
03-31 23:28:09.539  1167  2304 D RequestManager: [RequestManager.cpp: 278] [Loc_hal_worker(1167,2304)] writeToSocket: Wrote 4 bytes to the socket.
03-31 23:28:09.539  1167  2304 D RequestManager: [RequestManager.cpp: 268] [Loc_hal_worker(1167,2304)] writeToSocket: Buffer contents: 01 00 00 00 
03-31 23:28:09.539  1167  2304 D RequestManager: [RequestManager.cpp: 278] [Loc_hal_worker(1167,2304)] writeToSocket: Wrote 4 bytes to the socket.
03-31 23:28:09.539  1167  2304 D RequestManager: [RequestManager.cpp: 268] [Loc_hal_worker(1167,2304)] writeToSocket: Buffer contents: 10 E3 C8 C7 7B 00 00 B4 
03-31 23:28:09.539  1479  1900 I qcrilNrd: Buffer size: 12
03-31 23:28:09.539  1479  1900 I qcrilNrd: Buffer contents: 01 00 00 00 10 E3 C8 C7 7B 00 00 B4 
03-31 23:28:09.540  1167  2304 D RequestManager: [RequestManager.cpp: 278] [Loc_hal_worker(1167,2304)] writeToSocket: Wrote 8 bytes to the socket.
03-31 23:28:09.541  1479  1934 I qcrilNrd: RIL Response bytes written:4
03-31 23:28:09.541  1479  1934 I qcrilNrd: RIL Response bytes written:60
03-31 23:28:09.541  1167  2305 D RequestManager: [RequestManager.cpp: 341] [Loc_hal_worker(1167,2305)] listenForResponses: record_stream_get_next: recordLen: 60, ret: 0, errno: 0, errStr: Success, socket fd: 32
03-31 23:28:09.541  1167  2305 D RequestManager: [RequestManager.cpp: 358] [Loc_hal_worker(1167,2305)] listenForResponses: Got a response parcel
03-31 23:28:09.541  1167  2305 D RequestManager: [RequestManager.cpp: 483] [Loc_hal_worker(1167,2305)] issueRequest: Pushing a request to the queue.
03-31 23:28:09.541  1167  2305 D RequestManager: [RequestManager.cpp: 495] [Loc_hal_worker(1167,2305)] issueRequest: Pushed a request to the queue.
03-31 23:28:09.541  1479  1944 I qcrilNrd: RIL Response bytes written:4
03-31 23:28:09.541  1479  1944 I qcrilNrd: RIL Response bytes written:113
03-31 23:28:09.541  1167  2304 D RequestManager: [RequestManager.cpp: 135] [Loc_hal_worker(1167,2304)] listenForRequests: Got one or more requests.
03-31 23:28:09.542  1167  2304 D RequestManager: [RequestManager.cpp: 139] [Loc_hal_worker(1167,2304)] listenForRequests: Processing request with ID 28.
03-31 23:28:09.542  1167  2304 D RequestManager: [RequestManager.cpp: 167] [Loc_hal_worker(1167,2304)] listenForRequests: Sending request to the server.
03-31 23:28:09.542  1167  2304 D RequestManager: [RequestManager.cpp: 222] [Loc_hal_worker(1167,2304)] sendRequestToServer: Sending buffer of size 56
03-31 23:28:09.542  1167  2304 D RequestManager: [RequestManager.cpp: 268] [Loc_hal_worker(1167,2304)] writeToSocket: Buffer contents: 00 00 00 38 
03-31 23:28:09.542  1167  2304 D RequestManager: [RequestManager.cpp: 278] [Loc_hal_worker(1167,2304)] writeToSocket: Wrote 4 bytes to the socket.
03-31 23:28:09.542  1167  2304 D RequestManager: [RequestManager.cpp: 268] [Loc_hal_worker(1167,2304)] writeToSocket: Buffer contents: 1C 00 00 00 
03-31 23:28:09.542  1167  2304 D RequestManager: [RequestManager.cpp: 278] [Loc_hal_worker(1167,2304)] writeToSocket: Wrote 4 bytes to the socket.
03-31 23:28:09.542  1167  2304 D RequestManager: [RequestManager.cpp: 268] [Loc_hal_worker(1167,2304)] writeToSocket: Buffer contents: 90 DC C8 C7 7B 00 00 B4 
03-31 23:28:09.542  1167  2304 D RequestManager: [RequestManager.cpp: 278] [Loc_hal_worker(1167,2304)] writeToSocket: Wrote 8 bytes to the socket.
03-31 23:28:09.542  2250  2329 I am_wtf  : [0,2944,.dataservices,143146573,SystemConfigExt,SystemConfig is being accessed by a process other than system_server.]
03-31 23:28:09.542  1167  2304 D RequestManager: [RequestManager.cpp: 268] [Loc_hal_worker(1167,2304)] writeToSocket: Buffer contents: 00 00 00 B0 00 00 6F AD 00 00 00 08 33 46 30 30 37 46 46 46 00 00 00 00 00 00 00 00 00 00 00 00 FF FF FF FF FF FF FF FF 00 00 00 00 
03-31 23:28:09.542  1479  1900 I qcrilNrd: Buffer size: 56
03-31 23:28:09.542  1479  1900 I qcrilNrd: Buffer contents: 1C 00 00 00 90 DC C8 C7 7B 00 00 B4 00 00 00 B0 00 00 6F AD 00 00 00 08 33 46 30 30 37 46 46 46 00 00 00 00 00 00 00 00 00 00 00 00 FF FF FF FF FF FF FF FF 00 00 00 00 
03-31 23:28:09.543  2250  2329 I am_wtf  : [0,2944,.dataservices,143146573,SystemConfigExt,SystemConfig is being accessed by a process other than system_server.]
03-31 23:28:09.543  1167  2304 D RequestManager: [RequestManager.cpp: 278] [Loc_hal_worker(1167,2304)] writeToSocket: Wrote 44 bytes to the socket.
03-31 23:28:09.544  1479  1944 I qcrilNrd: RIL Response bytes written:4
03-31 23:28:09.544  1479  1944 I qcrilNrd: RIL Response bytes written:138
03-31 23:28:09.544  1167  2305 D RequestManager: [RequestManager.cpp: 341] [Loc_hal_worker(1167,2305)] listenForResponses: record_stream_get_next: recordLen: 113, ret: 0, errno: 0, errStr: Success, socket fd: 32
