03-31 23:28:14.450  3049  3399 D SMSVC   :   [UiccSlot: mActive=true, mIccId={0=}, mIsEuicc=false, MEP=false, mPortIdxToPhoneId={0=0}, mEid=, mCardState={0=CARDSTATE_ABSENT} mSupportedMepMode=NONE]
03-31 23:28:14.450  3049  3399 D SMSVC   :   [UiccSlot: mActive=true, mIccId={0=890000000[****]}, mIsEuicc=true, MEP=false, mPortIdxToPhoneId={0=1}, mEid=[****], mCardState={0=CARDSTATE_PRESENT} mSupportedMepMode=NONE]
03-31 23:28:14.452  2250  2329 I am_wtf  : [0,2250,system_server,-1,JobScheduler.JobStatus,App com.google.android.inputmethod.latin became active but still in NEVER bucket]
03-31 23:28:14.458  3049  3049 D SmsDispatchersController: Received broadcast android.intent.action.USER_UNLOCKED
03-31 23:28:14.463  2250  2330 I am_proc_start: [0,4391,10149,com.qualcomm.qti.powersavemode,broadcast,{com.qualcomm.qti.powersavemode/com.qualcomm.qti.powersavemode.SystemEventReceiver}]
03-31 23:28:14.465  3049  3049 D EmergencyNumberTracker: [0]ACTION_NETWORK_COUNTRY_CHANGED: PhoneId: 0 CountryIso: cn
03-31 23:28:14.473  3049  3049 D Phone   : isImsRegistered =false
03-31 23:28:14.473  3049  3049 E Phone   : [0] getUserHandle: ex=java.lang.IllegalArgumentException: [getSubscriptionUserHandle]: Invalid subscriptionId: -1
03-31 23:28:14.479   785   785 I auditd  : avc:  denied  { find } for pid=4103 uid=10126 name=vendor.qti.hardware.perf2.IPerf/default scontext=u:r:priv_app:s0:c512,c768 tcontext=u:object_r:default_android_service:s0 tclass=service_manager permissive=0
03-31 23:28:14.482  3049  3049 D ImsPhone: [0] mCurrentSubscriberUris is null
03-31 23:28:14.486  2250  2329 I am_wtf  : [0,4290,com.qualcomm.qti.performancemode,818429509,SystemConfigExt,SystemConfig is being accessed by a process other than system_server.]
03-31 23:28:14.486  2250  2329 I am_wtf  : [0,4290,com.qualcomm.qti.performancemode,818429509,SystemConfigExt,SystemConfig is being accessed by a process other than system_server.]
03-31 23:28:14.493  2250  2322 I commit_sys_config_file: [jobs,2]
03-31 23:28:14.496  2250  4138 I am_uid_running: 10045
03-31 23:28:14.506  2250  2329 I am_wtf  : [0,4244,com.sunmi.tmservice,549994053,SystemConfigExt,SystemConfig is being accessed by a process other than system_server.]
03-31 23:28:14.509  2250  2330 I am_proc_start: [0,4410,10045,com.redteamobile.monitor,service,{com.redteamobile.monitor/com.redteamobile.monitor.RTEuiccService}]
03-31 23:28:14.510  2250  2419 I commit_sys_config_file: [settings-2-0,50]
03-31 23:28:14.510  2250  2329 I am_wtf  : [0,4244,com.sunmi.tmservice,549994053,SystemConfigExt,SystemConfig is being accessed by a process other than system_server.]
03-31 23:28:14.512  2250  2419 I commit_sys_config_file: [settings-0-0,3]
03-31 23:28:14.523   785   785 I auditd  : avc:  denied  { find } for pid=3843 uid=1027 name=vendor.qti.hardware.perf2.IPerf/default scontext=u:r:nfc:s0 tcontext=u:object_r:default_android_service:s0 tclass=service_manager permissive=0
03-31 23:28:14.523  3049  4388 D SmsBroadcastUndelivered: finished scanning raw table in 73 ms
03-31 23:28:14.529   785   785 I auditd  : avc:  denied  { find } for pid=4290 uid=10113 name=vendor.qti.hardware.perf2.IPerf/default scontext=u:r:platform_app:s0:c512,c768 tcontext=u:object_r:default_android_service:s0 tclass=service_manager permissive=0
03-31 23:28:14.536  3049  3049 D ImsManagerIM [0]: ImsService not up yet - timeout waiting for connection.
03-31 23:28:14.556  3049  3049 D SST     : [1] handleMessage: received event 2
03-31 23:28:14.556  3049  3049 D SST     : [1] pollState: modemTriggered=true, radioState=1
03-31 23:28:14.556  3049  3049 D SST     : [1] QTISST: discarding local service instance
03-31 23:28:14.556  3049  3049 D SST     : [1] issuePollCommands
03-31 23:28:14.557  2250  2250 I sysui_multi_action: [757,1501,758,1,793,210,794,0,795,210,796,32,806,android,857,USB,858,1,947,0,1500,0]
03-31 23:28:14.558  2250  2250 I sysui_multi_action: [757,804,799,note_interruptive,801,0,802,1]
03-31 23:28:14.558  3049  3049 D RILJ    : [0113]> OPERATOR [PHONE1]
03-31 23:28:14.559  3049  3049 D RILJ    : [0114]> QUERY_NETWORK_SELECTION_MODE [PHONE1]
03-31 23:28:14.559  3049  3049 D PhoneSwitcher: handle event - 114
03-31 23:28:14.559  3049  3049 D NetworkTypeController: [1] LegacyState: process EVENT_SERVICE_STATE_CHANGED
03-31 23:28:14.559  3049  3049 D NetworkTypeController: [1] ServiceState updated: {mVoiceRegState=1(OUT_OF_SERVICE), mDataRegState=1(OUT_OF_SERVICE), mChannelNumber=-1, duplexMode()=0, mCellBandwidths=[], mOperatorAlphaLong=, mOperatorAlphaShort=, isManualNetworkSelection=false(automatic), getRilVoiceRadioTechnology=0(Unknown), getRilDataRadioTechnology=0(Unknown), mCssIndicator=unsupported, mNetworkId=-1, mSystemId=-1, mCdmaRoamingIndicator=-1, mCdmaDefaultRoamingIndicator=-1, mIsEmergencyOnly=false, isUsingCarrierAggregation=false, mArfcnRsrpBoost=0, mNetworkRegistrationInfos=[NetworkRegistrationInfo{ domain=CS transportType=WWAN registrationState=NOT_REG_SEARCHING networkRegistrationState=NOT_REG_SEARCHING roamingType=NOT_ROAMING accessNetworkTechnology=UNKNOWN rejectCause=0 emergencyEnabled=false availableServices=[] cellIdentity=null voiceSpecificInfo=VoiceSpecificRegistrationInfo { mCssSupported=false mRoamingIndicator=0 mSystemIsInPrl=0 mDefaultRoamingIndicator=0} dataSpecificInfo=null nrState=**** rRplmn= isUsingCarrierAggregation=false}, NetworkRegistrationInfo{ domain=PS transportType=WWAN registrationState=NOT_REG_OR_SEARCHING networkRegistrationState=NOT_REG_OR_SEARCHING roamingType=NOT_ROAMING accessNetworkTechnology=UNKNOWN rejectCause=0 emergencyEnabled=false availableServices=[] cellIdentity=null voiceSpecificInfo=null dataSpecificInfo=android.telephony.DataSpecificRegistrationInfo :{ maxDataCalls = 16 isDcNrRestricted = false isNrAvailable = false isEnDcAvailable = false mLteAttachResultType = 0 mLteAttachExtraInfo = 0 null } nrState=**** rRplmn= isUsingCarrierAggregation=false}], mNrFrequencyRange=0, mOperatorAlphaLongRaw=, mOperatorAlphaShortRaw=, mIsDataRoamingFromRegistration=false, mIsIwlanPreferred=false}
03-31 23:28:14.559  3049  3049 D NetworkTypeController: [1] Reset timers since 2G and 3G don't need NR timers.
03-31 23:28:14.559  3049  3049 D DIC-1   : ServiceState updated, isRoaming=false
03-31 23:28:14.559  3049  3049 D DNC-1   : handleMessage, msg.what = 17
03-31 23:28:14.560  3049  3049 D DNC-1   : onServiceStateChanged: changed to {mVoiceRegState=1(OUT_OF_SERVICE), mDataRegState=1(OUT_OF_SERVICE), mChannelNumber=-1, duplexMode()=0, mCellBandwidths=[], mOperatorAlphaLong=, mOperatorAlphaShort=, isManualNetworkSelection=false(automatic), getRilVoiceRadioTechnology=0(Unknown), getRilDataRadioTechnology=0(Unknown), mCssIndicator=unsupported, mNetworkId=-1, mSystemId=-1, mCdmaRoamingIndicator=-1, mCdmaDefaultRoamingIndicator=-1, mIsEmergencyOnly=false, isUsingCarrierAggregation=false, mArfcnRsrpBoost=0, mNetworkRegistrationInfos=[NetworkRegistrationInfo{ domain=CS transportType=WWAN registrationState=NOT_REG_SEARCHING networkRegistrationState=NOT_REG_SEARCHING roamingType=NOT_ROAMING accessNetworkTechnology=UNKNOWN rejectCause=0 emergencyEnabled=false availableServices=[] cellIdentity=null voiceSpecificInfo=VoiceSpecificRegistrationInfo { mCssSupported=false mRoamingIndicator=0 mSystemIsInPrl=0 mDefaultRoamingIndicator=0} dataSpecificInfo=null nrState=**** rRplmn= isUsingCarrierAggregation=false}, NetworkRegistrationInfo{ domain=PS transportType=WWAN registrationState=NOT_REG_OR_SEARCHING networkRegistrationState=NOT_REG_OR_SEARCHING roamingType=NOT_ROAMING accessNetworkTechnology=UNKNOWN rejectCause=0 emergencyEnabled=false availableServices=[] cellIdentity=null voiceSpecificInfo=null dataSpecificInfo=android.telephony.DataSpecificRegistrationInfo :{ maxDataCalls = 16 isDcNrRestricted = false isNrAvailable = false isEnDcAvailable = false mLteAttachResultType = 0 mLteAttachExtraInfo = 0 null } nrState=**** rRplmn= isUsingCarrierAggregation=false}], mNrFrequencyRange=0, mOperatorAlphaLongRaw=, mOperatorAlphaShortRaw=, mIsDataRoamingFromRegistration=false, mIsIwlanPreferred=false}
03-31 23:28:14.560  3049  3049 D DNC-1   : onServiceStateChanged: [WWAN: UNKNOWN->UNKNOWN, UNKNOWN->NOT_REG_OR_SEARCHING] [WLAN: UNKNOWN->null, UNKNOWN->null] . Evaluating network requests is not needed, evaluating existing data networks is not needed.
03-31 23:28:14.560  3049  3049 D LocaleTracker-1: updateLocale: countryIso = , countryIsoDebugInfo = empty as default
03-31 23:28:14.560  3049  3049 D LocaleTracker-1: updateLocale: Change the current country to "", countryIsoDebugInfo = empty as default, mCellInfoList = null
03-31 23:28:14.561  3049  3049 D SubscriptionManager: putPhoneIdAndSubIdExtra: no valid subs
03-31 23:28:14.565  3049  3613 D RILJ    : [0113]< OPERATOR {, , } [PHONE1]
03-31 23:28:14.565  3049  3613 D RILJ    : [0114]< QUERY_NETWORK_SELECTION_MODE {0} [PHONE1]
03-31 23:28:14.566  3049  3128 D NRM-I-1 : onRequestNetworkRegistrationInfoComplete result: 0, info: NetworkRegistrationInfo{ domain=PS transportType=WLAN registrationState=NOT_REG_OR_SEARCHING networkRegistrationState=NOT_REG_OR_SEARCHING roamingType=NOT_ROAMING accessNetworkTechnology=UNKNOWN rejectCause=0 emergencyEnabled=false availableServices=[] cellIdentity=null voiceSpecificInfo=null dataSpecificInfo=null nrState=**** rRplmn= isUsingCarrierAggregation=false}
03-31 23:28:14.568     1     1 I auditd  : type=1107 audit(0.0:137): uid=0 auid=4294967295 ses=4294967295 subj=u:r:init:s0 msg='avc:  denied  { set } for property=vendor.qti.nfc.usbnci pid=1172 uid=1027 gid=1027 scontext=u:r:hal_nfc_default:s0 tcontext=u:object_r:vendor_nfc_nq_prop:s0 tclass=property_service permissive=0'
03-31 23:28:14.568     1     1 I auditd  : type=1107 audit(0.0:138): uid=0 auid=4294967295 ses=4294967295 subj=u:r:init:s0 msg='avc:  denied  { set } for property=vendor.qti.nfc.usbnciname pid=1172 uid=1027 gid=1027 scontext=u:r:hal_nfc_default:s0 tcontext=u:object_r:vendor_nfc_nq_prop:s0 tclass=property_service permissive=0'
03-31 23:28:14.577  2250  4138 I am_uid_running: 10112
03-31 23:28:14.577  2250  2323 I wm_destroy_activity: [0,63263002,5,com.android.settings/.FallbackHome,finish-transit]
03-31 23:28:14.579  3049  3049 D LocaleTracker-1: updateLocale: timeZoneCountryIso = , timeZoneCountryIsoDebugInfo = empty as default
03-31 23:28:14.579  3049  3049 D NitzStateMachineImpl: handleCountryUnavailable: mLatestNitzSignal=null
03-31 23:28:14.582  3130  3130 I wm_on_stop_called: [63263002,com.android.settings.FallbackHome,LIFECYCLER_STOP_ACTIVITY,0]
03-31 23:28:14.583  3049  3049 D NitzStateMachineImpl: doTimeZoneDetection: countryIsoCode=null, nitzSignal=null, suggestion=TelephonyTimeZoneSuggestion{mSlotIndex=1, mZoneId='null', mMatchType=0, mQuality=0, mDebugInfo=[getTimeZoneSuggestion: nitzSignal=null, countryIsoCode=null, Detection reason=handleCountryUnavailable]}, reason=handleCountryUnavailable
03-31 23:28:14.584  2250  2320 I sysui_multi_action: [319,1497,322,1465,325,23,757,761,758,8,759,2,806,com.android.launcher3,871,com.android.launcher3.uioverrides.QuickstepLauncher,905,0,1320,8,1321,5]
03-31 23:28:14.585  3049  3049 D LocaleTracker-1: Starting LocaleTracker
03-31 23:28:14.585  3049  3049 D ImsPhone: [1] handleMessage what=76
03-31 23:28:14.585  3049  3049 D QtiTelephonyNetworkFactory[0]: got request NetworkRequest [ REQUEST id=47, [ Capabilities: INTERNET&NOT_RESTRICTED&TRUSTED&NOT_VCN_MANAGED Uid: 10117 RequestorUid: 10117 RequestorPkg: sunmi.remotemanager UnderlyingNetworks: Null] ]
03-31 23:28:14.586  2250  2320 I wm_activity_launch_time: [0,122524921,com.android.launcher3/.uioverrides.QuickstepLauncher,1465]
03-31 23:28:14.586  3049  3049 D QtiTelephonyNetworkFactory[1]: got request NetworkRequest [ REQUEST id=47, [ Capabilities: INTERNET&NOT_RESTRICTED&TRUSTED&NOT_VCN_MANAGED Uid: 10117 RequestorUid: 10117 RequestorPkg: sunmi.remotemanager UnderlyingNetworks: Null] ]
03-31 23:28:14.590  3049  3049 D ImsPhone: [1] handleMessage what=75
03-31 23:28:14.590  3049  3049 D ImsPhone: [1] EVENT_DEFAULT_PHONE_DATA_STATE_CHANGED
03-31 23:28:14.591  3049  3049 D ImsPhone: [1] updateDataServiceState: defSs = {mVoiceRegState=1(OUT_OF_SERVICE), mDataRegState=1(OUT_OF_SERVICE), mChannelNumber=-1, duplexMode()=0, mCellBandwidths=[], mOperatorAlphaLong=, mOperatorAlphaShort=, isManualNetworkSelection=false(automatic), getRilVoiceRadioTechnology=0(Unknown), getRilDataRadioTechnology=0(Unknown), mCssIndicator=unsupported, mNetworkId=-1, mSystemId=-1, mCdmaRoamingIndicator=-1, mCdmaDefaultRoamingIndicator=-1, mIsEmergencyOnly=false, isUsingCarrierAggregation=false, mArfcnRsrpBoost=0, mNetworkRegistrationInfos=[NetworkRegistrationInfo{ domain=CS transportType=WWAN registrationState=NOT_REG_SEARCHING networkRegistrationState=NOT_REG_SEARCHING roamingType=NOT_ROAMING accessNetworkTechnology=UNKNOWN rejectCause=0 emergencyEnabled=false availableServices=[] cellIdentity=null voiceSpecificInfo=VoiceSpecificRegistrationInfo { mCssSupported=false mRoamingIndicator=0 mSystemIsInPrl=0 mDefaultRoamingIndicator=0} dataSpecificInfo=null nrState=**** rRplmn= isUsingCarrierAggregation=false}, NetworkRegistrationInfo{ domain=PS transportType=WWAN registrationState=NOT_REG_OR_SEARCHING networkRegistrationState=NOT_REG_OR_SEARCHING roamingType=NOT_ROAMING accessNetworkTechnology=UNKNOWN rejectCause=0 emergencyEnabled=false availableServices=[] cellIdentity=null voiceSpecificInfo=null dataSpecificInfo=android.telephony.DataSpecificRegistrationInfo :{ maxDataCalls = 16 isDcNrRestricted = false isNrAvailable = false isEnDcAvailable = false mLteAttachResultType = 0 mLteAttachExtraInfo = 0 null } nrState=**** rRplmn= isUsingCarrierAggregation=false}], mNrFrequencyRange=0, mOperatorAlphaLongRaw=, mOperatorAlphaShortRaw=, mIsDataRoamingFromRegistration=false, mIsIwlanPreferred=false} imsSs = {mVoiceRegState=1(OUT_OF_SERVICE), mDataRegState=1(OUT_OF_SERVICE), mChannelNumber=-1, duplexMode()=0, mCellBandwidths=[], mOperatorAlphaLong=null, mOperatorAlphaShort=null, isManualNetworkSelection=false(automatic), getRilVoiceRadioTechnology=0(Unknown), getRilDataRadioTechnology=0(Unknown), mCssIndicator=unsupported, mNetworkId=-1, mSystemId=-1, mCdmaRoamingIndicator=-1, mCdmaDefaultRoamingIndicator=-1, mIsEmergencyOnly=false, isUsingCarrierAggregation=false, mArfcnRsrpBoost=0, mNetworkRegistrationInfos=[NetworkRegistrationInfo{ domain=CS transportType=WWAN registrationState=UNKNOWN networkRegistrationState=UNKNOWN roamingType=NOT_ROAMING accessNetworkTechnology=UNKNOWN rejectCause=0 emergencyEnabled=false availableServices=[] cellIdentity=null voiceSpecificInfo=null dataSpecificInfo=null nrState=**** rRplmn= isUsingCarrierAggregation=false}, NetworkRegistrationInfo{ domain=PS transportType=WLAN registrationState=UNKNOWN networkRegistrationState=UNKNOWN roamingType=NOT_ROAMING accessNetworkTechnology=UNKNOWN rejectCause=0 emergencyEnabled=false availableServices=[] cellIdentity=null voiceSpecificInfo=null dataSpecificInfo=null nrState=**** rRplmn= isUsingCarrierAggregation=false}, NetworkRegistrationInfo{ domain=PS transportType=WWAN registrationState=NOT_REG_OR_SEARCHING networkRegistrationState=NOT_REG_OR_SEARCHING roamingType=NOT_ROAMING accessNetworkTechnology=UNKNOWN rejectCause=0 emergencyEnabled=false availableServices=[] cellIdentity=null voiceSpecificInfo=null dataSpecificInfo=android.telephony.DataSpecificRegistrationInfo :{ maxDataCalls = 16 isDcNrRestricted = false isNrAvailable = false isEnDcAvailable = false mLteAttachResultType = 0 mLteAttachExtraInfo = 0 null } nrState=**** rRplmn= isUsingCarrierAggregation=false}], mNrFrequencyRange=0, mOperatorAlphaLongRaw=null, mOperatorAlphaShortRaw=null, mIsDataRoamingFromRegistration=false, mIsIwlanPreferred=false}
03-31 23:28:14.591  3049  3049 D DNC-1   : handleMessage, msg.what = 5
03-31 23:28:14.591  3049  3049 D DNC-1   : Re-evaluating 0 unsatisfied network requests in 0 groups,  due to DATA_ENABLED_CHANGED
03-31 23:28:14.591  3049  3049 D DRM-1   : Remove all retry and throttling entries, reason=DATA_SERVICE_BOUND
03-31 23:28:14.591  3049  3049 D DNC-1   : handleMessage, msg.what = 5
03-31 23:28:14.591  3049  3049 D DNC-1   : Re-evaluating 0 unsatisfied network requests in 0 groups,  due to DDS_SWITCHED
03-31 23:28:14.594  3130  3130 I wm_on_destroy_called: [63263002,com.android.settings.FallbackHome,performDestroy,11]
03-31 23:28:14.595  3049  3049 D QtiTelephonyNetworkFactory[0]: onNeedNetworkFor [NetworkRequest [ BACKGROUND_REQUEST id=2, [ Transports: CELLULAR Capabilities: INTERNET&NOT_RESTRICTED&TRUSTED&NOT_VPN&NOT_VCN_MANAGED RequestorUid: 1000 RequestorPkg: android UnderlyingNetworks: Null] ], mPriority=20, state=UNSATISFIED, mAttachedDataNetwork=null, isMetered=true, created time=23:28:14.592, evaluation result=null] shouldApply false
03-31 23:28:14.596  3049  3049 D QtiTelephonyNetworkFactory[0]: onNeedNetworkFor [NetworkRequest [ REQUEST id=15, [ Capabilities: INTERNET&NOT_RESTRICTED&TRUSTED&NOT_VCN_MANAGED Uid: 1000 RequestorUid: 1000 RequestorPkg: android UnderlyingNetworks: Null] ], mPriority=20, state=UNSATISFIED, mAttachedDataNetwork=null, isMetered=true, created time=23:28:14.596, evaluation result=null] shouldApply false
03-31 23:28:14.596  3049  3049 D QtiTelephonyNetworkFactory[0]: onNeedNetworkFor [NetworkRequest [ REQUEST id=7, [ Capabilities: INTERNET&NOT_RESTRICTED&TRUSTED&NOT_VCN_MANAGED Uid: 1000 RequestorUid: 1000 RequestorPkg: android UnderlyingNetworks: Null] ], mPriority=20, state=UNSATISFIED, mAttachedDataNetwork=null, isMetered=true, created time=23:28:14.595, evaluation result=null] shouldApply false
03-31 23:28:14.597  3049  3049 D QtiTelephonyNetworkFactory[0]: onNeedNetworkFor [NetworkRequest [ REQUEST id=43, [ Capabilities: INTERNET&NOT_RESTRICTED&TRUSTED&NOT_VCN_MANAGED Uid: 1000 RequestorUid: 1000 RequestorPkg: android UnderlyingNetworks: Null] ], mPriority=20, state=UNSATISFIED, mAttachedDataNetwork=null, isMetered=true, created time=23:28:14.597, evaluation result=null] shouldApply false
03-31 23:28:14.597  3049  3049 D QtiTelephonyNetworkFactory[0]: onNeedNetworkFor [NetworkRequest [ REQUEST id=32, [ Capabilities: INTERNET&NOT_RESTRICTED&TRUSTED&NOT_VCN_MANAGED Uid: 1001 RequestorUid: 1001 RequestorPkg: com.android.phone UnderlyingNetworks: Null] ], mPriority=20, state=UNSATISFIED, mAttachedDataNetwork=null, isMetered=true, created time=23:28:14.597, evaluation result=null] shouldApply false
03-31 23:28:14.598  3049  3049 D QtiTelephonyNetworkFactory[0]: onNeedNetworkFor [NetworkRequest [ REQUEST id=39, [ Capabilities: INTERNET&NOT_RESTRICTED&TRUSTED&NOT_VCN_MANAGED Uid: 10067 RequestorUid: 10067 RequestorPkg: com.qualcomm.qti.cne UnderlyingNetworks: Null] ], mPriority=20, state=UNSATISFIED, mAttachedDataNetwork=null, isMetered=true, created time=23:28:14.598, evaluation result=null] shouldApply false
03-31 23:28:14.598  3049  3049 D QtiTelephonyNetworkFactory[0]: onNeedNetworkFor [NetworkRequest [ REQUEST id=23, [ Capabilities: INTERNET&NOT_RESTRICTED&TRUSTED&NOT_VCN_MANAGED Uid: 10130 RequestorUid: 10130 RequestorPkg: com.android.systemui UnderlyingNetworks: Null] ], mPriority=20, state=UNSATISFIED, mAttachedDataNetwork=null, isMetered=true, created time=23:28:14.597, evaluation result=null] shouldApply false
03-31 23:28:14.599  3049  3049 D QtiTelephonyNetworkFactory[0]: onNeedNetworkFor [NetworkRequest [ REQUEST id=25, [ Capabilities: INTERNET&NOT_RESTRICTED&TRUSTED&NOT_VCN_MANAGED Uid: 10130 RequestorUid: 10130 RequestorPkg: com.android.systemui UnderlyingNetworks: Null] ], mPriority=20, state=UNSATISFIED, mAttachedDataNetwork=null, isMetered=true, created time=23:28:14.599, evaluation result=null] shouldApply false
03-31 23:28:14.601  3049  3049 D QtiTelephonyNetworkFactory[0]: onNeedNetworkFor [NetworkRequest [ REQUEST id=1, [ Capabilities: INTERNET&NOT_RESTRICTED&TRUSTED&NOT_VPN&NOT_VCN_MANAGED RequestorUid: 1000 RequestorPkg: android UnderlyingNetworks: Null] ], mPriority=20, state=UNSATISFIED, mAttachedDataNetwork=null, isMetered=true, created time=23:28:14.599, evaluation result=null] shouldApply false
03-31 23:28:14.602  3049  3049 D QtiTelephonyNetworkFactory[0]: onNeedNetworkFor [NetworkRequest [ REQUEST id=17, [ Capabilities: INTERNET&NOT_RESTRICTED&TRUSTED&NOT_VCN_MANAGED Uid: 1073 RequestorUid: 1073 RequestorPkg: com.android.networkstack UnderlyingNetworks: Null] ], mPriority=20, state=UNSATISFIED, mAttachedDataNetwork=null, isMetered=true, created time=23:28:14.602, evaluation result=null] shouldApply false
03-31 23:28:14.603  3049  3049 D QtiTelephonyNetworkFactory[0]: onNeedNetworkFor [NetworkRequest [ REQUEST id=28, [ Capabilities: INTERNET&NOT_RESTRICTED&TRUSTED&NOT_VCN_MANAGED Uid: 10130 RequestorUid: 10130 RequestorPkg: com.android.systemui UnderlyingNetworks: Null] ], mPriority=20, state=UNSATISFIED, mAttachedDataNetwork=null, isMetered=true, created time=23:28:14.601, evaluation result=null] shouldApply false
03-31 23:28:14.603  3049  3049 D QtiTelephonyNetworkFactory[0]: onNeedNetworkFor [NetworkRequest [ REQUEST id=35, [ Capabilities: INTERNET&NOT_RESTRICTED&TRUSTED&NOT_VCN_MANAGED Uid: 1001 RequestorUid: 1001 RequestorPkg: com.android.phone UnderlyingNetworks: Null] ], mPriority=20, state=UNSATISFIED, mAttachedDataNetwork=null, isMetered=true, created time=23:28:14.603, evaluation result=null] shouldApply false
03-31 23:28:14.603  3049  3049 D QtiTelephonyNetworkFactory[0]: onNeedNetworkFor [NetworkRequest [ REQUEST id=37, [ Capabilities: INTERNET&NOT_RESTRICTED&TRUSTED&NOT_VCN_MANAGED Uid: 1001 RequestorUid: 1001 RequestorPkg: com.android.phone UnderlyingNetworks: Null] ], mPriority=20, state=UNSATISFIED, mAttachedDataNetwork=null, isMetered=true, created time=23:28:14.602, evaluation result=null] shouldApply false
03-31 23:28:14.604  3049  3049 D QtiTelephonyNetworkFactory[1]: onNeedNetworkFor [NetworkRequest [ BACKGROUND_REQUEST id=2, [ Transports: CELLULAR Capabilities: INTERNET&NOT_RESTRICTED&TRUSTED&NOT_VPN&NOT_VCN_MANAGED RequestorUid: 1000 RequestorPkg: android UnderlyingNetworks: Null] ], mPriority=20, state=UNSATISFIED, mAttachedDataNetwork=null, isMetered=true, created time=23:28:14.604, evaluation result=null] shouldApply false
03-31 23:28:14.604  3049  3049 D QtiTelephonyNetworkFactory[1]: onNeedNetworkFor [NetworkRequest [ REQUEST id=15, [ Capabilities: INTERNET&NOT_RESTRICTED&TRUSTED&NOT_VCN_MANAGED Uid: 1000 RequestorUid: 1000 RequestorPkg: android UnderlyingNetworks: Null] ], mPriority=20, state=UNSATISFIED, mAttachedDataNetwork=null, isMetered=true, created time=23:28:14.604, evaluation result=null] shouldApply false
03-31 23:28:14.604  3049  3049 D QtiTelephonyNetworkFactory[1]: onNeedNetworkFor [NetworkRequest [ REQUEST id=7, [ Capabilities: INTERNET&NOT_RESTRICTED&TRUSTED&NOT_VCN_MANAGED Uid: 1000 RequestorUid: 1000 RequestorPkg: android UnderlyingNetworks: Null] ], mPriority=20, state=UNSATISFIED, mAttachedDataNetwork=null, isMetered=true, created time=23:28:14.604, evaluation result=null] shouldApply false
03-31 23:28:14.605  3049  3049 D QtiTelephonyNetworkFactory[1]: onNeedNetworkFor [NetworkRequest [ REQUEST id=43, [ Capabilities: INTERNET&NOT_RESTRICTED&TRUSTED&NOT_VCN_MANAGED Uid: 1000 RequestorUid: 1000 RequestorPkg: android UnderlyingNetworks: Null] ], mPriority=20, state=UNSATISFIED, mAttachedDataNetwork=null, isMetered=true, created time=23:28:14.604, evaluation result=null] shouldApply false
03-31 23:28:14.605  3049  3049 D QtiTelephonyNetworkFactory[1]: onNeedNetworkFor [NetworkRequest [ REQUEST id=32, [ Capabilities: INTERNET&NOT_RESTRICTED&TRUSTED&NOT_VCN_MANAGED Uid: 1001 RequestorUid: 1001 RequestorPkg: com.android.phone UnderlyingNetworks: Null] ], mPriority=20, state=UNSATISFIED, mAttachedDataNetwork=null, isMetered=true, created time=23:28:14.605, evaluation result=null] shouldApply false
03-31 23:28:14.605  3049  3049 D QtiTelephonyNetworkFactory[1]: onNeedNetworkFor [NetworkRequest [ REQUEST id=39, [ Capabilities: INTERNET&NOT_RESTRICTED&TRUSTED&NOT_VCN_MANAGED Uid: 10067 RequestorUid: 10067 RequestorPkg: com.qualcomm.qti.cne UnderlyingNetworks: Null] ], mPriority=20, state=UNSATISFIED, mAttachedDataNetwork=null, isMetered=true, created time=23:28:14.605, evaluation result=null] shouldApply false
03-31 23:28:14.605  3049  3049 D QtiTelephonyNetworkFactory[1]: onNeedNetworkFor [NetworkRequest [ REQUEST id=23, [ Capabilities: INTERNET&NOT_RESTRICTED&TRUSTED&NOT_VCN_MANAGED Uid: 10130 RequestorUid: 10130 RequestorPkg: com.android.systemui UnderlyingNetworks: Null] ], mPriority=20, state=UNSATISFIED, mAttachedDataNetwork=null, isMetered=true, created time=23:28:14.605, evaluation result=null] shouldApply false
03-31 23:28:14.605  3049  3049 D QtiTelephonyNetworkFactory[1]: onNeedNetworkFor [NetworkRequest [ REQUEST id=25, [ Capabilities: INTERNET&NOT_RESTRICTED&TRUSTED&NOT_VCN_MANAGED Uid: 10130 RequestorUid: 10130 RequestorPkg: com.android.systemui UnderlyingNetworks: Null] ], mPriority=20, state=UNSATISFIED, mAttachedDataNetwork=null, isMetered=true, created time=23:28:14.605, evaluation result=null] shouldApply false
03-31 23:28:14.606  3049  3049 D QtiTelephonyNetworkFactory[1]: onNeedNetworkFor [NetworkRequest [ REQUEST id=1, [ Capabilities: INTERNET&NOT_RESTRICTED&TRUSTED&NOT_VPN&NOT_VCN_MANAGED RequestorUid: 1000 RequestorPkg: android UnderlyingNetworks: Null] ], mPriority=20, state=UNSATISFIED, mAttachedDataNetwork=null, isMetered=true, created time=23:28:14.606, evaluation result=null] shouldApply false
03-31 23:28:14.606  3049  3049 D QtiTelephonyNetworkFactory[1]: onNeedNetworkFor [NetworkRequest [ REQUEST id=17, [ Capabilities: INTERNET&NOT_RESTRICTED&TRUSTED&NOT_VCN_MANAGED Uid: 1073 RequestorUid: 1073 RequestorPkg: com.android.networkstack UnderlyingNetworks: Null] ], mPriority=20, state=UNSATISFIED, mAttachedDataNetwork=null, isMetered=true, created time=23:28:14.606, evaluation result=null] shouldApply false
03-31 23:28:14.606  3049  3049 D QtiTelephonyNetworkFactory[1]: onNeedNetworkFor [NetworkRequest [ REQUEST id=28, [ Capabilities: INTERNET&NOT_RESTRICTED&TRUSTED&NOT_VCN_MANAGED Uid: 10130 RequestorUid: 10130 RequestorPkg: com.android.systemui UnderlyingNetworks: Null] ], mPriority=20, state=UNSATISFIED, mAttachedDataNetwork=null, isMetered=true, created time=23:28:14.606, evaluation result=null] shouldApply false
03-31 23:28:14.606  3049  3049 D QtiTelephonyNetworkFactory[1]: onNeedNetworkFor [NetworkRequest [ REQUEST id=35, [ Capabilities: INTERNET&NOT_RESTRICTED&TRUSTED&NOT_VCN_MANAGED Uid: 1001 RequestorUid: 1001 RequestorPkg: com.android.phone UnderlyingNetworks: Null] ], mPriority=20, state=UNSATISFIED, mAttachedDataNetwork=null, isMetered=true, created time=23:28:14.605, evaluation result=null] shouldApply false
03-31 23:28:14.606  3049  3049 D QtiTelephonyNetworkFactory[1]: onNeedNetworkFor [NetworkRequest [ REQUEST id=37, [ Capabilities: INTERNET&NOT_RESTRICTED&TRUSTED&NOT_VCN_MANAGED Uid: 1001 RequestorUid: 1001 RequestorPkg: com.android.phone UnderlyingNetworks: Null] ], mPriority=20, state=UNSATISFIED, mAttachedDataNetwork=null, isMetered=true, created time=23:28:14.606, evaluation result=null] shouldApply false
03-31 23:28:14.606  3049  3049 D SMSVC   : updateSimState: slot 1 NOT_READY
03-31 23:28:14.607  3049  3049 D SMSVC   : updateSubscription: phoneId=1, simState=NOT_READY
03-31 23:28:14.607  3049  3049 D SMSVC   :   [UiccSlot: mActive=true, mIccId={0=}, mIsEuicc=false, MEP=false, mPortIdxToPhoneId={0=0}, mEid=, mCardState={0=CARDSTATE_ABSENT} mSupportedMepMode=NONE]
03-31 23:28:14.607  3049  3049 D SMSVC   :   [UiccSlot: mActive=true, mIccId={0=890000000[****]}, mIsEuicc=true, MEP=false, mPortIdxToPhoneId={0=1}, mEid=[****], mCardState={0=CARDSTATE_PRESENT} mSupportedMepMode=NONE]
03-31 23:28:14.607  3049  3049 D SMSVC   : updateSubscription: iccCard has empty profile.
03-31 23:28:14.607  3049  3049 D SMSVC   : updateSubscription: UICC app disabled on slot 1
03-31 23:28:14.607  3049  3049 D SMSVC   : markSubscriptionsInactive: slot 1
03-31 23:28:14.607  3049  3049 D SMSVC   : markSubscriptionsInactive: current mapping []
03-31 23:28:14.607  3049  3049 D SMSVC   : areAllSubscriptionsLoaded: SIM 0 state is still unknown.
03-31 23:28:14.607  2250  2250 I sysui_multi_action: [757,1501,758,1,793,219,794,0,795,219,796,26,806,android,857,DEVELOPER_IMPORTANT,858,4,947,0,1500,0]
03-31 23:28:14.607  2250  2250 I sysui_multi_action: [757,804,799,note_interruptive,801,0,802,1]
03-31 23:28:14.607  3049  3049 D UiccProfile: iccOpenLogicalChannel: A00000015141434C00 , 0 by pid:3049 uid:1001
03-31 23:28:14.613  3049  4064 D RILJ    : [0115]> DATA_REGISTRATION_STATE [PHONE1]
03-31 23:28:14.613  3049  4064 D RILJ    : getDataRegistrationState: overrideHalVersion=null [PHONE1]
03-31 23:28:14.614  3049  4064 D RILJ    : [0117]> VOICE_REGISTRATION_STATE [PHONE1]
03-31 23:28:14.608  3573  3573 I auditd  : type=1400 audit(0.0:139): avc:  denied  { net_admin } for  comm="binder:3573_1" capability=12  scontext=u:r:smdss:s0 tcontext=u:r:smdss:s0 tclass=capability permissive=0
03-31 23:28:14.614  3049  4064 D RILJ    : getVoiceRegistrationState: overrideHalVersion=null [PHONE1]
03-31 23:28:14.608  3573  3573 I auditd  : type=1400 audit(0.0:140): avc:  denied  { block_suspend } for  comm="binder:3573_1" capability=36  scontext=u:r:smdss:s0 tcontext=u:r:smdss:s0 tclass=capability2 permissive=0
03-31 23:28:14.621  3049  3340 D RILJ    : [0115]< DATA_REGISTRATION_STATE android.hardware.radio.network.RegStateResult{regState: NOT_REG_MT_NOT_SEARCHING_OP, rat: UNKNOWN, reasonForDenial: NONE, cellIdentity: android.hardware.radio.network.CellIdentity.noinit(false), registeredPlmn: , accessTechnologySpecificInfo: android.hardware.radio.network.AccessTechnologySpecificInfo.noinit(false)} [PHONE1]
03-31 23:28:14.622  2250  2497 I input_focus: [Focus entering bef9d8b com.android.launcher3/com.android.launcher3.uioverrides.QuickstepLauncher (server),reason=Window became focusable. Previous reason: NOT_VISIBLE]
03-31 23:28:14.624  3049  4064 D CellularNetworkService: No access tech specific info passes for RegStateResult
03-31 23:28:14.624  3049  4064 D NRM-C-1 : onRequestNetworkRegistrationInfoComplete result: 0, info: NetworkRegistrationInfo{ domain=PS transportType=WWAN registrationState=NOT_REG_OR_SEARCHING networkRegistrationState=NOT_REG_OR_SEARCHING roamingType=NOT_ROAMING accessNetworkTechnology=UNKNOWN rejectCause=0 emergencyEnabled=false availableServices=[] cellIdentity=null voiceSpecificInfo=null dataSpecificInfo=android.telephony.DataSpecificRegistrationInfo :{ maxDataCalls = 16 isDcNrRestricted = false isNrAvailable = false isEnDcAvailable = false mLteAttachResultType = 0 mLteAttachExtraInfo = 0 null } nrState=**** rRplmn= isUsingCarrierAggregation=false}
03-31 23:28:14.627  3049  3049 D RILJ    : [0116]> SIM_OPEN_CHANNEL [PHONE1]
03-31 23:28:14.628  3049  3049 D SMSVC   : updateSimState: slot 0 ABSENT
03-31 23:28:14.628  3049  3049 D SMSVC   : updateSubscription: phoneId=0, simState=ABSENT
03-31 23:28:14.628  3049  3049 D SMSVC   :   [UiccSlot: mActive=true, mIccId={0=}, mIsEuicc=false, MEP=false, mPortIdxToPhoneId={0=0}, mEid=, mCardState={0=CARDSTATE_ABSENT} mSupportedMepMode=NONE]
03-31 23:28:14.628  3049  3049 D SMSVC   :   [UiccSlot: mActive=true, mIccId={0=890000000[****]}, mIsEuicc=true, MEP=false, mPortIdxToPhoneId={0=1}, mEid=[****], mCardState={0=CARDSTATE_PRESENT} mSupportedMepMode=NONE]
03-31 23:28:14.629  3049  3049 D SMSVC   : Notify all subscriptions loaded.
03-31 23:28:14.629  2250  2250 I sysui_multi_action: [757,1501,758,1,793,244,794,0,795,244,796,26,806,android,857,DEVELOPER_IMPORTANT,858,4,947,0,1500,0,1688,1]
03-31 23:28:14.629  2250  2250 I sysui_multi_action: [757,804,799,note_interruptive,801,0,802,1]
03-31 23:28:14.629  2250  2250 I sysui_multi_action: [757,199,758,1,759,2,793,244,794,0,795,244,796,26,806,android,857,DEVELOPER_IMPORTANT,858,4,947,0,1500,0,1688,1]
03-31 23:28:14.629  2250  2250 I notification_alert: [-1|android|26|null|1000,0,1,0]
03-31 23:28:14.631  3049  3049 D SST     : [1] handleMessage: received event 2
03-31 23:28:14.631  3049  3049 D SST     : [1] pollState: modemTriggered=true, radioState=1
03-31 23:28:14.631  3049  3049 D SST     : [1] issuePollCommands
03-31 23:28:14.634  3049  3049 D RILJ    : [0118]> OPERATOR [PHONE1]
03-31 23:28:14.635  2250  2250 I notification_autogrouped: -1|android|26|null|1000
03-31 23:28:14.635  2250  2250 I notification_autogrouped: -1|android|32|null|1000
03-31 23:28:14.636  2250  2250 I notification_enqueue: [1000,2250,android,2147483647,ranker_group,-1,Notification(channel=DEVELOPER_IMPORTANT shortcut=null contentView=null vibrate=null sound=null defaults=0x0 flags=0x702 color=0x00000000 groupKey=ranker_group vis=PRIVATE),0]
03-31 23:28:14.637  2250  2613 I notification_adjusted: [-1|android|26|null|1000,key_group_key,ranker_group]
03-31 23:28:14.639  3049  3340 D RILJ    : [0118]< OPERATOR {, , } [PHONE1]
03-31 23:28:14.640  3049  3340 D RILJ    : [0117]< VOICE_REGISTRATION_STATE android.hardware.radio.network.RegStateResult{regState: NOT_REG_MT_SEARCHING_OP, rat: UNKNOWN, reasonForDenial: NONE, cellIdentity: android.hardware.radio.network.CellIdentity.noinit(false), registeredPlmn: , accessTechnologySpecificInfo: android.hardware.radio.network.AccessTechnologySpecificInfo.noinit(false)} [PHONE1]
03-31 23:28:14.640   785   785 I auditd  : avc:  denied  { find } for pid=4213 uid=1000 name=vendor.qti.hardware.perf2.IPerf/default scontext=u:r:system_app:s0 tcontext=u:object_r:default_android_service:s0 tclass=service_manager permissive=0
03-31 23:28:14.641  3049  4064 D CellularNetworkService: No access tech specific info passes for RegStateResult
03-31 23:28:14.641  3049  4064 D NRM-C-1 : onRequestNetworkRegistrationInfoComplete result: 0, info: NetworkRegistrationInfo{ domain=CS transportType=WWAN registrationState=NOT_REG_SEARCHING networkRegistrationState=NOT_REG_SEARCHING roamingType=NOT_ROAMING accessNetworkTechnology=UNKNOWN rejectCause=0 emergencyEnabled=false availableServices=[] cellIdentity=null voiceSpecificInfo=VoiceSpecificRegistrationInfo { mCssSupported=false mRoamingIndicator=0 mSystemIsInPrl=0 mDefaultRoamingIndicator=0} dataSpecificInfo=null nrState=**** rRplmn= isUsingCarrierAggregation=false}
03-31 23:28:14.643  3049  4064 D RILJ    : [0119]> DATA_REGISTRATION_STATE [PHONE1]
03-31 23:28:14.644  3049  4064 D RILJ    : getDataRegistrationState: overrideHalVersion=null [PHONE1]
03-31 23:28:14.645  3049  3049 D RILJ    : [0120]> QUERY_NETWORK_SELECTION_MODE [PHONE1]
03-31 23:28:14.645  3049  4064 D RILJ    : [0121]> VOICE_REGISTRATION_STATE [PHONE1]
03-31 23:28:14.645  3049  4064 D RILJ    : getVoiceRegistrationState: overrideHalVersion=null [PHONE1]
03-31 23:28:14.646  3049  3340 D RILJ    : [0116]< SIM_OPEN_CHANNEL error 17 [PHONE1]
03-31 23:28:14.646  3049  3340 D RilRequest: [0116]< SIM_OPEN_CHANNEL error: com.android.internal.telephony.CommandException: NO_SUCH_ELEMENT ret= result={ when=-24s759ms what=8 obj={ when=-24s759ms what=1 arg2=1 target=com.android.internal.telephony.uicc.UiccCarrierPrivilegeRules } target=com.android.internal.telephony.uicc.UiccProfile$4 }
03-31 23:28:14.647  3049  3049 D SST     : [0] handleMessage: received event 2
03-31 23:28:14.647  3049  3049 D SST     : [0] pollState: modemTriggered=true, radioState=1
03-31 23:28:14.647  3049  3049 D SST     : [0] QTISST: discarding local service instance
03-31 23:28:14.647  3049  3049 D SST     : [0] issuePollCommands
03-31 23:28:14.647  3049  4064 D CellularNetworkService: No access tech specific info passes for RegStateResult
03-31 23:28:14.647  3049  3340 D RILJ    : [0119]< DATA_REGISTRATION_STATE android.hardware.radio.network.RegStateResult{regState: NOT_REG_MT_NOT_SEARCHING_OP, rat: UNKNOWN, reasonForDenial: NONE, cellIdentity: android.hardware.radio.network.CellIdentity.noinit(false), registeredPlmn: , accessTechnologySpecificInfo: android.hardware.radio.network.AccessTechnologySpecificInfo.noinit(false)} [PHONE1]
03-31 23:28:14.647  3049  4064 D NRM-C-1 : onRequestNetworkRegistrationInfoComplete result: 0, info: NetworkRegistrationInfo{ domain=PS transportType=WWAN registrationState=NOT_REG_OR_SEARCHING networkRegistrationState=NOT_REG_OR_SEARCHING roamingType=NOT_ROAMING accessNetworkTechnology=UNKNOWN rejectCause=0 emergencyEnabled=false availableServices=[] cellIdentity=null voiceSpecificInfo=null dataSpecificInfo=android.telephony.DataSpecificRegistrationInfo :{ maxDataCalls = 16 isDcNrRestricted = false isNrAvailable = false isEnDcAvailable = false mLteAttachResultType = 0 mLteAttachExtraInfo = 0 null } nrState=**** rRplmn= isUsingCarrierAggregation=false}
03-31 23:28:14.648  2250  2681 I am_proc_bound: [0,4391,com.qualcomm.qti.powersavemode]
03-31 23:28:14.651  3049  3049 D RILJ    : [0122]> OPERATOR [PHONE0]
03-31 23:28:14.654  3049  3370 D NRM-I-1 : onRequestNetworkRegistrationInfoComplete result: 0, info: NetworkRegistrationInfo{ domain=PS transportType=WLAN registrationState=NOT_REG_OR_SEARCHING networkRegistrationState=NOT_REG_OR_SEARCHING roamingType=NOT_ROAMING accessNetworkTechnology=UNKNOWN rejectCause=0 emergencyEnabled=false availableServices=[] cellIdentity=null voiceSpecificInfo=null dataSpecificInfo=null nrState=**** rRplmn= isUsingCarrierAggregation=false}
03-31 23:28:14.654  3049  3128 D RILJ    : [0121]< VOICE_REGISTRATION_STATE android.hardware.radio.network.RegStateResult{regState: NOT_REG_MT_SEARCHING_OP, rat: UNKNOWN, reasonForDenial: NONE, cellIdentity: android.hardware.radio.network.CellIdentity.noinit(false), registeredPlmn: , accessTechnologySpecificInfo: android.hardware.radio.network.AccessTechnologySpecificInfo.noinit(false)} [PHONE1]
03-31 23:28:14.655  3049  4064 D CellularNetworkService: No access tech specific info passes for RegStateResult
03-31 23:28:14.655  3049  4064 D NRM-C-1 : onRequestNetworkRegistrationInfoComplete result: 0, info: NetworkRegistrationInfo{ domain=CS transportType=WWAN registrationState=NOT_REG_SEARCHING networkRegistrationState=NOT_REG_SEARCHING roamingType=NOT_ROAMING accessNetworkTechnology=UNKNOWN rejectCause=0 emergencyEnabled=false availableServices=[] cellIdentity=null voiceSpecificInfo=VoiceSpecificRegistrationInfo { mCssSupported=false mRoamingIndicator=0 mSystemIsInPrl=0 mDefaultRoamingIndicator=0} dataSpecificInfo=null nrState=**** rRplmn= isUsingCarrierAggregation=false}
03-31 23:28:14.655  2250  2613 I notification_adjusted: [-1|android|32|null|1000,key_group_key,ranker_group]
03-31 23:28:14.657  3049  3340 D RILJ    : [0122]< OPERATOR {, , } [PHONE0]
03-31 23:28:14.658  2250  2681 I am_uid_active: 10149
03-31 23:28:14.659  3049  3128 D RILJ    : [0120]< QUERY_NETWORK_SELECTION_MODE {0} [PHONE1]
03-31 23:28:14.662  2250  2330 I am_proc_start: [0,4469,10112,com.sunmi.pay.hardware_v3,service,{com.sunmi.pay.hardware_v3/com.sunmi.pay.hardware.PayHardwareService}]
03-31 23:28:14.663   785   785 I auditd  : avc:  denied  { find } for pid=4244 uid=10121 name=vendor.qti.hardware.perf2.IPerf/default scontext=u:r:priv_app:s0:c512,c768 tcontext=u:object_r:default_android_service:s0 tclass=service_manager permissive=0
03-31 23:28:14.668  3049  4064 D RILJ    : [0124]> DATA_REGISTRATION_STATE [PHONE0]
03-31 23:28:14.668  3049  4064 D RILJ    : getDataRegistrationState: overrideHalVersion=null [PHONE0]
03-31 23:28:14.669  3049  3049 D RILJ    : [0123]> QUERY_NETWORK_SELECTION_MODE [PHONE0]
03-31 23:28:14.669  3049  3049 D SST     : [0] handleMessage: received event 7
03-31 23:28:14.669  3049  3049 D PhoneSwitcher: handle event - 111
03-31 23:28:14.669  3049  3049 D DNC-0   : handleMessage, msg.what = 16
03-31 23:28:14.669  3049  3049 D DNC-0   : onReevaluateExistingDataNetworks: No existing data networks to re-evaluate.
03-31 23:28:14.670  3049  3049 D DRM-1   : Remove all retry and throttling entries, reason=DATA_SERVICE_BOUND
03-31 23:28:14.670  3049  3049 D DRM-0   : Remove all retry and throttling entries, reason=DATA_SERVICE_BOUND
03-31 23:28:14.671  3049  3049 D QtiTelephonyNetworkFactory[0]: onNeedNetworkFor [NetworkRequest [ REQUEST id=45, [ Capabilities: INTERNET&NOT_RESTRICTED&TRUSTED&NOT_VCN_MANAGED Uid: 10117 RequestorUid: 10117 RequestorPkg: sunmi.remotemanager UnderlyingNetworks: Null] ], mPriority=20, state=UNSATISFIED, mAttachedDataNetwork=null, isMetered=true, created time=23:28:14.669, evaluation result=null] shouldApply false
03-31 23:28:14.671  3049  3049 D QtiTelephonyNetworkFactory[1]: onNeedNetworkFor [NetworkRequest [ REQUEST id=45, [ Capabilities: INTERNET&NOT_RESTRICTED&TRUSTED&NOT_VCN_MANAGED Uid: 10117 RequestorUid: 10117 RequestorPkg: sunmi.remotemanager UnderlyingNetworks: Null] ], mPriority=20, state=UNSATISFIED, mAttachedDataNetwork=null, isMetered=true, created time=23:28:14.671, evaluation result=null] shouldApply false
03-31 23:28:14.671  3049  3049 D SST     : [0] handleMessage: received event 101
03-31 23:28:14.671  3049  3049 D QtiTelephonyNetworkFactory[0]: got request NetworkRequest [ REQUEST id=49, [ Capabilities: INTERNET&NOT_RESTRICTED&TRUSTED&NOT_VCN_MANAGED Uid: 10098 RequestorUid: 1000 RequestorPkg: android UnderlyingNetworks: Null] ]
03-31 23:28:14.671  3049  3049 D SST     : [0] handleMessage: received event 102
03-31 23:28:14.671  3049  3049 D QtiTelephonyNetworkFactory[1]: got request NetworkRequest [ REQUEST id=49, [ Capabilities: INTERNET&NOT_RESTRICTED&TRUSTED&NOT_VCN_MANAGED Uid: 10098 RequestorUid: 1000 RequestorPkg: android UnderlyingNetworks: Null] ]
03-31 23:28:14.671  3049  3049 D SST     : [0] handleMessage: received event 14
03-31 23:28:14.672  3049  3049 D SST     : [0] EVENT_POLL_STATE_NETWORK_SELECTION_MODE
03-31 23:28:14.672  3049  3049 D DNC-0   : handleMessage, msg.what = 5
03-31 23:28:14.672  3049  3049 D DNC-0   : Re-evaluating 0 unsatisfied network requests in 0 groups,  due to TAC_CHANGED
03-31 23:28:14.672  3049  3049 D EmergencyNumberTracker: [0]updateEmergencyNumberListDatabaseAndNotify(): receiving countryIso: cn
03-31 23:28:14.674  3049  3340 D RILJ    : [0124]< DATA_REGISTRATION_STATE android.hardware.radio.network.RegStateResult{regState: NOT_REG_MT_SEARCHING_OP_EM, rat: EDGE, reasonForDenial: NONE, cellIdentity: android.hardware.radio.network.CellIdentity.gsm(android.hardware.radio.network.CellIdentityGsm{mcc: 460, mnc: 00, lac: 6156, cid: 6853, arfcn: 63, bsic: 49, operatorNames: android.hardware.radio.network.OperatorInfo{alphaLong: CHINA MOBILE, alphaShort: CMCC, operatorNumeric: 46000, status: 2}, additionalPlmns: []}), registeredPlmn: 46000, accessTechnologySpecificInfo: android.hardware.radio.network.AccessTechnologySpecificInfo.noinit(false)} [PHONE0]
03-31 23:28:14.676  3049  4064 D RILJ    : [0125]> VOICE_REGISTRATION_STATE [PHONE0]
03-31 23:28:14.676  3049  4064 D RILJ    : getVoiceRegistrationState: overrideHalVersion=null [PHONE0]
03-31 23:28:14.676  3049  4064 D CellularNetworkService: No access tech specific info passes for RegStateResult
03-31 23:28:14.676  3049  4064 D NRM-C-0 : onRequestNetworkRegistrationInfoComplete result: 0, info: NetworkRegistrationInfo{ domain=PS transportType=WWAN registrationState=NOT_REG_SEARCHING networkRegistrationState=NOT_REG_SEARCHING roamingType=NOT_ROAMING accessNetworkTechnology=EDGE rejectCause=0 emergencyEnabled=true availableServices=[EMERGENCY] cellIdentity=CellIdentityGsm:{ mLac=6156 mCid=6853 mArfcn=63 mBsic=0x31 mMcc=460 mMnc=00 mAlphaLong=CHINA MOBILE mAlphaShort=CMCC mAdditionalPlmns={}} voiceSpecificInfo=null dataSpecificInfo=android.telephony.DataSpecificRegistrationInfo :{ maxDataCalls = 16 isDcNrRestricted = false isNrAvailable = false isEnDcAvailable = false mLteAttachResultType = 0 mLteAttachExtraInfo = 0 null } nrState=**** rRplmn=46000 isUsingCarrierAggregation=false}
03-31 23:28:14.683  3049  3340 D RILJ    : [0123]< QUERY_NETWORK_SELECTION_MODE {0} [PHONE0]
03-31 23:28:14.686  3049  3340 D RILJ    : [0125]< VOICE_REGISTRATION_STATE android.hardware.radio.network.RegStateResult{regState: NOT_REG_MT_SEARCHING_OP_EM, rat: GSM, reasonForDenial: NONE, cellIdentity: android.hardware.radio.network.CellIdentity.gsm(android.hardware.radio.network.CellIdentityGsm{mcc: 460, mnc: 00, lac: 6156, cid: 6853, arfcn: 63, bsic: 49, operatorNames: android.hardware.radio.network.OperatorInfo{alphaLong: CHINA MOBILE, alphaShort: CMCC, operatorNumeric: 46000, status: 2}, additionalPlmns: []}), registeredPlmn: 46000, accessTechnologySpecificInfo: android.hardware.radio.network.AccessTechnologySpecificInfo.geranDtmSupported(false)} [PHONE0]
03-31 23:28:14.690  3049  3128 D NRM-I-0 : onRequestNetworkRegistrationInfoComplete result: 0, info: NetworkRegistrationInfo{ domain=PS transportType=WLAN registrationState=NOT_REG_OR_SEARCHING networkRegistrationState=NOT_REG_OR_SEARCHING roamingType=NOT_ROAMING accessNetworkTechnology=UNKNOWN rejectCause=0 emergencyEnabled=false availableServices=[] cellIdentity=null voiceSpecificInfo=null dataSpecificInfo=null nrState=**** rRplmn= isUsingCarrierAggregation=false}
03-31 23:28:14.690  3049  4064 D NRM-C-0 : onRequestNetworkRegistrationInfoComplete result: 0, info: NetworkRegistrationInfo{ domain=CS transportType=WWAN registrationState=NOT_REG_SEARCHING networkRegistrationState=NOT_REG_SEARCHING roamingType=NOT_ROAMING accessNetworkTechnology=GSM rejectCause=0 emergencyEnabled=true availableServices=[EMERGENCY] cellIdentity=CellIdentityGsm:{ mLac=6156 mCid=6853 mArfcn=63 mBsic=0x31 mMcc=460 mMnc=00 mAlphaLong=CHINA MOBILE mAlphaShort=CMCC mAdditionalPlmns={}} voiceSpecificInfo=VoiceSpecificRegistrationInfo { mCssSupported=false mRoamingIndicator=0 mSystemIsInPrl=0 mDefaultRoamingIndicator=0} dataSpecificInfo=null nrState=**** rRplmn=46000 isUsingCarrierAggregation=false}
03-31 23:28:14.698  3049  3049 D EmergencyNumberTracker: [0]cn asset emergency database is loaded. Ver: 2 Phone Id: 0 countryIso: cn
03-31 23:28:14.703  3049  3049 E EmergencyNumberTracker: [0]Cache ota emergency database IOException: java.io.FileNotFoundException: /data/misc/emergencynumberdb/emergency_number_db: open failed: ENOENT (No such file or directory)
03-31 23:28:14.703  3049  3049 D EmergencyNumberTracker: [0]Using Asset Emergency database. Version: 2
03-31 23:28:14.705  3049  3049 D EmergencyNumberTracker: [0]notifyEmergencyNumberList(): notified
03-31 23:28:14.705  3049  3049 D EmergencyNumberTracker: [1]updateEmergencyNumberListDatabaseAndNotify(): receiving countryIso: cn
03-31 23:28:14.704   882   882 I auditd  : type=1400 audit(0.0:141): avc:  denied  { read } for  comm="binder:882_2" name="event_count" dev="sysfs" ino=86049 scontext=u:r:system_suspend:s0 tcontext=u:object_r:sysfs:s0 tclass=file permissive=0
03-31 23:28:14.704   882   882 I auditd  : type=1400 audit(0.0:142): avc:  denied  { read } for  comm="binder:882_2" name="max_time_ms" dev="sysfs" ino=86054 scontext=u:r:system_suspend:s0 tcontext=u:object_r:sysfs:s0 tclass=file permissive=0
03-31 23:28:14.714  3049  3049 D EmergencyNumberTracker: [1]cn asset emergency database is loaded. Ver: 2 Phone Id: 1 countryIso: cn
03-31 23:28:14.714  3049  3049 E EmergencyNumberTracker: [1]Cache ota emergency database IOException: java.io.FileNotFoundException: /data/misc/emergencynumberdb/emergency_number_db: open failed: ENOENT (No such file or directory)
03-31 23:28:14.714  3049  3049 D EmergencyNumberTracker: [1]Using Asset Emergency database. Version: 2
03-31 23:28:14.717  3049  3049 D EmergencyNumberTracker: [1]notifyEmergencyNumberList(): notified
03-31 23:28:14.717  3049  3049 D SST     : [1] handleMessage: received event 7
03-31 23:28:14.717  3049  3049 D SST     : [1] handleMessage: received event 14
03-31 23:28:14.717  3049  3049 D SST     : [1] EVENT_POLL_STATE_NETWORK_SELECTION_MODE
03-31 23:28:14.717  3049  3049 D SST     : [1] handleMessage: received event 6
03-31 23:28:14.719  3049  3049 D RILJ    : [0126]> GET_CELL_INFO_LIST [PHONE1]
03-31 23:28:14.719  3049  3049 D EmergencyNumberTracker: [1]ACTION_NETWORK_COUNTRY_CHANGED: PhoneId: 1 CountryIso: 
03-31 23:28:14.721  3049  3049 D Phone   : isImsRegistered =false
03-31 23:28:14.721  3049  3049 E Phone   : [0] getUserHandle: ex=java.lang.IllegalArgumentException: [getSubscriptionUserHandle]: Invalid subscriptionId: -1
03-31 23:28:14.722  3049  3049 D ImsPhone: [0] mCurrentSubscriberUris is null
03-31 23:28:14.723  3049  3340 D RILJ    : [0126]< GET_CELL_INFO_LIST [] [PHONE1]
03-31 23:28:14.727  2250  2419 I commit_sys_config_file: [settings-0-0,11]
03-31 23:28:14.729  2250  2320 I wm_task_created: 170
03-31 23:28:14.738  2250  2320 I wm_task_moved: [170,170,0,1,2]
03-31 23:28:14.738  2250  2320 I wm_task_to_front: [0,170,0]
03-31 23:28:14.738  2250  2320 I wm_create_task: [0,170,170,0]
03-31 23:28:14.738  2250  2320 I wm_create_activity: [0,100145658,170,com.android.systemui/.usb.UsbDebuggingActivity,NULL,NULL,NULL,276824064]
03-31 23:28:14.738  3139  3139 I wm_on_top_resumed_lost_called: [122524921,com.android.launcher3.uioverrides.QuickstepLauncher,topStateChangedWhenResumed]
03-31 23:28:14.739  2250  2320 I wm_task_moved: [170,170,0,1,2]
03-31 23:28:14.748  2250  2320 I wm_pause_activity: [0,122524921,com.android.launcher3/.uioverrides.QuickstepLauncher,userLeaving=true,pauseBackTasks]
03-31 23:28:14.750  2250  2329 I am_uid_running: 10029
03-31 23:28:14.762  3139  3139 I wm_on_paused_called: [122524921,com.android.launcher3.uioverrides.QuickstepLauncher,performPause,0]
03-31 23:28:14.774  2250  4157 I wm_restart_activity: [0,100145658,170,com.android.systemui/.usb.UsbDebuggingActivity]
03-31 23:28:14.775  3049  3049 D ImsManagerIM [0]: ImsService not up yet - timeout waiting for connection.
03-31 23:28:14.776  2250  4157 I wm_set_resumed_activity: [0,com.android.systemui/.usb.UsbDebuggingActivity,minimalResumeActivityLocked - onActivityStateChanged]
03-31 23:28:14.777  2250  2320 I sysui_multi_action: [757,803,799,window_time_0,802,1]
03-31 23:28:14.780  2250  2400 I am_uid_running: 10030
03-31 23:28:14.791  2250  2324 I input_focus: [Requesting to set focus to null window,reason=UpdateInputWindows]
